11-06 16:42:48.952  1498  2625 I chatty  : uid=1000(system) Binder:1498_C identical 4 lines
11-06 16:42:48.956  1498  2625 D WindowManager: setVoiceControlEnable :1
11-06 16:42:50.985  1498 22507 I ActivityTaskManager: START u0 {cmp=com.sim.filemanager/.activities.FolderActivity (has extras)} from uid 10075
11-06 16:42:51.030  1498  2124 I ActivityTaskManager: The Process com.sim.filemanager Already Exists in BG. So sending its PID: 31568
11-06 16:42:51.030  1498  2124 W ActivityTaskManager: Tried to set launchTime (0) < mLastActivityLaunchTime (17279166)
11-06 16:42:51.032  1498  2124 D WindowManager: setVoiceControlEnable :1
11-06 16:42:51.032  1498  2124 D WindowManager: setVoiceControlEnable :1
11-06 16:42:51.581  1498  3293 E TaskPersister: File error accessing recents directory (directory doesn't exist?).
11-06 16:42:59.082  1498 22507 I ActivityTaskManager: START u0 {cmp=com.sim.filemanager/.activities.FolderActivity (has extras)} from uid 10075
11-06 16:42:59.132  1498 22507 I ActivityTaskManager: The Process com.sim.filemanager Already Exists in BG. So sending its PID: 31568
11-06 16:42:59.133  1498 22507 W ActivityTaskManager: Tried to set launchTime (0) < mLastActivityLaunchTime (17311057)
11-06 16:42:59.139  1498 22507 D WindowManager: setVoiceControlEnable :1
11-06 16:42:59.139  1498 22507 D WindowManager: setVoiceControlEnable :1
11-06 16:43:00.914  1498  2625 I ActivityTaskManager: START u0 {cmp=com.sim.filemanager/.activities.MediaPlayerActivity (has extras)} from uid 10075
11-06 16:43:00.949  1498 22507 I ActivityTaskManager: The Process com.sim.filemanager Already Exists in BG. So sending its PID: 31568
11-06 16:43:00.949  1498 22507 W ActivityTaskManager: Tried to set launchTime (0) < mLastActivityLaunchTime (17319164)
11-06 16:43:00.953  1498 22507 D WindowManager: setVoiceControlEnable :1
11-06 16:43:00.954  1498 22507 D WindowManager: setVoiceControlEnable :1
11-06 16:43:02.693  1498  3293 E TaskPersister: File error accessing recents directory (directory doesn't exist?).
11-06 16:43:03.903  1498  1953 D WindowManager: setVoiceControlEnable :1
11-06 16:43:03.903  1498  1953 I chatty  : uid=1000(system) Binder:1498_6 identical 1 line
11-06 16:43:03.908  1498  1953 D WindowManager: setVoiceControlEnable :1
11-06 16:43:04.808  1498  1953 E NotificationService: ledNotification: null
11-06 16:43:04.808  1498  1953 E NotificationService:  isInCall(): false
11-06 16:43:04.808  1498  1953 E NotificationService:  mScreenOn: true
11-06 16:43:04.808  1498  1953 E NotificationService:  mNotificationPulseEnabled: true
11-06 16:43:07.605  1498  3293 E TaskPersister: File error accessing recents directory (directory doesn't exist?).
11-06 16:43:13.220  1498  7930 D WindowManager: setVoiceControlEnable :1
11-06 16:43:13.220  1498  7930 I chatty  : uid=1000(system) Binder:1498_11 identical 1 line
11-06 16:43:13.224  1498  7930 D WindowManager: setVoiceControlEnable :1
11-06 16:43:16.826  1498  3293 E TaskPersister: File error accessing recents directory (directory doesn't exist?).
11-06 16:43:20.532  1498  7930 D WindowManager: setVoiceControlEnable :1
11-06 16:43:20.533  1498  7930 I chatty  : uid=1000(system) Binder:1498_11 identical 1 line
11-06 16:43:20.536  1498  7930 D WindowManager: setVoiceControlEnable :1
11-06 16:43:23.099  1498  1953 D WindowManager: setVoiceControlEnable :1
11-06 16:43:23.144  1498  2123 D WindowManager: setVoiceControlEnable :1
11-06 16:43:23.146  1498  2123 D WindowManager: setVoiceControlEnable :1
11-06 16:43:24.086  1498  3293 E TaskPersister: File error accessing recents directory (directory doesn't exist?).
11-06 16:43:27.182  1498  3293 E TaskPersister: File error accessing recents directory (directory doesn't exist?).
11-06 16:43:27.519  1498  1748 E NotificationService: ledNotification: null
11-06 16:43:27.519  1498  1748 E NotificationService:  isInCall(): false
11-06 16:43:27.519  1498  1748 E NotificationService:  mScreenOn: true
11-06 16:43:27.519  1498  1748 E NotificationService:  mNotificationPulseEnabled: true
11-06 16:43:27.568  1498  1748 I chatty  : uid=1000(system) InputReader identical 1 line
11-06 16:43:28.016  1498  1748 E NotificationService: ledNotification: null
11-06 16:43:28.016  1498  1748 E NotificationService:  isInCall(): false
11-06 16:43:28.016  1498  1748 E NotificationService:  mScreenOn: true
11-06 16:43:28.016  1498  1748 E NotificationService:  mNotificationPulseEnabled: true
11-06 16:43:29.396  1498  1545 I ActivityTaskManager: Config changes=20000000 {1.0 ?mcc?mnc [zh_CN] ldltr sw360dp w640dp h336dp 320dpi nrml long land -touch -keyb/v/h -nav/h winConfig={ mBounds=Rect(0, 0 - 1280, 720) mAppBounds=Rect(0, 0 - 1280, 720) mWindowingMode=fullscreen mDisplayWindowingMode=fullscreen mActivityType=undefined mAlwaysOnTop=undefined mRotation=ROTATION_0} s.832}
11-06 16:43:29.405  1498  1545 I WindowManager: Override config changes=20000000 {1.0 ?mcc?mnc [zh_CN] ldltr sw360dp w640dp h336dp 320dpi nrml long land -touch -keyb/v/h -nav/h winConfig={ mBounds=Rect(0, 0 - 1280, 720) mAppBounds=Rect(0, 0 - 1280, 720) mWindowingMode=fullscreen mDisplayWindowingMode=fullscreen mActivityType=undefined mAlwaysOnTop=undefined mRotation=ROTATION_0} s.832} for displayId=0
11-06 16:43:29.409  1498  1545 V WindowManager: Orientation start waiting for draw, mDrawState=DRAW_PENDING in Window{7d2e896 u0 com.sim.mousemode}, surfaceController Surface(name=)/@0x2b7ea55
11-06 16:43:29.409  1498  1545 V WindowManager: Orientation start waiting for draw, mDrawState=DRAW_PENDING in Window{4a18700 u0 ScreenDecorOverlayBottom}, surfaceController Surface(name=ScreenDecorOverlayBottom)/@0xe5ad3d7
11-06 16:43:29.409  1498  1545 V WindowManager: Orientation start waiting for draw, mDrawState=DRAW_PENDING in Window{6d85050 u0 ScreenDecorOverlay}, surfaceController Surface(name=ScreenDecorOverlay)/@0xd4c7f88
11-06 16:43:29.409  1498  1545 V WindowManager: Orientation start waiting for draw, mDrawState=DRAW_PENDING in Window{8ae073c u0 StatusBar}, surfaceController Surface(name=StatusBar)/@0x28bd9d5
11-06 16:43:29.409  1498  1545 V WindowManager: Orientation start waiting for draw, mDrawState=DRAW_PENDING in Window{e0b55bf u0 com.sim.launcher/com.sim.launcher.mvp.view.LauncherActivity}, surfaceController Surface(name=com.sim.launcher/com.sim.launcher.mvp.view.LauncherActivity)/@0x6129ae5
11-06 16:43:29.467  1498  2625 V WindowManager: Orientation start waiting for draw, mDrawState=DRAW_PENDING in Window{6d85050 u0 ScreenDecorOverlay}, surfaceController Surface(name=ScreenDecorOverlay)/@0xd4c7f88
11-06 16:43:29.481  1498  2625 V WindowManager: Orientation start waiting for draw, mDrawState=DRAW_PENDING in Window{4a18700 u0 ScreenDecorOverlayBottom}, surfaceController Surface(name=ScreenDecorOverlayBottom)/@0xe5ad3d7
11-06 16:43:29.497  1498  1546 I WindowManager: Screen frozen for +148ms due to Window{6d85050 u0 ScreenDecorOverlay}
11-06 16:43:34.222  1498  2625 I ActivityTaskManager: START u0 {flg=0x10000000 cmp=com.sim.my.camera/.PermissionActivity} from uid 1000
11-06 16:43:34.254  1498  1545 D CompatibilityChangeReporter: Compat change id reported: 135634846; UID 1000; state: DISABLED
11-06 16:43:34.274  1498  1575 I ActivityManager: Start proc 32312:com.sim.my.camera/1000 for pre-top-activity {com.sim.my.camera/com.sim.my.camera.PermissionActivity}
11-06 16:43:34.346  1498  7930 D WindowManager: setVoiceControlEnable :1
11-06 16:43:34.346  1498  7930 D WindowManager: setVoiceControlEnable :1
11-06 16:43:34.456  1498  2123 I ActivityTaskManager: START u0 {cmp=com.sim.my.camera/.MainActivity} from uid 1000
11-06 16:43:34.494  1498  1953 I ActivityTaskManager: The Process com.sim.my.camera Already Exists in BG. So sending its PID: 32312
11-06 16:43:34.494  1498  1953 W ActivityTaskManager: Tried to set launchTime (0) < mLastActivityLaunchTime (17354371)
11-06 16:43:34.496  1498  1953 D WindowManager: setVoiceControlEnable :1
11-06 16:43:34.496  1498  1953 D WindowManager: setVoiceControlEnable :1
11-06 16:43:34.959  1498  1953 D PowerManagerService: closeLaser
11-06 16:43:34.985 32312 32312 W ContextImpl: Calling a method in the system process without a qualified user: android.app.ContextImpl.bindService:1748 android.content.ContextWrapper.bindService:756 com.sim.my.camera.MainActivity.onResume:2554 android.app.Instrumentation.callActivityOnResume:1457 android.app.Activity.performResume:8129 
11-06 16:43:34.987  1498  2124 D CompatibilityChangeReporter: Compat change id reported: 136274596; UID 1000; state: ENABLED
11-06 16:43:37.820  1498  3293 E TaskPersister: File error accessing recents directory (directory doesn't exist?).
11-06 16:43:59.155  1498  2123 E AppOps  : Attribution not found: uid=1000 pkg=com.sim.my.camera(null) op=RECORD_AUDIO
11-06 16:44:00.868 32312 32541 W ContextImpl: Calling a method in the system process without a qualified user: android.app.ContextImpl.sendBroadcast:1111 android.content.ContextWrapper.sendBroadcast:468 com.sim.my.camera.MainActivity$31.run:4343 java.lang.Thread.run:923 <bottom of call stack> 
11-06 16:44:02.801  1498  1545 I ActivityTaskManager: Config changes=20000000 {1.0 ?mcc?mnc [zh_CN] ldltr sw360dp w640dp h336dp 320dpi nrml long land -touch -keyb/v/h -nav/h winConfig={ mBounds=Rect(0, 0 - 1280, 720) mAppBounds=Rect(0, 0 - 1280, 720) mWindowingMode=fullscreen mDisplayWindowingMode=fullscreen mActivityType=undefined mAlwaysOnTop=undefined mRotation=ROTATION_180} s.887}
11-06 16:44:02.815  1498  1545 I WindowManager: Override config changes=20000000 {1.0 ?mcc?mnc [zh_CN] ldltr sw360dp w640dp h336dp 320dpi nrml long land -touch -keyb/v/h -nav/h winConfig={ mBounds=Rect(0, 0 - 1280, 720) mAppBounds=Rect(0, 0 - 1280, 720) mWindowingMode=fullscreen mDisplayWindowingMode=fullscreen mActivityType=undefined mAlwaysOnTop=undefined mRotation=ROTATION_180} s.887} for displayId=0
11-06 16:44:02.823  1498  1545 V WindowManager: Orientation start waiting for draw, mDrawState=DRAW_PENDING in Window{7d2e896 u0 com.sim.mousemode}, surfaceController Surface(name=)/@0x2b7ea55
11-06 16:44:02.824  1498  1545 V WindowManager: Orientation start waiting for draw, mDrawState=DRAW_PENDING in Window{4a18700 u0 ScreenDecorOverlayBottom}, surfaceController Surface(name=ScreenDecorOverlayBottom)/@0xe5ad3d7
11-06 16:44:02.824  1498  1545 V WindowManager: Orientation start waiting for draw, mDrawState=DRAW_PENDING in Window{6d85050 u0 ScreenDecorOverlay}, surfaceController Surface(name=ScreenDecorOverlay)/@0xd4c7f88
11-06 16:44:02.824  1498  1545 V WindowManager: Orientation start waiting for draw, mDrawState=DRAW_PENDING in Window{8ae073c u0 StatusBar}, surfaceController Surface(name=StatusBar)/@0x28bd9d5
11-06 16:44:02.824  1498  1545 V WindowManager: Orientation start waiting for draw, mDrawState=DRAW_PENDING in Window{7d6738e u0 Toast}, surfaceController Surface(name=Toast)/@0x2016666
11-06 16:44:02.824  1498  1545 V WindowManager: Orientation start waiting for draw, mDrawState=DRAW_PENDING in Window{e8010f6 u0 com.sim.my.camera/com.sim.my.camera.MainActivity}, surfaceController Surface(name=com.sim.my.camera/com.sim.my.camera.MainActivity)/@0xafdda7
11-06 16:44:02.884  1498  1953 V WindowManager: Orientation start waiting for draw, mDrawState=DRAW_PENDING in Window{6d85050 u0 ScreenDecorOverlay}, surfaceController Surface(name=ScreenDecorOverlay)/@0xd4c7f88
11-06 16:44:02.916  1498 28751 V WindowManager: Orientation start waiting for draw, mDrawState=DRAW_PENDING in Window{4a18700 u0 ScreenDecorOverlayBottom}, surfaceController Surface(name=ScreenDecorOverlayBottom)/@0xe5ad3d7
11-06 16:44:02.933  1498  1546 I WindowManager: Screen frozen for +199ms due to Window{4a18700 u0 ScreenDecorOverlayBottom}
11-06 16:44:05.993  1498  2625 W NotificationService: Toast already killed. pkg=com.sim.my.camera token=android.os.BinderProxy@5bb38f0
11-06 16:44:09.613  1498  1953 I ActivityTaskManager: START u0 {cmp=com.sim.filemanager/.activities.HomeActivity} from uid 1000
11-06 16:44:09.674  1498  2625 I ActivityTaskManager: The Process com.sim.filemanager Already Exists in BG. So sending its PID: 31568
11-06 16:44:09.675  1498  2625 W ActivityTaskManager: Tried to set launchTime (0) < mLastActivityLaunchTime (17320977)
11-06 16:44:09.679  1498  2625 D WindowManager: setVoiceControlEnable :1
11-06 16:44:09.679  1498  2625 D WindowManager: setVoiceControlEnable :1
11-06 16:44:09.688  1498  1545 D OomAdjuster: App adj change from cached state to fg state : 31568 com.sim.filemanager
11-06 16:44:10.602 32312 32312 W ContextImpl: Calling a method in the system process without a qualified user: android.app.ContextImpl.sendBroadcast:1111 android.content.ContextWrapper.sendBroadcast:468 android.hardware.camera2.impl.CameraDeviceImpl.close:1350 com.sim.my.camera.MainActivity.closeCamera:1146 com.sim.my.camera.MainActivity.onStop:1049 
11-06 16:44:10.607  1498  1573 I DropBoxManagerService: add tag=system_server_wtf isTagEnabled=true flags=0x2
11-06 16:44:10.621  1498  7930 D PowerManagerService: closeLaser
11-06 16:44:11.287  1498  7930 I ActivityTaskManager: START u0 {cmp=com.sim.filemanager/.activities.FolderActivity (has extras)} from uid 10075
11-06 16:44:11.313  1498  2123 I ActivityTaskManager: The Process com.sim.filemanager Already Exists in BG. So sending its PID: 31568
11-06 16:44:11.316  1498  2123 W ActivityTaskManager: Tried to set launchTime (0) < mLastActivityLaunchTime (17389702)
11-06 16:44:11.323  1498  2123 D WindowManager: setVoiceControlEnable :1
11-06 16:44:13.187  1498  2123 I chatty  : uid=1000(system) Binder:1498_9 identical 3 lines
11-06 16:44:13.189  1498  2123 D WindowManager: setVoiceControlEnable :1
11-06 16:44:13.235  1498  3293 E TaskPersister: File error accessing recents directory (directory doesn't exist?).
11-06 16:44:13.913  1498  2124 I ActivityTaskManager: START u0 {cmp=com.sim.filemanager/.activities.FolderActivity (has extras)} from uid 10075
11-06 16:44:13.945  1498  2124 I ActivityTaskManager: The Process com.sim.filemanager Already Exists in BG. So sending its PID: 31568
11-06 16:44:13.946  1498  2124 W ActivityTaskManager: Tried to set launchTime (0) < mLastActivityLaunchTime (17391346)
11-06 16:44:13.949  1498  2124 D WindowManager: setVoiceControlEnable :1
11-06 16:44:13.949  1498  2124 D WindowManager: setVoiceControlEnable :1
11-06 16:44:15.072  1498  1953 I ActivityTaskManager: START u0 {cmp=com.sim.filemanager/.activities.MediaPlayerActivity (has extras)} from uid 10075
11-06 16:44:15.104  1498  7930 I ActivityTaskManager: The Process com.sim.filemanager Already Exists in BG. So sending its PID: 31568
11-06 16:44:15.105  1498  7930 W ActivityTaskManager: Tried to set launchTime (0) < mLastActivityLaunchTime (17393973)
11-06 16:44:15.109  1498  7930 D WindowManager: setVoiceControlEnable :1
11-06 16:44:15.109  1498  7930 D WindowManager: setVoiceControlEnable :1
11-06 16:44:16.974  1498  1498 W WindowManager: removeWindowToken: Attempted to remove non-existing token: android.os.Binder@5d4c953
11-06 16:44:17.324  1498  3293 E TaskPersister: File error accessing recents directory (directory doesn't exist?).
11-06 16:44:20.353  1498  1545 I ActivityTaskManager: Config changes=20000000 {1.0 ?mcc?mnc [zh_CN] ldltr sw360dp w640dp h336dp 320dpi nrml long land -touch -keyb/v/h -nav/h winConfig={ mBounds=Rect(0, 0 - 1280, 720) mAppBounds=Rect(0, 0 - 1280, 720) mWindowingMode=fullscreen mDisplayWindowingMode=fullscreen mActivityType=undefined mAlwaysOnTop=undefined mRotation=ROTATION_0} s.943}
11-06 16:44:20.366  1498  1545 I WindowManager: Override config changes=20000000 {1.0 ?mcc?mnc [zh_CN] ldltr sw360dp w640dp h336dp 320dpi nrml long land -touch -keyb/v/h -nav/h winConfig={ mBounds=Rect(0, 0 - 1280, 720) mAppBounds=Rect(0, 0 - 1280, 720) mWindowingMode=fullscreen mDisplayWindowingMode=fullscreen mActivityType=undefined mAlwaysOnTop=undefined mRotation=ROTATION_0} s.943} for displayId=0
11-06 16:44:20.373  1498  1545 V WindowManager: Orientation start waiting for draw, mDrawState=DRAW_PENDING in Window{7d2e896 u0 com.sim.mousemode}, surfaceController Surface(name=)/@0x2b7ea55
11-06 16:44:20.373  1498  1545 V WindowManager: Orientation start waiting for draw, mDrawState=DRAW_PENDING in Window{4a18700 u0 ScreenDecorOverlayBottom}, surfaceController Surface(name=ScreenDecorOverlayBottom)/@0xe5ad3d7
11-06 16:44:20.373  1498  1545 V WindowManager: Orientation start waiting for draw, mDrawState=DRAW_PENDING in Window{6d85050 u0 ScreenDecorOverlay}, surfaceController Surface(name=ScreenDecorOverlay)/@0xd4c7f88
11-06 16:44:20.373  1498  1545 V WindowManager: Orientation start waiting for draw, mDrawState=DRAW_PENDING in Window{8ae073c u0 StatusBar}, surfaceController Surface(name=StatusBar)/@0x28bd9d5
11-06 16:44:20.374  1498  1545 V WindowManager: Orientation start waiting for draw, mDrawState=DRAW_PENDING in Window{9a5b91b u0 com.sim.filemanager/com.sim.filemanager.activities.MediaPlayerActivity}, surfaceController Surface(name=com.sim.filemanager/com.sim.filemanager.activities.MediaPlayerActivity)/@0x68b28e2
11-06 16:44:20.434  1498 28751 V WindowManager: Orientation start waiting for draw, mDrawState=DRAW_PENDING in Window{6d85050 u0 ScreenDecorOverlay}, surfaceController Surface(name=ScreenDecorOverlay)/@0xd4c7f88
11-06 16:44:20.445  1498  7930 V WindowManager: Orientation start waiting for draw, mDrawState=DRAW_PENDING in Window{4a18700 u0 ScreenDecorOverlayBottom}, surfaceController Surface(name=ScreenDecorOverlayBottom)/@0xe5ad3d7
11-06 16:44:20.474  1498  1546 I WindowManager: Screen frozen for +175ms due to Window{6d85050 u0 ScreenDecorOverlay}
11-06 16:44:35.239  1498  7930 W WindowManager: removeWindowToken: Attempted to remove non-existing token: android.os.Binder@4306063
11-06 16:44:35.241  1498  2124 I NotificationService: cancelToast pkg=com.sim.filemanager token=android.os.BinderProxy@e18c042
11-06 16:44:35.242  1498  2124 W WindowManager: removeWindowToken: Attempted to remove non-existing token: android.os.Binder@4306063
11-06 16:44:38.222  1498  1545 W WindowManager: Unable to start animation, surface is null or no children.
11-06 16:44:41.939  1498  1586 E KernelCpuSpeedReader: Failed to read cpu-freq: /sys/devices/system/cpu/cpu4/cpufreq/stats/time_in_state: open failed: ENOENT (No such file or directory)
11-06 16:44:41.939  1498  1586 E KernelCpuSpeedReader: Failed to read cpu-freq: /sys/devices/system/cpu/cpu0/cpufreq/stats/time_in_state: open failed: ENOENT (No such file or directory)
11-06 16:44:41.960  1498  1498 W Looper  : Slow dispatch took 108ms main h=android.os.Handler c=com.android.server.-$$Lambda$BatteryService$D1kwd7L7yyqN5niz3KWkTepVmUk@f288a45 m=0
11-06 16:44:42.020  1498  1586 W BatteryExternalStatsWorker: modem info is invalid: ModemActivityInfo{ mTimestamp=0 mSleepTimeMs=0 mIdleTimeMs=0 mTransmitPowerInfo[]=[TransmitPower{ mTimeInMillis=0 mPowerRangeInDbm={-2147483648,0}}, TransmitPower{ mTimeInMillis=0 mPowerRangeInDbm={0,5}}, TransmitPower{ mTimeInMillis=0 mPowerRangeInDbm={5,15}}, TransmitPower{ mTimeInMillis=0 mPowerRangeInDbm={15,20}}, TransmitPower{ mTimeInMillis=0 mPowerRangeInDbm={20,2147483647}}] mRxTimeMs=0}
11-06 16:44:43.856  1498  1563 I UsbPortManager: ClientCallback V1_2: port0
11-06 16:44:43.857  1498  1542 I UsbPortManager: USB port changed: port=UsbPort{id=port0, supportedModes=dual, audio_accsupportedContaminantProtectionModes=5supportsEnableContaminantPresenceProtection=falsesupportsEnableContaminantPresenceDetection=false, status=UsbPortStatus{connected=false, currentMode=none, currentPowerRole=no-power, currentDataRole=no-data, supportedRoleCombinations=[no-power:no-data], contaminantDetectionStatus=2, contaminantProtectionStatus=1}, canChangeMode=true, canChangePowerRole=false, canChangeDataRole=false, connectedAtMillis=0, lastConnectDurationMillis=1125513
11-06 16:44:44.902  1498  1542 D UsbDeviceManager: Clear notification
11-06 16:44:44.915  1498  1498 E NotificationService: ledNotification: null
11-06 16:44:44.915  1498  1498 E NotificationService:  isInCall(): false
11-06 16:44:44.915  1498  1498 E NotificationService:  mScreenOn: true
11-06 16:44:44.915  1498  1498 E NotificationService:  mNotificationPulseEnabled: true
11-06 16:44:44.920  1498  1498 E NotificationService: ledNotification: null
11-06 16:44:44.920  1498  1498 E NotificationService:  isInCall(): false
11-06 16:44:44.920  1498  1498 E NotificationService:  mScreenOn: true
11-06 16:44:44.920  1498  1498 E NotificationService:  mNotificationPulseEnabled: true
11-06 16:44:46.243  1498  1498 W WindowManager: removeWindowToken: Attempted to remove non-existing token: android.os.Binder@4306063
11-06 16:44:57.183  1498  1586 E KernelCpuSpeedReader: Failed to read cpu-freq: /sys/devices/system/cpu/cpu0/cpufreq/stats/time_in_state: open failed: ENOENT (No such file or directory)
11-06 16:44:57.183  1498  1586 E KernelCpuSpeedReader: Failed to read cpu-freq: /sys/devices/system/cpu/cpu4/cpufreq/stats/time_in_state: open failed: ENOENT (No such file or directory)
11-06 16:45:02.602  1498  1545 I ActivityTaskManager: Config changes=20000000 {1.0 ?mcc?mnc [zh_CN] ldltr sw360dp w640dp h336dp 320dpi nrml long land -touch -keyb/v/h -nav/h winConfig={ mBounds=Rect(0, 0 - 1280, 720) mAppBounds=Rect(0, 0 - 1280, 720) mWindowingMode=fullscreen mDisplayWindowingMode=fullscreen mActivityType=undefined mAlwaysOnTop=undefined mRotation=ROTATION_180} s.999}
11-06 16:45:02.610  1498  1545 I WindowManager: Override config changes=20000000 {1.0 ?mcc?mnc [zh_CN] ldltr sw360dp w640dp h336dp 320dpi nrml long land -touch -keyb/v/h -nav/h winConfig={ mBounds=Rect(0, 0 - 1280, 720) mAppBounds=Rect(0, 0 - 1280, 720) mWindowingMode=fullscreen mDisplayWindowingMode=fullscreen mActivityType=undefined mAlwaysOnTop=undefined mRotation=ROTATION_180} s.999} for displayId=0
11-06 16:45:02.614  1498  1545 V WindowManager: Orientation start waiting for draw, mDrawState=DRAW_PENDING in Window{7d2e896 u0 com.sim.mousemode}, surfaceController Surface(name=)/@0x2b7ea55
11-06 16:45:02.614  1498  1545 V WindowManager: Orientation start waiting for draw, mDrawState=DRAW_PENDING in Window{4a18700 u0 ScreenDecorOverlayBottom}, surfaceController Surface(name=ScreenDecorOverlayBottom)/@0xe5ad3d7
11-06 16:45:02.614  1498  1545 V WindowManager: Orientation start waiting for draw, mDrawState=DRAW_PENDING in Window{6d85050 u0 ScreenDecorOverlay}, surfaceController Surface(name=ScreenDecorOverlay)/@0xd4c7f88
11-06 16:45:02.614  1498  1545 V WindowManager: Orientation start waiting for draw, mDrawState=DRAW_PENDING in Window{8ae073c u0 StatusBar}, surfaceController Surface(name=StatusBar)/@0x28bd9d5
11-06 16:45:02.615  1498  1545 V WindowManager: Orientation start waiting for draw, mDrawState=DRAW_PENDING in Window{9a5b91b u0 com.sim.filemanager/com.sim.filemanager.activities.MediaPlayerActivity}, surfaceController Surface(name=com.sim.filemanager/com.sim.filemanager.activities.MediaPlayerActivity)/@0x68b28e2
11-06 16:45:02.637  1498 28751 V WindowManager: Orientation start waiting for draw, mDrawState=DRAW_PENDING in Window{4a18700 u0 ScreenDecorOverlayBottom}, surfaceController Surface(name=ScreenDecorOverlayBottom)/@0xe5ad3d7
11-06 16:45:02.653  1498 28751 V WindowManager: Orientation start waiting for draw, mDrawState=DRAW_PENDING in Window{6d85050 u0 ScreenDecorOverlay}, surfaceController Surface(name=ScreenDecorOverlay)/@0xd4c7f88
11-06 16:45:02.678  1498  1546 I WindowManager: Screen frozen for +134ms due to Window{6d85050 u0 ScreenDecorOverlay}
11-06 16:45:11.022  1498  1563 I UsbPortManager: ClientCallback V1_2: port0
11-06 16:45:11.022  1498  1542 I UsbPortManager: USB port changed: port=UsbPort{id=port0, supportedModes=dual, audio_accsupportedContaminantProtectionModes=5supportsEnableContaminantPresenceProtection=falsesupportsEnableContaminantPresenceDetection=false, status=UsbPortStatus{connected=true, currentMode=ufp, currentPowerRole=sink, currentDataRole=device, supportedRoleCombinations=[source:host, sink:device], contaminantDetectionStatus=2, contaminantProtectionStatus=1}, canChangeMode=true, canChangePowerRole=false, canChangeDataRole=false, connectedAtMillis=18690687, lastConnectDurationMillis=0
11-06 16:45:11.398  1498  1544 I EntropyMixer: Writing entropy...
11-06 16:45:11.489  1498  1586 E KernelCpuSpeedReader: Failed to read cpu-freq: /sys/devices/system/cpu/cpu0/cpufreq/stats/time_in_state: open failed: ENOENT (No such file or directory)
11-06 16:45:11.489  1498  1586 E KernelCpuSpeedReader: Failed to read cpu-freq: /sys/devices/system/cpu/cpu4/cpufreq/stats/time_in_state: open failed: ENOENT (No such file or directory)
11-06 16:45:11.535  1498  1586 W BatteryExternalStatsWorker: modem info is invalid: ModemActivityInfo{ mTimestamp=0 mSleepTimeMs=0 mIdleTimeMs=0 mTransmitPowerInfo[]=[TransmitPower{ mTimeInMillis=0 mPowerRangeInDbm={-2147483648,0}}, TransmitPower{ mTimeInMillis=0 mPowerRangeInDbm={0,5}}, TransmitPower{ mTimeInMillis=0 mPowerRangeInDbm={5,15}}, TransmitPower{ mTimeInMillis=0 mPowerRangeInDbm={15,20}}, TransmitPower{ mTimeInMillis=0 mPowerRangeInDbm={20,2147483647}}] mRxTimeMs=0}
11-06 16:45:11.706  1498  1542 D UsbDeviceManager: push notification:       USB       
11-06 16:45:11.912  1498  1498 W NotificationHistory: Attempted to add notif for locked/gone/disabled user 0
11-06 16:45:11.923  1498  1498 W NotificationHistory: Attempted to add notif for locked/gone/disabled user 0
11-06 16:45:33.724  1498  1953 D WindowManager: setVoiceControlEnable :1
11-06 16:45:35.308  1498  1953 I chatty  : uid=1000(system) Binder:1498_6 identical 4 lines
11-06 16:45:35.314  1498  1953 D WindowManager: setVoiceControlEnable :1
11-06 16:45:37.037  1498  1543 I ActivityTaskManager: START u0 {act=android.intent.action.MAIN cat=[android.intent.category.HOME] flg=0x10000100 cmp=com.sim.launcher/.mvp.view.LauncherActivity (has extras)} from uid 0
11-06 16:45:37.054  1498  1543 D WindowManager: setVoiceControlEnable :1
11-06 16:45:37.061  1498  1543 I chatty  : uid=1000(system) android.ui identical 1 line
11-06 16:45:37.063  1498  1543 D WindowManager: setVoiceControlEnable :1
11-06 16:45:37.832  1498  1531 D OomAdjuster: App adj change from previous state to cached state : 32312 com.sim.my.camera
11-06 16:45:37.838  1498  1545 I ActivityTaskManager: Config changes=20000000 {1.0 ?mcc?mnc [zh_CN] ldltr sw360dp w640dp h336dp 320dpi nrml long land -touch -keyb/v/h -nav/h winConfig={ mBounds=Rect(0, 0 - 1280, 720) mAppBounds=Rect(0, 0 - 1280, 720) mWindowingMode=fullscreen mDisplayWindowingMode=fullscreen mActivityType=undefined mAlwaysOnTop=undefined mRotation=ROTATION_0} s.1055}
11-06 16:45:37.852  1498  1545 I WindowManager: Override config changes=20000000 {1.0 ?mcc?mnc [zh_CN] ldltr sw360dp w640dp h336dp 320dpi nrml long land -touch -keyb/v/h -nav/h winConfig={ mBounds=Rect(0, 0 - 1280, 720) mAppBounds=Rect(0, 0 - 1280, 720) mWindowingMode=fullscreen mDisplayWindowingMode=fullscreen mActivityType=undefined mAlwaysOnTop=undefined mRotation=ROTATION_0} s.1055} for displayId=0
11-06 16:45:37.860  1498  1545 V WindowManager: Orientation start waiting for draw, mDrawState=DRAW_PENDING in Window{7d2e896 u0 com.sim.mousemode}, surfaceController Surface(name=)/@0x2b7ea55
11-06 16:45:37.860  1498  1545 V WindowManager: Orientation start waiting for draw, mDrawState=DRAW_PENDING in Window{4a18700 u0 ScreenDecorOverlayBottom}, surfaceController Surface(name=ScreenDecorOverlayBottom)/@0xe5ad3d7
11-06 16:45:37.860  1498  1545 V WindowManager: Orientation start waiting for draw, mDrawState=DRAW_PENDING in Window{6d85050 u0 ScreenDecorOverlay}, surfaceController Surface(name=ScreenDecorOverlay)/@0xd4c7f88
11-06 16:45:37.860  1498  1545 V WindowManager: Orientation start waiting for draw, mDrawState=DRAW_PENDING in Window{8ae073c u0 StatusBar}, surfaceController Surface(name=StatusBar)/@0x28bd9d5
11-06 16:45:37.860  1498  1545 V WindowManager: Orientation start waiting for draw, mDrawState=DRAW_PENDING in Window{e0b55bf u0 com.sim.launcher/com.sim.launcher.mvp.view.LauncherActivity}, surfaceController Surface(name=com.sim.launcher/com.sim.launcher.mvp.view.LauncherActivity)/@0x77423ce
11-06 16:45:37.907  1498  2625 V WindowManager: Orientation start waiting for draw, mDrawState=DRAW_PENDING in Window{6d85050 u0 ScreenDecorOverlay}, surfaceController Surface(name=ScreenDecorOverlay)/@0xd4c7f88
11-06 16:45:37.920  1498  1531 V WindowManager: Orientation start waiting for draw, mDrawState=DRAW_PENDING in Window{4a18700 u0 ScreenDecorOverlayBottom}, surfaceController Surface(name=ScreenDecorOverlayBottom)/@0xe5ad3d7
11-06 16:45:37.926  1498  3293 E TaskPersister: File error accessing recents directory (directory doesn't exist?).
11-06 16:45:37.937  1498  1546 I WindowManager: Screen frozen for +147ms due to Window{4a18700 u0 ScreenDecorOverlayBottom}
11-06 16:45:38.998  1498  1953 I ActivityTaskManager: START u0 {flg=0x20000000 cmp=com.sim.launcher/.MyProgramsActivity} from uid 1000
11-06 16:45:39.025  1498  2625 I ActivityTaskManager: The Process com.sim.launcher Already Exists in BG. So sending its PID: 3431
11-06 16:45:39.026  1498  2625 W ActivityTaskManager: Tried to set launchTime (0) < mLastActivityLaunchTime (14255114)
11-06 16:45:39.030  1498  2625 D WindowManager: setVoiceControlEnable :1
11-06 16:45:39.054  3431  3431 W ContextImpl: Calling a method in the system process without a qualified user: android.app.ContextImpl.bindService:1748 android.content.ContextWrapper.bindService:756 com.sim.launcher.MyProgramsActivity.bindVoiceService:356 com.sim.launcher.MyProgramsActivity.onResume:300 android.app.Instrumentation.callActivityOnResume:1457 
11-06 16:45:40.413  1498  1545 I ActivityTaskManager: Config changes=20000000 {1.0 ?mcc?mnc [zh_CN] ldltr sw360dp w640dp h336dp 320dpi nrml long land -touch -keyb/v/h -nav/h winConfig={ mBounds=Rect(0, 0 - 1280, 720) mAppBounds=Rect(0, 0 - 1280, 720) mWindowingMode=fullscreen mDisplayWindowingMode=fullscreen mActivityType=undefined mAlwaysOnTop=undefined mRotation=ROTATION_180} s.1111}
11-06 16:45:40.418  1498  1545 I WindowManager: Override config changes=20000000 {1.0 ?mcc?mnc [zh_CN] ldltr sw360dp w640dp h336dp 320dpi nrml long land -touch -keyb/v/h -nav/h winConfig={ mBounds=Rect(0, 0 - 1280, 720) mAppBounds=Rect(0, 0 - 1280, 720) mWindowingMode=fullscreen mDisplayWindowingMode=fullscreen mActivityType=undefined mAlwaysOnTop=undefined mRotation=ROTATION_180} s.1111} for displayId=0
11-06 16:45:40.423  1498  1545 V WindowManager: Orientation start waiting for draw, mDrawState=DRAW_PENDING in Window{7d2e896 u0 com.sim.mousemode}, surfaceController Surface(name=)/@0x2b7ea55
11-06 16:45:40.423  1498  1545 V WindowManager: Orientation start waiting for draw, mDrawState=DRAW_PENDING in Window{ef68db u0 com.sim.simvoicecontrol}, surfaceController Surface(name=)/@0x4391eb6
11-06 16:45:40.423  1498  1545 V WindowManager: Orientation start waiting for draw, mDrawState=DRAW_PENDING in Window{4a18700 u0 ScreenDecorOverlayBottom}, surfaceController Surface(name=ScreenDecorOverlayBottom)/@0xe5ad3d7
11-06 16:45:40.423  1498  1545 V WindowManager: Orientation start waiting for draw, mDrawState=DRAW_PENDING in Window{6d85050 u0 ScreenDecorOverlay}, surfaceController Surface(name=ScreenDecorOverlay)/@0xd4c7f88
11-06 16:45:40.423  1498  1545 V WindowManager: Orientation start waiting for draw, mDrawState=DRAW_PENDING in Window{8ae073c u0 StatusBar}, surfaceController Surface(name=StatusBar)/@0x28bd9d5
11-06 16:45:40.423  1498  1545 V WindowManager: Orientation start waiting for draw, mDrawState=DRAW_PENDING in Window{cff6473 u0 com.sim.launcher/com.sim.launcher.MyProgramsActivity}, surfaceController Surface(name=com.sim.launcher/com.sim.launcher.MyProgramsActivity)/@0xa71b7b7
11-06 16:45:40.463  1498  1953 V WindowManager: Orientation start waiting for draw, mDrawState=DRAW_PENDING in Window{6d85050 u0 ScreenDecorOverlay}, surfaceController Surface(name=ScreenDecorOverlay)/@0xd4c7f88
11-06 16:45:40.478  1498  2123 V WindowManager: Orientation start waiting for draw, mDrawState=DRAW_PENDING in Window{4a18700 u0 ScreenDecorOverlayBottom}, surfaceController Surface(name=ScreenDecorOverlayBottom)/@0xe5ad3d7
11-06 16:45:40.507  1498  1546 I WindowManager: Screen frozen for +137ms due to Window{6d85050 u0 ScreenDecorOverlay}
11-06 16:45:51.004  1498 22557 I ActivityTaskManager: START u0 {flg=0x10000000 cmp=org.ovsyun.ovmeet/.LauncherActivity} from uid 1000
11-06 16:45:51.074  1498  8123 I ActivityTaskManager: The Process org.ovsyun.ovmeet Already Exists in BG. So sending its PID: 28758
11-06 16:45:51.116  1498  8123 I ActivityTaskManager: Config changes=20000000 {1.0 ?mcc?mnc [zh_CN] ldltr sw360dp w640dp h336dp 320dpi nrml long land -touch -keyb/v/h -nav/h winConfig={ mBounds=Rect(0, 0 - 1280, 720) mAppBounds=Rect(0, 0 - 1280, 720) mWindowingMode=fullscreen mDisplayWindowingMode=fullscreen mActivityType=undefined mAlwaysOnTop=undefined mRotation=ROTATION_0} s.1167}
11-06 16:45:51.121  1498  8123 I WindowManager: Override config changes=20000000 {1.0 ?mcc?mnc [zh_CN] ldltr sw360dp w640dp h336dp 320dpi nrml long land -touch -keyb/v/h -nav/h winConfig={ mBounds=Rect(0, 0 - 1280, 720) mAppBounds=Rect(0, 0 - 1280, 720) mWindowingMode=fullscreen mDisplayWindowingMode=fullscreen mActivityType=undefined mAlwaysOnTop=undefined mRotation=ROTATION_0} s.1167} for displayId=0
11-06 16:45:51.128  1498  8123 D WindowManager: setVoiceControlEnable :1
11-06 16:45:51.128  1498  8123 D WindowManager: setVoiceControlEnable :1
11-06 16:45:51.130  1498  8123 V WindowManager: Orientation start waiting for draw, mDrawState=DRAW_PENDING in Window{7d2e896 u0 com.sim.mousemode}, surfaceController Surface(name=)/@0x2b7ea55
11-06 16:45:51.130  1498  8123 V WindowManager: Orientation start waiting for draw, mDrawState=DRAW_PENDING in Window{4a18700 u0 ScreenDecorOverlayBottom}, surfaceController Surface(name=ScreenDecorOverlayBottom)/@0xe5ad3d7
11-06 16:45:51.130  1498  8123 V WindowManager: Orientation start waiting for draw, mDrawState=DRAW_PENDING in Window{6d85050 u0 ScreenDecorOverlay}, surfaceController Surface(name=ScreenDecorOverlay)/@0xd4c7f88
11-06 16:45:51.130  1498  8123 V WindowManager: Orientation start waiting for draw, mDrawState=DRAW_PENDING in Window{8ae073c u0 StatusBar}, surfaceController Surface(name=StatusBar)/@0x28bd9d5
11-06 16:45:51.138  1498  1545 D OomAdjuster: App adj change from cached state to fg state : 28758 org.ovsyun.ovmeet
11-06 16:45:51.156  1498  2625 V WindowManager: Orientation start waiting for draw, mDrawState=DRAW_PENDING in Window{7b537a2 u0 Splash Screen org.ovsyun.ovmeet}, surfaceController Surface(name=Splash Screen org.ovsyun.ovmeet)/@0xefab908
11-06 16:45:51.171  1498  2625 V WindowManager: Orientation start waiting for draw, mDrawState=DRAW_PENDING in Window{6d85050 u0 ScreenDecorOverlay}, surfaceController Surface(name=ScreenDecorOverlay)/@0xd4c7f88
11-06 16:45:51.210  1498 28751 V WindowManager: Orientation start waiting for draw, mDrawState=DRAW_PENDING in Window{4a18700 u0 ScreenDecorOverlayBottom}, surfaceController Surface(name=ScreenDecorOverlayBottom)/@0xe5ad3d7
11-06 16:45:51.588  1498  1545 V WindowManager: Orientation start waiting for draw, mDrawState=DRAW_PENDING in Window{7d2e896 u0 com.sim.mousemode}, surfaceController Surface(name=)/@0x2b7ea55
11-06 16:45:51.589  1498  1545 V WindowManager: Orientation start waiting for draw, mDrawState=DRAW_PENDING in Window{6d85050 u0 ScreenDecorOverlay}, surfaceController Surface(name=ScreenDecorOverlay)/@0xd4c7f88
11-06 16:45:51.589  1498  1545 V WindowManager: Orientation start waiting for draw, mDrawState=DRAW_PENDING in Window{7b537a2 u0 Splash Screen org.ovsyun.ovmeet}, surfaceController Surface(name=Splash Screen org.ovsyun.ovmeet)/@0xefab908
11-06 16:45:51.589  1498  1545 V WindowManager: Orientation start waiting for draw, mDrawState=DRAW_PENDING in Window{b5ab4aa u0 org.ovsyun.ovmeet/org.ovsyun.ovmeet.LauncherActivity}, surfaceController Surface(name=org.ovsyun.ovmeet/org.ovsyun.ovmeet.LauncherActivity)/@0x538084d
11-06 16:45:51.699  1498  1546 V WindowManager: Orientation start waiting for draw, mDrawState=DRAW_PENDING in Window{f077176 u0 Toast}, surfaceController Surface(name=Toast)/@0x78fd013
11-06 16:45:51.803  1498  1546 I WindowManager: Screen frozen for +727ms due to Window{f077176 u0 Toast}
11-06 16:45:53.401  1498  8123 W NotificationService: Toast already killed. pkg=org.ovsyun.ovmeet token=android.os.BinderProxy@ce26fdc
11-06 16:45:53.853  1498 22507 I ActivityTaskManager: START u0 {cmp=org.ovsyun.ovmeet/.UpdateLoadingActivity (has extras)} from uid 10212
11-06 16:45:53.909  1498  2625 I ActivityTaskManager: The Process org.ovsyun.ovmeet Already Exists in BG. So sending its PID: 28758
11-06 16:45:53.910  1498  2625 W ActivityTaskManager: Tried to set launchTime (0) < mLastActivityLaunchTime (17491153)
11-06 16:45:53.914  1498  2625 D WindowManager: setVoiceControlEnable :1
11-06 16:45:53.914  1498  2625 D WindowManager: setVoiceControlEnable :1
11-06 16:45:54.310  1498  8123 I ActivityTaskManager: START u0 {cmp=org.ovsyun.ovmeet/.CallActivity (has extras)} from uid 10212
11-06 16:45:54.352  1498 22507 I ActivityTaskManager: The Process org.ovsyun.ovmeet Already Exists in BG. So sending its PID: 28758
11-06 16:45:54.354  1498 22507 W ActivityTaskManager: Tried to set launchTime (0) < mLastActivityLaunchTime (17493938)
11-06 16:45:54.358  1498 22507 D WindowManager: setVoiceControlEnable :1
11-06 16:45:54.358  1498 22507 D WindowManager: setVoiceControlEnable :1
11-06 16:45:54.439  1498 22507 D CompatibilityChangeReporter: Compat change id reported: 136274596; UID 10212; state: ENABLED
11-06 16:45:54.677  1498  2625 D CompatibilityChangeReporter: Compat change id reported: 135634846; UID 10212; state: DISABLED
11-06 16:45:54.678  1498  1575 D CompatibilityChangeReporter: Compat change id reported: 143937733; UID 10212; state: ENABLED
11-06 16:45:54.702  1498  1575 I ActivityManager: Start proc 628:com.google.android.webview:sandboxed_process0:org.chromium.content.app.SandboxedProcessService0:0/u0i7 for  {org.ovsyun.ovmeet/org.chromium.content.app.SandboxedProcessService0:0}
11-06 16:45:54.756  1498 22507 D CompatibilityChangeReporter: Compat change id reported: 136274596; UID 10212; state: ENABLED
11-06 16:45:54.821  1498 22507 D ConnectivityService: requestNetwork for uid/pid:10212/28758 NetworkRequest [ TRACK_DEFAULT id=74, [ Capabilities: INTERNET&NOT_RESTRICTED&TRUSTED Uid: 10212 AdministratorUids: [] RequestorUid: 10212 RequestorPackageName: org.ovsyun.ovmeet] ]
11-06 16:45:54.824  1498  1813 D ConnectivityService: NetReassign [74 : null    100]
11-06 16:45:54.827  1498  1813 D ConnectivityService: NetReassign [no changes]
11-06 16:45:55.054  1498  1545 W WindowManager: Unable to start animation, surface is null or no children.
11-06 16:45:55.133 28758 28758 E ActivityThread: Failed to find provider info for com.rokid.ai.glass.instruct.server.status
11-06 16:45:55.190  1498  3293 E TaskPersister: File error accessing recents directory (directory doesn't exist?).
11-06 16:45:55.872  1498  1545 I ActivityManager: PendingStartActivityUids startActivity to updateOomAdj delay:1512ms, uid:10212
11-06 16:45:57.800  1498  8123 D ConnectivityService: requestNetwork for uid/pid:10212/28758 NetworkRequest [ REQUEST id=76, [ Transports: CELLULAR Capabilities: INTERNET&NOT_RESTRICTED&TRUSTED&NOT_VPN Uid: 10212 AdministratorUids: [] RequestorUid: 10212 RequestorPackageName: org.ovsyun.ovmeet] ]
11-06 16:45:57.801  1498  1813 D ConnectivityService: NetReassign [no changes]
11-06 16:45:57.803  1498  1813 D ConnectivityService: NetReassign [no changes]
11-06 16:45:57.818  1498  2625 W NotificationService: Toast already killed. pkg=org.ovsyun.ovmeet token=android.os.BinderProxy@75225b5
11-06 16:45:58.380  1498  2516 I Telecom : CallAudioRouteStateMachine: Message received: SPEAKER_ON=1006, arg1=0: CARSM.mSPCR->CARSM.pM_SPEAKER_ON@Ar0
11-06 16:45:58.381  1498  2516 I Telecom : QuiescentEarpieceRoute: Processing message SPEAKER_ON: CARSM.mSPCR->CARSM.pM_SPEAKER_ON@Ar0
11-06 16:45:59.189  1498  2625 I Telecom : BluetoothPhoneService: isCsCallInProgress: false
11-06 16:45:59.207  1498  2516 I Telecom : CallAudioRouteStateMachine: Message received: SPEAKER_ON=1006, arg1=0: CARSM.mSPCR->CARSM.pM_SPEAKER_ON@AsA
11-06 16:45:59.207  1498  2516 I Telecom : QuiescentEarpieceRoute: Processing message SPEAKER_ON: CARSM.mSPCR->CARSM.pM_SPEAKER_ON@AsA
11-06 16:45:59.311  1498  8151 I Telecom : BluetoothPhoneService: isCsCallInProgress: false
11-06 16:45:59.314  1498  8151 I chatty  : uid=1000(system) Binder:1498_13 identical 1 line
11-06 16:45:59.316  1498  8151 I Telecom : BluetoothPhoneService: isCsCallInProgress: false
11-06 16:45:59.426  1498  3293 E TaskPersister: File error accessing recents directory (directory doesn't exist?).
11-06 16:45:59.490  1498  1498 W Looper  : Slow dispatch took 161ms main h=android.app.ActivityThread$H c=android.app.-$$Lambda$LoadedApk$ReceiverDispatcher$Args$_BumDX2UKsnxLVrE6UJsJZkotuA@d585b05 m=0
11-06 16:45:59.490  1498  1498 I Telecom : BluetoothStateReceiver: Device CC:14:BC:18:C0:EE transitioned to audio state 10: BSR.oR@AsE
11-06 16:45:59.492  1498  1498 D NotificationService: 0|org.ovsyun.ovmeet|1|null|10212: granting content://settings/system/notification_sound
11-06 16:45:59.492  1498  1498 D NotificationService: 0|org.ovsyun.ovmeet|1|null|10212: granting content://settings/system/notification_sound
11-06 16:45:59.492  1498  2511 I Telecom : BluetoothRouteManager: Message received: BT_AUDIO_LOST.: BSR.oR->BRM.pM_201@AsE
11-06 16:45:59.492  1498  2511 I Telecom : BluetoothRouteManager: Received HFP off for device CC:14:BC:18:C0:EE while HFP off.: BSR.oR->BRM.pM_201@AsE
11-06 16:45:59.492  1498  1498 D NotificationService: 0|org.ovsyun.ovmeet|1|null|10212: granting content://settings/system/notification_sound
11-06 16:45:59.493  1498  2516 I Telecom : CallAudioRouteStateMachine: Message received: UPDATE_SYSTEM_AUDIO_ROUTE=1201, arg1=0: BSR.oR->BRM.pM_201->CARSM.pM_UPDATE_SYSTEM_AUDIO_ROUTE@AsE
11-06 16:45:59.493  1498  2516 I Telecom : QuiescentEarpieceRoute: Processing message UPDATE_SYSTEM_AUDIO_ROUTE: BSR.oR->BRM.pM_201->CARSM.pM_UPDATE_SYSTEM_AUDIO_ROUTE@AsE
11-06 16:45:59.494  1498  1498 W NotificationHistory: Attempted to add notif for locked/gone/disabled user 0
11-06 16:45:59.500  1498  2516 I Telecom : CallAudioRouteStateMachine: setSystemAudioState: changing from [AudioState isMuted: false, route: EARPIECE, supportedRouteMask: EARPIECE, SPEAKER, activeBluetoothDevice: [null], supportedBluetoothDevices: []] to [AudioState isMuted: false, route: EARPIECE, supportedRouteMask: EARPIECE, SPEAKER, activeBluetoothDevice: [null], supportedBluetoothDevices: []]: BSR.oR->BRM.pM_201->CARSM.pM_UPDATE_SYSTEM_AUDIO_ROUTE@AsE
11-06 16:46:04.393  1498  1498 W WindowManager: removeWindowToken: Attempted to remove non-existing token: android.os.Binder@a389823
11-06 16:46:06.355  1498 28751 W NotificationService: Toast already killed. pkg=org.ovsyun.ovmeet token=android.os.BinderProxy@4038328
11-06 16:46:08.806  1498  1498 W WindowManager: removeWindowToken: Attempted to remove non-existing token: android.os.Binder@7fccca4
11-06 16:46:17.339  1498  1498 W WindowManager: removeWindowToken: Attempted to remove non-existing token: android.os.Binder@2026b0c
11-06 16:46:47.965  1498  1498 E NotificationService: ledNotification: null
11-06 16:46:47.965  1498  1498 E NotificationService:  isInCall(): false
11-06 16:46:47.965  1498  1498 E NotificationService:  mScreenOn: true
11-06 16:46:47.965  1498  1498 E NotificationService:  mNotificationPulseEnabled: true
11-06 16:46:47.978  1498  2123 D WindowManager: setVoiceControlEnable :1
11-06 16:46:48.043  1498  2625 D WindowManager: setVoiceControlEnable :1
11-06 16:46:48.046  1498  2625 D WindowManager: setVoiceControlEnable :1
11-06 16:46:48.080  3431  3431 W ContextImpl: Calling a method in the system process without a qualified user: android.app.ContextImpl.bindService:1748 android.content.ContextWrapper.bindService:756 com.sim.launcher.MyProgramsActivity.bindVoiceService:356 com.sim.launcher.MyProgramsActivity.onResume:300 android.app.Instrumentation.callActivityOnResume:1457 
11-06 16:46:48.339  1498  1813 D ConnectivityService: releasing NetworkRequest [ REQUEST id=76, [ Transports: CELLULAR Capabilities: INTERNET&NOT_RESTRICTED&TRUSTED&NOT_VPN Uid: 10212 AdministratorUids: [] RequestorUid: 10212 RequestorPackageName: org.ovsyun.ovmeet] ] (release request)
11-06 16:46:50.019  1498 22507 I ActivityTaskManager: START u0 {flg=0x10000000 cmp=org.ovsyun.ovmeet/.LauncherActivity} from uid 1000
11-06 16:46:50.057  1498 22507 I ActivityTaskManager: The Process org.ovsyun.ovmeet Already Exists in BG. So sending its PID: 28758
11-06 16:46:50.057  1498 22507 W ActivityTaskManager: Tried to set launchTime (0) < mLastActivityLaunchTime (17494382)
11-06 16:46:50.059  1498 22507 D WindowManager: setVoiceControlEnable :1
11-06 16:46:50.059  1498 22507 D WindowManager: setVoiceControlEnable :1
11-06 16:46:50.068  1498  1545 D OomAdjuster: App adj change from cached state to fg state : 28758 org.ovsyun.ovmeet
11-06 16:46:50.202  1498  1813 D ConnectivityService: releasing NetworkRequest [ TRACK_DEFAULT id=74, [ Capabilities: INTERNET&NOT_RESTRICTED&TRUSTED Uid: 10212 AdministratorUids: [] RequestorUid: 10212 RequestorPackageName: org.ovsyun.ovmeet] ] (release request)
11-06 16:46:50.222  1498  8123 I ActivityManager: Killing 628:com.google.android.webview:sandboxed_process0:org.chromium.content.app.SandboxedProcessService0:0/u0a212i7 (adj 0): isolated not needed
11-06 16:46:50.275  1498  1586 E KernelCpuSpeedReader: Failed to read cpu-freq: /sys/devices/system/cpu/cpu4/cpufreq/stats/time_in_state: open failed: ENOENT (No such file or directory)
11-06 16:46:50.275  1498  1586 E KernelCpuSpeedReader: Failed to read cpu-freq: /sys/devices/system/cpu/cpu0/cpufreq/stats/time_in_state: open failed: ENOENT (No such file or directory)
11-06 16:46:52.395  1498  2123 W NotificationService: Toast already killed. pkg=org.ovsyun.ovmeet token=android.os.BinderProxy@36bf8d9
11-06 16:46:52.689  1498  2625 I ActivityTaskManager: START u0 {cmp=org.ovsyun.ovmeet/.UpdateLoadingActivity (has extras)} from uid 10212
11-06 16:46:52.704  1498  2123 I ActivityTaskManager: The Process org.ovsyun.ovmeet Already Exists in BG. So sending its PID: 28758
11-06 16:46:52.705  1498  2123 W ActivityTaskManager: Tried to set launchTime (0) < mLastActivityLaunchTime (17550084)
11-06 16:46:52.708  1498  2123 D WindowManager: setVoiceControlEnable :1
11-06 16:46:52.708  1498  2123 D WindowManager: setVoiceControlEnable :1
11-06 16:46:52.945  1498 22557 I ActivityTaskManager: START u0 {cmp=org.ovsyun.ovmeet/.CallActivity (has extras)} from uid 10212
11-06 16:46:52.983  1498 28751 I ActivityTaskManager: The Process org.ovsyun.ovmeet Already Exists in BG. So sending its PID: 28758
11-06 16:46:52.983  1498 28751 W ActivityTaskManager: Tried to set launchTime (0) < mLastActivityLaunchTime (17552732)
11-06 16:46:52.988  1498 28751 D WindowManager: setVoiceControlEnable :1
11-06 16:46:52.988  1498 28751 D WindowManager: setVoiceControlEnable :1
11-06 16:46:53.099  1498 22557 D ConnectivityService: requestNetwork for uid/pid:10212/28758 NetworkRequest [ TRACK_DEFAULT id=78, [ Capabilities: INTERNET&NOT_RESTRICTED&TRUSTED Uid: 10212 AdministratorUids: [] RequestorUid: 10212 RequestorPackageName: org.ovsyun.ovmeet] ]
11-06 16:46:53.100  1498  1813 D ConnectivityService: NetReassign [78 : null    100]
11-06 16:46:53.104  1498  1813 D ConnectivityService: NetReassign [no changes]
11-06 16:46:53.382 28758 28758 E ActivityThread: Failed to find provider info for com.rokid.ai.glass.instruct.server.status
11-06 16:46:54.045  1498  1545 W WindowManager: Unable to start animation, surface is null or no children.
11-06 16:46:54.696  1498  3293 E TaskPersister: File error accessing recents directory (directory doesn't exist?).
11-06 16:46:55.792  1498 22557 D ConnectivityService: requestNetwork for uid/pid:10212/28758 NetworkRequest [ REQUEST id=80, [ Transports: CELLULAR Capabilities: INTERNET&NOT_RESTRICTED&TRUSTED&NOT_VPN Uid: 10212 AdministratorUids: [] RequestorUid: 10212 RequestorPackageName: org.ovsyun.ovmeet] ]
11-06 16:46:55.793  1498  1813 D ConnectivityService: NetReassign [no changes]
11-06 16:46:55.809  1498  1813 D ConnectivityService: NetReassign [no changes]
11-06 16:46:56.459  1498  2123 W NotificationService: Toast already killed. pkg=org.ovsyun.ovmeet token=android.os.BinderProxy@8513d93
11-06 16:46:56.618  1498 28751 D CompatibilityChangeReporter: Compat change id reported: 135634846; UID 10212; state: DISABLED
11-06 16:46:56.618  1498  1575 D CompatibilityChangeReporter: Compat change id reported: 143937733; UID 10212; state: ENABLED
11-06 16:46:56.654  1498  1575 I ActivityManager: Start proc 1433:com.google.android.webview:sandboxed_process0:org.chromium.content.app.SandboxedProcessService0:1/u0i8 for  {org.ovsyun.ovmeet/org.chromium.content.app.SandboxedProcessService0:1}
11-06 16:46:56.657  1498 28751 I Telecom : BluetoothPhoneService: isCsCallInProgress: false
11-06 16:46:56.664  1498  2516 I Telecom : CallAudioRouteStateMachine: Message received: SPEAKER_ON=1006, arg1=0: CARSM.mSPCR->CARSM.pM_SPEAKER_ON@AsY
11-06 16:46:56.664  1498  2516 I Telecom : QuiescentEarpieceRoute: Processing message SPEAKER_ON: CARSM.mSPCR->CARSM.pM_SPEAKER_ON@AsY
11-06 16:46:56.731  1498  8123 I Telecom : BluetoothPhoneService: isCsCallInProgress: false
11-06 16:46:56.735  1498 28751 D CompatibilityChangeReporter: Compat change id reported: 136274596; UID 10212; state: ENABLED
11-06 16:46:56.741  1498  8123 I Telecom : BluetoothPhoneService: isCsCallInProgress: false
11-06 16:46:56.751  1498 28751 I Telecom : BluetoothPhoneService: isCsCallInProgress: false
11-06 16:46:56.806  1498  1498 I Telecom : BluetoothStateReceiver: Device CC:14:BC:18:C0:EE transitioned to audio state 10: BSR.oR@Asc
