11-06 17:02:13.719 19207 19355 D Avrcp_ext: AudioManager Player: AudioPlaybackConfiguration piid:2231 type:android.media.MediaPlayer u/pid:1000/1498 state:idle attr:AudioAttributes: usage=USAGE_ASSISTANCE_SONIFICATION content=CONTENT_TYPE_SONIFICATION flags=0x800 tags= bundle=null
11-06 17:02:13.719 19207 19355 D Avrcp_ext: AudioManager isPlaying: false
11-06 17:02:13.721   750 19336 I vendor.qti.bluetooth@1.0-ibs_handler: ProcessIbsCmd: Received IBS_WAKE_ACK: 0xFC
11-06 17:02:13.721   750 19336 I vendor.qti.bluetooth@1.0-ibs_handler: ProcessIbsCmd: Signal wack_cond_
11-06 17:02:13.721   750   750 D vendor.qti.bluetooth@1.0-ibs_handler: DeviceWakeUp: Unblocked from waiting for FC
11-06 17:02:13.721  1082  2703 D GenericSource: FileSource remote
11-06 17:02:13.721   750 19336 I vendor.qti.bluetooth@1.0-ibs_handler: ProcessIbsCmd: Received IBS_WAKE_IND: 0xFD
11-06 17:02:13.721   750 19336 I vendor.qti.bluetooth@1.0-ibs_handler: ProcessIbsCmd: Writing IBS_WAKE_ACK
11-06 17:02:13.727  1498  1586 E KernelCpuSpeedReader: Failed to read cpu-freq: /sys/devices/system/cpu/cpu0/cpufreq/stats/time_in_state: open failed: ENOENT (No such file or directory)
11-06 17:02:13.728  1498  1586 E KernelCpuSpeedReader: Failed to read cpu-freq: /sys/devices/system/cpu/cpu4/cpufreq/stats/time_in_state: open failed: ENOENT (No such file or directory)
11-06 17:02:13.734  1074  1578 I MMParserExtractor: Created(0xb400006e14e0a7f0)
11-06 17:02:13.735  1074  1578 E Utils   : did not find channel-count and/or sample-rate
11-06 17:02:13.735  1074  1578 E Utils   : did not find channel-count and/or sample-rate
11-06 17:02:13.737  1074 29236 D MediaBufferGroup: creating MemoryDealer
11-06 17:02:13.761   516   516 I hwservicemanager: getTransport: Cannot find entry android.hardware.power.stats@1.0::IPowerStats/default in either framework or device manifest.
11-06 17:02:13.762   750 19336 I vendor.qti.bluetooth@1.0-ibs_handler: ProcessIbsCmd: Received IBS_SLEEP_IND: 0xFE
11-06 17:02:13.762   516   516 I hwservicemanager: getTransport: Cannot find entry android.hardware.power@1.0::IPower/default in either framework or device manifest.
11-06 17:02:13.767  1498  1586 W BatteryExternalStatsWorker: modem info is invalid: ModemActivityInfo{ mTimestamp=0 mSleepTimeMs=0 mIdleTimeMs=0 mTransmitPowerInfo[]=[TransmitPower{ mTimeInMillis=0 mPowerRangeInDbm={-2147483648,0}}, TransmitPower{ mTimeInMillis=0 mPowerRangeInDbm={0,5}}, TransmitPower{ mTimeInMillis=0 mPowerRangeInDbm={5,15}}, TransmitPower{ mTimeInMillis=0 mPowerRangeInDbm={15,20}}, TransmitPower{ mTimeInMillis=0 mPowerRangeInDbm={20,2147483647}}] mRxTimeMs=0}
11-06 17:02:13.955   616   709 W Netd    : SIMT: subsystem found in netlink event: android_usb, ACTION: 3
11-06 17:02:13.959  1498  1542 D UsbDeviceManager: push notification:       USB       
11-06 17:02:13.991  3060  2649 I adbd    : USB event: FUNCTIONFS_ENABLE
11-06 17:02:13.993  3060  2705 I adbd    : UsbFfs-worker thread spawned
11-06 17:02:13.993   616   709 W Netd    : SIMT: subsystem found in netlink event: android_usb, ACTION: 3
11-06 17:02:14.164  1498  1498 W NotificationHistory: Attempted to add notif for locked/gone/disabled user 0
11-06 17:02:14.184  1931  1931 D InterruptionStateProvider: No heads up: unimportant notification: -1|android|32|null|1000
11-06 17:02:14.201  1931  1931 W NotifBindPipeline: Row is not set so pipeline will not run. notif = -1|android|26|null|1000
11-06 17:02:14.312  1931  1931 D StatusBar: disable<e i a s b h r c s > disable2<q i n >
11-06 17:02:14.312  1931  1931 W TouchableRegionManager: onHeadsUpPinnedModeChanged
11-06 17:02:14.328   804   804 D vendor.qti.vibrator: QTI Vibrator off
11-06 17:02:14.365  2207  2207 W PhoneInterfaceManager: Timeout Waiting for CellInfo!
11-06 17:02:14.394  1931  1931 D EmergencyButton: requestCellInfoUpdate.onCellInfo is null or empty
11-06 17:02:14.721   750 19341 I vendor.qti.bluetooth@1.0-ibs_handler: DeviceSleep: TX Awake, Sending SLEEP_IND
11-06 17:02:14.721   750 19341 D vendor.qti.bluetooth@1.0-ibs_handler: SerialClockVote: vote for UART CLK OFF
11-06 17:02:14.751  3060  3060 I adbd    : UsbFfs: already offline
11-06 17:02:14.751  3060  3060 I adbd    : Calling send_auth_request...
11-06 17:02:14.760  3060  3060 I adbd    : adbd_auth: loading keys from /data/misc/adb/adb_keys
11-06 17:02:14.765  3060  3060 I adbd    : adb client authorized
11-06 17:02:14.872   750 19275 D vendor.qti.bluetooth@1.0-wake_lock: Release wakelock is released 
11-06 17:02:15.829  2709  2709 W app_process: type=1400 audit(0.0:3320): avc: denied { read } for name="u:object_r:device_config_runtime_native_boot_prop:s0" dev="tmpfs" ino=10345 scontext=u:r:shell:s0 tcontext=u:object_r:device_config_runtime_native_boot_prop:s0 tclass=file permissive=0
11-06 17:02:15.829  2709  2709 W app_process: type=1400 audit(0.0:3321): avc: denied { read } for name="u:object_r:device_config_runtime_native_boot_prop:s0" dev="tmpfs" ino=10345 scontext=u:r:shell:s0 tcontext=u:object_r:device_config_runtime_native_boot_prop:s0 tclass=file permissive=0
11-06 17:02:15.829  2709  2709 I chatty  : uid=2000(shell) main identical 1 line
11-06 17:02:15.830  2709  2709 D AndroidRuntime: >>>>>> START com.android.internal.os.RuntimeInit uid 2000 <<<<<<
11-06 17:02:15.833  2709  2709 W app_process: type=1400 audit(0.0:3323): avc: denied { read } for name="u:object_r:device_config_runtime_native_boot_prop:s0" dev="tmpfs" ino=10345 scontext=u:r:shell:s0 tcontext=u:object_r:device_config_runtime_native_boot_prop:s0 tclass=file permissive=0
11-06 17:02:15.833  2709  2709 E libc    : Access denied finding property "persist.device_config.runtime_native_boot.profilebootclasspath"
11-06 17:02:15.833  2709  2709 E libc    : Access denied finding property "persist.device_config.runtime_native_boot.enable_apex_image"
11-06 17:02:15.833  2709  2709 I AndroidRuntime: Using default boot image
11-06 17:02:15.833  2709  2709 E libc    : Access denied finding property "persist.device_config.runtime_native_boot.disable_lock_profiling"
11-06 17:02:15.833  2709  2709 I AndroidRuntime: Leaving lock profiling enabled
11-06 17:02:15.833  2709  2709 E libc    : Access denied finding property "persist.device_config.runtime_native_boot.enable_generational_cc"
11-06 17:02:15.938  2709  2709 D app_process: Time zone APEX ICU file found: /apex/com.android.tzdata/etc/icu/icu_tzdata.dat
11-06 17:02:15.938  2709  2709 D app_process: I18n APEX ICU file found: /apex/com.android.i18n/etc/icu/icudt66l.dat
11-06 17:02:15.972  2709  2709 W app_process: JNI RegisterNativeMethods: attempt to register 0 native methods for android.media.AudioAttributes
11-06 17:02:15.982  2709  2709 D AndroidRuntime: Calling main entry com.genymobile.scrcpy.Server
11-06 17:02:15.984  2709  2709 I scrcpy  : Device: SIMT Argooz R700 (Android 11)
11-06 17:02:15.987   616   709 W Netd    : SIMT: subsystem found in netlink event: power_supply, ACTION: 3
11-06 17:02:15.996   616   709 W Netd    : SIMT: subsystem found in netlink event: power_supply, ACTION: 3
11-06 17:02:15.998  3947  3947 D HighTemperatureReceiver: Receive action: android.intent.action.BATTERY_CHANGED
11-06 17:02:15.998  3431  2734 I chatty  : uid=1000(system) com.sim.launcher expire 2 lines
11-06 17:02:16.007  1931  1931 D KeyguardUpdateMonitor: received broadcast android.intent.action.BATTERY_CHANGED
11-06 17:02:16.017  3431  2738 I chatty  : uid=1000(system) com.sim.launcher expire 2 lines
11-06 17:02:16.020  2709  2709 I app_process: Thread[1,tid=2709,Native,Thread*=0xb400006f802e67b0,peer=0x12c02b68,"main"] recursive attempt to load library "libmedia_jni.so"
11-06 17:02:16.020  1931  1931 D KeyguardUpdateMonitor: handleBatteryUpdate
11-06 17:02:16.020  3947  3947 D HighTemperatureReceiver: Receive action: android.intent.action.BATTERY_CHANGED
11-06 17:02:16.020  2709  2709 I app_process: Thread[1,tid=2709,Native,Thread*=0xb400006f802e67b0,peer=0x12c02b68,"main"] recursive attempt to load library "libmedia_jni.so"
11-06 17:02:16.020  2709  2709 D MtpDeviceJNI: register_android_mtp_MtpDevice
11-06 17:02:16.021  2709  2709 I app_process: Thread[1,tid=2709,Native,Thread*=0xb400006f802e67b0,peer=0x12c02b68,"main"] recursive attempt to load library "libmedia_jni.so"
11-06 17:02:16.021  2709  2709 I app_process: Thread[1,tid=2709,Native,Thread*=0xb400006f802e67b0,peer=0x12c02b68,"main"] recursive attempt to load library "libmedia_jni.so"
11-06 17:02:16.028  1931  1931 D KeyguardUpdateMonitor: received broadcast android.intent.action.BATTERY_CHANGED
11-06 17:02:16.036  2709  2742 I OMXClient: IOmx service obtained
11-06 17:02:16.037  1092  6898 I OMXMaster: makeComponentInstance(OMX.qcom.video.encoder.avc) in android.hardwar process
11-06 17:02:16.039  1092  6898 D PlatformConfig: getInstance: Enter
11-06 17:02:16.039  1092  6898 D PlatformConfig: getInt32: Returning default
11-06 17:02:16.039  1092  6898 D PlatformConfig: getInstance: Enter
11-06 17:02:16.039  1092  6898 D PlatformConfig: getInt32 Config name: vidc_no_vpss value: 1
11-06 17:02:16.039  1092  6898 D PlatformConfig: getInstance: Enter
11-06 17:02:16.039  1092  6898 D PlatformConfig: getInt32 Config name: vidc_enc_log_in value: 0
11-06 17:02:16.039  1092  6898 D PlatformConfig: getInstance: Enter
11-06 17:02:16.039  1092  6898 D PlatformConfig: getInt32 Config name: vidc_enc_log_out value: 0
11-06 17:02:16.039  1092  6898 D PlatformConfig: getInstance: Enter
11-06 17:02:16.039  1092  6898 D PlatformConfig: getInt32 Config name: vidc_enc_csc_custom_matrix value: 0
11-06 17:02:16.039  1092  6898 D PlatformConfig: getInstance: Enter
11-06 17:02:16.039  1092  6898 D PlatformConfig: getInt32: Returning default
11-06 17:02:16.039  1092  6898 D PlatformConfig: getInstance: Enter
11-06 17:02:16.039  1092  6898 D PlatformConfig: getInt32 Config name: vidc_disable_hdr value: 3
11-06 17:02:16.039  1092  6898 D PlatformConfig: getInstance: Enter
11-06 17:02:16.039  1092  6898 D PlatformConfig: getInt32: Returning default
11-06 17:02:16.039  1092  6898 D PlatformConfig: getInstance: Enter
11-06 17:02:16.039  1092  6898 D PlatformConfig: getInt32: Returning default
11-06 17:02:16.039  1092  6898 D PlatformConfig: getInstance: Enter
11-06 17:02:16.039  1092  6898 D PlatformConfig: getInt32 Config name: vidc_enc_quality_boost_enable value: 1
11-06 17:02:16.040  1931  1931 D KeyguardUpdateMonitor: handleBatteryUpdate
11-06 17:02:16.052  1092  6898 I OMX-VENC: Component_init : OMX.qcom.video.encoder.avc : return = 0x0
11-06 17:02:16.059  2709  2709 E liusd   : ------------start format monitor---------------
11-06 17:02:16.059  2709  2709 E liusd   : entry.getKey():max-fps-to-encoder
11-06 17:02:16.059  2709  2709 E liusd   : entry.getValue():30.0
11-06 17:02:16.059  2709  2709 E liusd   : i:0
11-06 17:02:16.059  2709  2709 E liusd   : entry.getKey():color-format
11-06 17:02:16.059  2709  2709 E liusd   : entry.getValue():2130708361
11-06 17:02:16.059  2709  2709 E liusd   : i:1
11-06 17:02:16.059  2709  2709 E liusd   : entry.getKey():i-frame-interval
11-06 17:02:16.059  2709  2709 E liusd   : entry.getValue():10
11-06 17:02:16.059  2709  2709 E liusd   : i:2
11-06 17:02:16.059  2709  2709 E liusd   : entry.getKey():mime
11-06 17:02:16.059  2709  2709 E liusd   : entry.getValue():video/avc
11-06 17:02:16.059  2709  2709 E liusd   : i:3
11-06 17:02:16.059  2709  2709 E liusd   : entry.getKey():width
11-06 17:02:16.059  2709  2709 E liusd   : entry.getValue():1280
11-06 17:02:16.059  2709  2709 E liusd   : i:4
11-06 17:02:16.059  2709  2709 E liusd   : entry.getKey():bitrate
11-06 17:02:16.059  2709  2709 E liusd   : entry.getValue():8000000
11-06 17:02:16.059  2709  2709 E liusd   : i:5
11-06 17:02:16.059  2709  2709 E liusd   : entry.getKey():frame-rate
11-06 17:02:16.059  2709  2709 E liusd   : entry.getValue():60
11-06 17:02:16.059  2709  2709 E liusd   : i:6
11-06 17:02:16.059  2709  2709 E liusd   : entry.getKey():repeat-previous-frame-after
11-06 17:02:16.059  2709  2709 E liusd   : entry.getValue():100000
11-06 17:02:16.059  2709  2709 E liusd   : i:7
11-06 17:02:16.059  2709  2709 E liusd   : entry.getKey():height
11-06 17:02:16.059  2709  2709 E liusd   : entry.getValue():720
11-06 17:02:16.059  2709  2709 E liusd   : i:8
11-06 17:02:16.059  2709  2709 E liusd   : ------------end format monitor---------------
11-06 17:02:16.060  1092  6898 I OMX-VENC: WARN: Enable/Disable allocate-native-handle allowed only in secure session
11-06 17:02:16.060  1092  6898 E OMXNodeInstance: setParameter(0xf3708134:qcom.encoder.avc, OMX.google.android.index.allocateNativeHandle(0x7f00005d): Input:0 en=0) ERROR: UnsupportedSetting(0x80001019)
11-06 17:02:16.060  1092  6898 I OMX-VENC: WARN: Enable/Disable allocate-native-handle allowed only in secure session
11-06 17:02:16.060  1092  6898 E OMXNodeInstance: setParameter(0xf3708134:qcom.encoder.avc, OMX.google.android.index.allocateNativeHandle(0x7f00005d): Output:1 en=0) ERROR: UnsupportedSetting(0x80001019)
11-06 17:02:16.060  1092  6898 I OMX-VENC: WARN: set_parameter: metamode is valid for input port only
11-06 17:02:16.060  1092  6898 W OMXNodeInstance: [0xf3708134:qcom.encoder.avc] component does not support metadata mode; using fallback
11-06 17:02:16.060  2709  2742 I ExtendedACodec: setupVideoEncoder()
11-06 17:02:16.061  2709  2742 W OMXUtils: do not know color format 0x7fa30c04 = 2141391876
11-06 17:02:16.061  2709  2742 W OMXUtils: do not know color format 0x7fa30c00 = 2141391872
11-06 17:02:16.062  2709  2742 W OMXUtils: do not know color format 0x7f000789 = 2130708361
11-06 17:02:16.062  1092  1092 I OMX-VENC: venc_dev: WARN: Unsupported eColorFormat 0x7f000789
11-06 17:02:16.063  1092  1092 I OMX-VENC: venc_dev: v4l2 profile : 1 flags : 131095 
11-06 17:02:16.063  1092  1092 I OMX-VENC: venc_dev: v4l2 profile : 0 flags : 131095 
11-06 17:02:16.063  1092  1092 I OMX-VENC: venc_dev: v4l2 profile : 2 flags : 131095 
11-06 17:02:16.064  1092  1092 I OMX-VENC: venc_dev: v4l2 profile : 17 flags : 131095 
11-06 17:02:16.064  1092  1092 I OMX-VENC: venc_dev: v4l2 profile : 4 flags : 131095 
11-06 17:02:16.064  2709  2742 I ACodec  : setupAVCEncoderParameters with [profile: High] [level: Level1]
11-06 17:02:16.065  2709  2742 I ACodec  : [OMX.qcom.video.encoder.avc] cannot encode HDR static metadata. Ignoring.
11-06 17:02:16.065  2709  2742 I ACodec  : setupVideoEncoder succeeded
11-06 17:02:16.065  2709  2742 I ExtendedACodec: [OMX.qcom.video.encoder.avc] configure, AMessage : AMessage(what = 'conf', target = 1) = {
11-06 17:02:16.065  2709  2742 I ExtendedACodec:   float max-fps-to-encoder = 30.000000
11-06 17:02:16.065  2709  2742 I ExtendedACodec:   int32_t color-format = 2130708361
11-06 17:02:16.065  2709  2742 I ExtendedACodec:   int32_t i-frame-interval = 10
11-06 17:02:16.065  2709  2742 I ExtendedACodec:   string mime = "video/avc"
11-06 17:02:16.065  2709  2742 I ExtendedACodec:   int32_t width = 1280
11-06 17:02:16.065  2709  2742 I ExtendedACodec:   int32_t bitrate = 8000000
11-06 17:02:16.065  2709  2742 I ExtendedACodec:   int32_t frame-rate = 60
11-06 17:02:16.065  2709  2742 I ExtendedACodec:   int64_t repeat-previous-frame-after = 100000
11-06 17:02:16.065  2709  2742 I ExtendedACodec:   int32_t height = 720
11-06 17:02:16.065  2709  2742 I ExtendedACodec:   int32_t flags = 1
11-06 17:02:16.065  2709  2742 I ExtendedACodec:   int32_t encoder = 1
11-06 17:02:16.065  2709  2742 I ExtendedACodec: }
11-06 17:02:16.066  2709  2742 W OMXUtils: do not know color format 0x7f000789 = 2130708361
11-06 17:02:16.066  1092  1092 E OMX-VENC: ERROR: unsupported index 1870659589
11-06 17:02:16.066  1092  1092 E OMXNodeInstance: getConfig(0xf3708134:qcom.encoder.avc, ConfigLatency(0x6f800005)) ERROR: UnsupportedIndex(0x8000101a)
11-06 17:02:16.079  1092  6898 E OMXNodeInstance: getConfig(0xf3708134:qcom.encoder.avc, ??(0x7f000062)) ERROR: UnsupportedSetting(0x80001019)
11-06 17:02:16.079  1092  6898 I OMX-VENC: venc_dev: venc_get_consumer_usage 0x0
11-06 17:02:16.079  1092  6898 D GraphicBufferSource: setting dataspace: 0x104, acquired=0
11-06 17:02:16.080  1092  6898 I OMX-VENC: venc_dev: venc_get_consumer_usage 0x0
11-06 17:02:16.080  1092  6898 D GraphicBufferSource: requesting color aspects (R:2(Limited), P:1(BT709_5), M:1(BT709_5), T:3(SMPTE170M))
11-06 17:02:16.093   873   873 I chatty  : uid=1000(system) /system/bin/surfaceflinger expire 50 lines
11-06 17:02:16.096   791   984 I libdisplayconfigqti: Register client name: scrcpy873 device client: 0xb4000072ecf2a7c0
11-06 17:02:16.136  2739  2739 D AndroidRuntime: >>>>>> START com.android.internal.os.RuntimeInit uid 2000 <<<<<<
11-06 17:02:16.137  2739  2739 W app_process: type=1400 audit(0.0:3324): avc: denied { read } for name="u:object_r:device_config_runtime_native_boot_prop:s0" dev="tmpfs" ino=10345 scontext=u:r:shell:s0 tcontext=u:object_r:device_config_runtime_native_boot_prop:s0 tclass=file permissive=0
11-06 17:02:16.137  2739  2739 W app_process: type=1400 audit(0.0:3325): avc: denied { read } for name="u:object_r:device_config_runtime_native_boot_prop:s0" dev="tmpfs" ino=10345 scontext=u:r:shell:s0 tcontext=u:object_r:device_config_runtime_native_boot_prop:s0 tclass=file permissive=0
11-06 17:02:16.137  2739  2739 W app_process: type=1400 audit(0.0:3326): avc: denied { read } for name="u:object_r:device_config_runtime_native_boot_prop:s0" dev="tmpfs" ino=10345 scontext=u:r:shell:s0 tcontext=u:object_r:device_config_runtime_native_boot_prop:s0 tclass=file permissive=0
11-06 17:02:16.140  2739  2739 E libc    : Access denied finding property "persist.device_config.runtime_native_boot.profilebootclasspath"
11-06 17:02:16.140  2739  2739 E libc    : Access denied finding property "persist.device_config.runtime_native_boot.enable_apex_image"
11-06 17:02:16.140  2739  2739 I AndroidRuntime: Using default boot image
11-06 17:02:16.140  2739  2739 E libc    : Access denied finding property "persist.device_config.runtime_native_boot.disable_lock_profiling"
11-06 17:02:16.140  2739  2739 I AndroidRuntime: Leaving lock profiling enabled
11-06 17:02:16.140  2739  2739 E libc    : Access denied finding property "persist.device_config.runtime_native_boot.enable_generational_cc"
11-06 17:02:16.149  1082  1539 W ResourceManagerService: Ignoring request to add new resource entry with value <= 0
11-06 17:02:16.151  1092  2746 D GraphicBufferSource: got buffer with new dataSpace #104
11-06 17:02:16.151  1092  2749 I OMX-VENC: get_config (dataspace changed): ColorSpace: Recommend 601 for RGBA8888
11-06 17:02:16.151  1092  2749 D OMXNodeInstance: Codec resolved it to (R:2(??), P:3(??), M:3(??), T:3(??)) err=0(NO_ERROR)
11-06 17:02:16.152  1092  2749 E OMXNodeInstance: setConfig(0xf3708134:qcom.encoder.avc, ??(0x7f000062)) ERROR: UnsupportedSetting(0x80001019)
11-06 17:02:16.153  1092  2746 W C2DColorConvert: calcYSize: Format not supported , 6
11-06 17:02:16.153  2709  2742 D ACodec  : dataspace changed to 0x10c10000 (R:2(Limited), P:3(BT601_6_625), M:3(BT601_6), T:3(SMPTE170M)) (R:2(Limited), S:2(BT601_625), T:3(SMPTE_170M))
11-06 17:02:16.249  2739  2739 D app_process: Time zone APEX ICU file found: /apex/com.android.tzdata/etc/icu/icu_tzdata.dat
11-06 17:02:16.250  2739  2739 D app_process: I18n APEX ICU file found: /apex/com.android.i18n/etc/icu/icudt66l.dat
11-06 17:02:16.285  2739  2739 W app_process: JNI RegisterNativeMethods: attempt to register 0 native methods for android.media.AudioAttributes
11-06 17:02:16.295  2739  2739 D AndroidRuntime: Calling main entry com.genymobile.scrcpy.CleanUp
11-06 17:02:17.126  2768  2770 I cmd     : oneway function results will be dropped but finished with status OK and parcel size 4
11-06 17:02:17.260  1092  2748 I OMX-VENC: venc_dev: stats: avg. fps 11.03, bitrate 211702
11-06 17:02:18.275  1092  2748 I OMX-VENC: venc_dev: stats: avg. fps 10.84, bitrate 367995
11-06 17:02:19.283  1092  2748 I OMX-VENC: venc_dev: stats: avg. fps 10.91, bitrate 152438
11-06 17:02:20.006  1931  1931 W TouchableRegionManager: onHeadsUpPinnedModeChanged
11-06 17:02:20.284  1061  1061 I chatty  : uid=1000(system) /system/vendor/bin/cnss_diag expire 153 lines
11-06 17:02:20.291  1092  2748 I OMX-VENC: venc_dev: stats: avg. fps 15.87, bitrate 442264
11-06 17:02:20.545  1931  1931 D StatusBar: disable<e i a s b h r c s > disable2<q i n >
11-06 17:02:14.175  1498  1498 W NotificationHistory: Attempted to add notif for locked/gone/disabled user 0
11-06 17:02:21.097  1498  1545 I ActivityTaskManager: Config changes=20000000 {1.0 ?mcc?mnc [zh_CN] ldltr sw360dp w640dp h336dp 320dpi nrml long land -touch -keyb/v/h -nav/h winConfig={ mBounds=Rect(0, 0 - 1280, 720) mAppBounds=Rect(0, 0 - 1280, 720) mWindowingMode=fullscreen mDisplayWindowingMode=fullscreen mActivityType=undefined mAlwaysOnTop=undefined mRotation=ROTATION_0} s.1277}
11-06 17:02:21.100  1498  1545 I WindowManager: Override config changes=20000000 {1.0 ?mcc?mnc [zh_CN] ldltr sw360dp w640dp h336dp 320dpi nrml long land -touch -keyb/v/h -nav/h winConfig={ mBounds=Rect(0, 0 - 1280, 720) mAppBounds=Rect(0, 0 - 1280, 720) mWindowingMode=fullscreen mDisplayWindowingMode=fullscreen mActivityType=undefined mAlwaysOnTop=undefined mRotation=ROTATION_0} s.1277} for displayId=0
11-06 17:02:21.102  1498  1545 V WindowManager: Orientation start waiting for draw, mDrawState=DRAW_PENDING in Window{7d2e896 u0 com.sim.mousemode}, surfaceController Surface(name=)/@0x2b7ea55
11-06 17:02:21.103  1498  1545 V WindowManager: Orientation start waiting for draw, mDrawState=DRAW_PENDING in Window{4a18700 u0 ScreenDecorOverlayBottom}, surfaceController Surface(name=ScreenDecorOverlayBottom)/@0xe5ad3d7
11-06 17:02:21.103  1498  1545 V WindowManager: Orientation start waiting for draw, mDrawState=DRAW_PENDING in Window{6d85050 u0 ScreenDecorOverlay}, surfaceController Surface(name=ScreenDecorOverlay)/@0xd4c7f88
11-06 17:02:21.103  1498  1545 V WindowManager: Orientation start waiting for draw, mDrawState=DRAW_PENDING in Window{8ae073c u0 StatusBar}, surfaceController Surface(name=StatusBar)/@0x28bd9d5
11-06 17:02:21.103  1498  1545 V WindowManager: Orientation start waiting for draw, mDrawState=DRAW_PENDING in Window{e0b55bf u0 com.sim.launcher/com.sim.launcher.mvp.view.LauncherActivity}, surfaceController Surface(name=com.sim.launcher/com.sim.launcher.mvp.view.LauncherActivity)/@0x122570c
11-06 17:02:21.114 19207 19271 I BtGatt.ScanManager: msg.what = 8
11-06 17:02:21.114 19207 19271 I BtGatt.ScanManager: msg.what = 5
11-06 17:02:21.148  1498  2123 V WindowManager: Orientation start waiting for draw, mDrawState=DRAW_PENDING in Window{6d85050 u0 ScreenDecorOverlay}, surfaceController Surface(name=ScreenDecorOverlay)/@0xd4c7f8811-06 17:02:21.149  1092  2748 E OMX-VENC: venc_dev: async_venc_message_thread interrupted to be exited
11-06 17:02:21.152  2709  2709 D MediaCodec: MediaCodec::reclaim(0xb400006f602f20d0) OMX.qcom.video.encoder.avc
11-06 17:02:21.154  1092  1092 I OMX-VENC: Component Deinit
11-06 17:02:21.154  1092  6898 E BufferQueueProducer: [GraphicBufferSource](id:44400000036,api:1,p:873,c:1092) dequeueBuffer: BufferQueue has been abandoned
11-06 17:02:21.160  2709  2709 D MediaCodec: MediaCodec looper is gone, skip reclaim
11-06 17:02:21.160  1498  2123 V WindowManager: Orientation start waiting for draw, mDrawState=DRAW_PENDING in Window{4a18700 u0 ScreenDecorOverlayBottom}, surfaceController Surface(name=ScreenDecorOverlayBottom)/@0xe5ad3d7
11-06 17:02:21.164  2709  2774 I OMXClient: IOmx service obtained
11-06 17:02:21.164  1092  1092 I OMXMaster: makeComponentInstance(OMX.qcom.video.encoder.avc) in android.hardwar process
11-06 17:02:21.165  1092  1092 D PlatformConfig: getInstance: Enter
11-06 17:02:21.165  1092  1092 D PlatformConfig: getInt32: Returning default
11-06 17:02:21.165  1092  1092 D PlatformConfig: getInstance: Enter
11-06 17:02:21.165  1092  1092 D PlatformConfig: getInt32 Config name: vidc_no_vpss value: 1
11-06 17:02:21.165  1092  1092 D PlatformConfig: getInstance: Enter
11-06 17:02:21.165  1092  1092 D PlatformConfig: getInt32 Config name: vidc_enc_log_in value: 0
11-06 17:02:21.165  1092  1092 D PlatformConfig: getInstance: Enter
11-06 17:02:21.165  1092  1092 D PlatformConfig: getInt32 Config name: vidc_enc_log_out value: 0
11-06 17:02:21.165  1092  1092 D PlatformConfig: getInstance: Enter
11-06 17:02:21.165  1092  1092 D PlatformConfig: getInt32 Config name: vidc_enc_csc_custom_matrix value: 0
11-06 17:02:21.165  1092  1092 D PlatformConfig: getInstance: Enter
11-06 17:02:21.165  1092  1092 D PlatformConfig: getInt32: Returning default
11-06 17:02:21.165  1092  1092 D PlatformConfig: getInstance: Enter
11-06 17:02:21.165  1092  1092 D PlatformConfig: getInt32 Config name: vidc_disable_hdr value: 3
11-06 17:02:21.165  1092  1092 D PlatformConfig: getInstance: Enter
11-06 17:02:21.165  1092  1092 D PlatformConfig: getInt32: Returning default
11-06 17:02:21.165  1092  1092 D PlatformConfig: getInstance: Enter
11-06 17:02:21.165  1092  1092 D PlatformConfig: getInt32: Returning default
11-06 17:02:21.165  1092  1092 D PlatformConfig: getInstance: Enter
11-06 17:02:21.165  1092  1092 D PlatformConfig: getInt32 Config name: vidc_enc_quality_boost_enable value: 1
11-06 17:02:21.167  1092  1092 I OMX-VENC: Component_init : OMX.qcom.video.encoder.avc : return = 0x0
11-06 17:02:21.169  2709  2709 E liusd   : ------------start format monitor---------------
11-06 17:02:21.169  2709  2709 E liusd   : entry.getKey():max-fps-to-encoder
11-06 17:02:21.169  2709  2709 E liusd   : entry.getValue():30.0
11-06 17:02:21.169  2709  2709 E liusd   : i:0
11-06 17:02:21.169  2709  2709 E liusd   : entry.getKey():color-format
11-06 17:02:21.169  2709  2709 E liusd   : entry.getValue():2130708361
11-06 17:02:21.169  2709  2709 E liusd   : i:1
11-06 17:02:21.169  2709  2709 E liusd   : entry.getKey():i-frame-interval
11-06 17:02:21.169  2709  2709 E liusd   : entry.getValue():10
11-06 17:02:21.169  2709  2709 E liusd   : i:2
11-06 17:02:21.169  2709  2709 E liusd   : entry.getKey():mime
11-06 17:02:21.169  2709  2709 E liusd   : entry.getValue():video/avc
11-06 17:02:21.169  2709  2709 E liusd   : i:3
11-06 17:02:21.169  2709  2709 E liusd   : entry.getKey():width
11-06 17:02:21.169  2709  2709 E liusd   : entry.getValue():1280
11-06 17:02:21.169  2709  2709 E liusd   : i:4
11-06 17:02:21.169  2709  2709 E liusd   : entry.getKey():bitrate
11-06 17:02:21.169  2709  2709 E liusd   : entry.getValue():8000000
11-06 17:02:21.169  2709  2709 E liusd   : i:5
11-06 17:02:21.169  2709  2709 E liusd   : entry.getKey():frame-rate
11-06 17:02:21.169  2709  2709 E liusd   : entry.getValue():60
11-06 17:02:21.169  2709  2709 E liusd   : i:6
11-06 17:02:21.169  2709  2709 E liusd   : entry.getKey():repeat-previous-frame-after
11-06 17:02:21.169  2709  2709 E liusd   : entry.getValue():100000
11-06 17:02:21.169  2709  2709 E liusd   : i:7
11-06 17:02:21.169  2709  2709 E liusd   : entry.getKey():height
11-06 17:02:21.169  2709  2709 E liusd   : entry.getValue():720
11-06 17:02:21.169  2709  2709 E liusd   : i:8
11-06 17:02:21.169  2709  2709 E liusd   : ------------end format monitor---------------
11-06 17:02:21.170  1092  1092 I OMX-VENC: WARN: Enable/Disable allocate-native-handle allowed only in secure session
11-06 17:02:21.170  1092  1092 E OMXNodeInstance: setParameter(0xf3708134:qcom.encoder.avc, OMX.google.android.index.allocateNativeHandle(0x7f00005d): Input:0 en=0) ERROR: UnsupportedSetting(0x80001019)
11-06 17:02:21.170  1092  1092 I OMX-VENC: WARN: Enable/Disable allocate-native-handle allowed only in secure session
11-06 17:02:21.170  1092  1092 E OMXNodeInstance: setParameter(0xf3708134:qcom.encoder.avc, OMX.google.android.index.allocateNativeHandle(0x7f00005d): Output:1 en=0) ERROR: UnsupportedSetting(0x80001019)
11-06 17:02:21.170  1092  1092 I OMX-VENC: WARN: set_parameter: metamode is valid for input port only
11-06 17:02:21.170  1092  1092 W OMXNodeInstance: [0xf3708134:qcom.encoder.avc] component does not support metadata mode; using fallback
11-06 17:02:21.170  2709  2774 I ExtendedACodec: setupVideoEncoder()
11-06 17:02:21.171  2709  2774 W OMXUtils: do not know color format 0x7fa30c04 = 2141391876
11-06 17:02:21.171  2709  2774 W OMXUtils: do not know color format 0x7fa30c00 = 2141391872
11-06 17:02:21.173  2709  2774 W OMXUtils: do not know color format 0x7f000789 = 2130708361
11-06 17:02:21.173  1092  1092 I OMX-VENC: venc_dev: WARN: Unsupported eColorFormat 0x7f000789
11-06 17:02:21.175  1498  1546 I WindowManager: Screen frozen for +123ms due to Window{6d85050 u0 ScreenDecorOverlay}
11-06 17:02:21.176  1092  1092 I OMX-VENC: venc_dev: v4l2 profile : 1 flags : 131095 
11-06 17:02:21.176  1092  1092 I OMX-VENC: venc_dev: v4l2 profile : 0 flags : 131095 
11-06 17:02:21.176  1092  1092 I OMX-VENC: venc_dev: v4l2 profile : 2 flags : 131095 
11-06 17:02:21.176  1092  1092 I OMX-VENC: venc_dev: v4l2 profile : 17 flags : 131095 
11-06 17:02:21.176  1092  1092 I OMX-VENC: venc_dev: v4l2 profile : 4 flags : 131095 
11-06 17:02:21.176  2709  2774 I ACodec  : setupAVCEncoderParameters with [profile: High] [level: Level1]
11-06 17:02:21.177  2709  2774 I ACodec  : [OMX.qcom.video.encoder.avc] cannot encode HDR static metadata. Ignoring.
11-06 17:02:21.177  2709  2774 I ACodec  : setupVideoEncoder succeeded
11-06 17:02:21.177  2709  2774 I ExtendedACodec: [OMX.qcom.video.encoder.avc] configure, AMessage : AMessage(what = 'conf', target = 4) = {
11-06 17:02:21.177  2709  2774 I ExtendedACodec:   float max-fps-to-encoder = 30.000000
11-06 17:02:21.177  2709  2774 I ExtendedACodec:   int32_t color-format = 2130708361
11-06 17:02:21.177  2709  2774 I ExtendedACodec:   int32_t i-frame-interval = 10
11-06 17:02:21.177  2709  2774 I ExtendedACodec:   string mime = "video/avc"
11-06 17:02:21.177  2709  2774 I ExtendedACodec:   int32_t width = 1280
11-06 17:02:21.177  2709  2774 I ExtendedACodec:   int32_t bitrate = 8000000
11-06 17:02:21.177  2709  2774 I ExtendedACodec:   int32_t frame-rate = 60
11-06 17:02:21.177  2709  2774 I ExtendedACodec:   int64_t repeat-previous-frame-after = 100000
11-06 17:02:21.177  2709  2774 I ExtendedACodec:   int32_t height = 720
11-06 17:02:21.177  2709  2774 I ExtendedACodec:   int32_t flags = 1
11-06 17:02:21.177  2709  2774 I ExtendedACodec:   int32_t encoder = 1
11-06 17:02:21.177  2709  2774 I ExtendedACodec: }
11-06 17:02:21.177  2709  2774 W OMXUtils: do not know color format 0x7f000789 = 2130708361
11-06 17:02:21.177  1092  6898 E OMX-VENC: ERROR: unsupported index 1870659589
11-06 17:02:21.177  1092  6898 E OMXNodeInstance: getConfig(0xf3708134:qcom.encoder.avc, ConfigLatency(0x6f800005)) ERROR: UnsupportedIndex(0x8000101a)
11-06 17:02:21.184  1092  6898 E OMXNodeInstance: getConfig(0xf3708134:qcom.encoder.avc, ??(0x7f000062)) ERROR: UnsupportedSetting(0x80001019)
11-06 17:02:21.184  1092  6898 I OMX-VENC: venc_dev: venc_get_consumer_usage 0x0
11-06 17:02:21.184  1092  6898 D GraphicBufferSource: setting dataspace: 0x104, acquired=0
11-06 17:02:21.184  1092  6898 I OMX-VENC: venc_dev: venc_get_consumer_usage 0x0
11-06 17:02:21.184  1092  6898 D GraphicBufferSource: requesting color aspects (R:2(Limited), P:1(BT709_5), M:1(BT709_5), T:3(SMPTE170M))
11-06 17:02:21.209   791   984 I libdisplayconfigqti: Register client name: scrcpy873 device client: 0xb4000072ecf2ad30
11-06 17:02:21.212  1498 28751 I chatty  : uid=1000(system) Binder:1498_1F expire 18 lines
11-06 17:02:21.228  1498  2123 I chatty  : uid=1000(system) Binder:1498_9 expire 50 lines
11-06 17:02:21.232  1082  1539 W ResourceManagerService: Ignoring request to add new resource entry with value <= 0
11-06 17:02:21.233  1092  2775 D GraphicBufferSource: got buffer with new dataSpace #104
11-06 17:02:21.233  1092  2778 I OMX-VENC: get_config (dataspace changed): ColorSpace: Recommend 601 for RGBA8888
11-06 17:02:21.233  1092  2778 D OMXNodeInstance: Codec resolved it to (R:2(??), P:3(??), M:3(??), T:3(??)) err=0(NO_ERROR)
11-06 17:02:21.233  1092  2778 E OMXNodeInstance: setConfig(0xf3708134:qcom.encoder.avc, ??(0x7f000062)) ERROR: UnsupportedSetting(0x80001019)
11-06 17:02:21.233  1092  2775 W C2DColorConvert: calcYSize: Format not supported , 6
11-06 17:02:21.238  2709  2774 D ACodec  : dataspace changed to 0x10c10000 (R:2(Limited), P:3(BT601_6_625), M:3(BT601_6), T:3(SMPTE170M)) (R:2(Limited), S:2(BT601_625), T:3(SMPTE_170M))
11-06 17:02:21.320   616   709 W Netd    : SIMT: subsystem found in netlink event: power_supply, ACTION: 3
11-06 17:02:21.327  3947  3947 D HighTemperatureReceiver: Receive action: android.intent.action.BATTERY_CHANGED
11-06 17:02:21.327  3431  2782 I chatty  : uid=1000(system) com.sim.launcher expire 2 lines
11-06 17:02:21.329   616   709 W Netd    : SIMT: subsystem found in netlink event: power_supply, ACTION: 3
11-06 17:02:21.335  1931  1931 D KeyguardUpdateMonitor: received broadcast android.intent.action.BATTERY_CHANGED
11-06 17:02:21.335   616   709 W Netd    : SIMT: subsystem found in netlink event: power_supply, ACTION: 3
11-06 17:02:21.340  3431  2783 I chatty  : uid=1000(system) com.sim.launcher expire 2 lines
11-06 17:02:21.340  3947  3947 D HighTemperatureReceiver: Receive action: android.intent.action.BATTERY_CHANGED
11-06 17:02:21.346  3431  2784 I chatty  : uid=1000(system) com.sim.launcher expire 2 lines
11-06 17:02:21.348  1931  1931 D KeyguardUpdateMonitor: handleBatteryUpdate
11-06 17:02:21.348  3947  3947 D HighTemperatureReceiver: Receive action: android.intent.action.BATTERY_CHANGED
11-06 17:02:21.354  1931  1931 D KeyguardUpdateMonitor: received broadcast android.intent.action.BATTERY_CHANGED
11-06 17:02:21.355  1931  1931 D KeyguardUpdateMonitor: received broadcast android.intent.action.BATTERY_CHANGED
11-06 17:02:21.358  1931  1931 D KeyguardUpdateMonitor: handleBatteryUpdate
11-06 17:02:21.358  1931  1931 D KeyguardUpdateMonitor: handleBatteryUpdate
11-06 17:02:22.262  1092  2777 I OMX-VENC: venc_dev: stats: avg. fps 18.75, bitrate 1584965
11-06 17:02:22.855  2458  2458 I chatty  : uid=1000(system) com.sim.simvoicecontrol expire 25 lines
11-06 17:02:23.266  1092  2777 I OMX-VENC: venc_dev: stats: avg. fps 10.95, bitrate 256607
11-06 17:02:23.357  1498  1514 I chatty  : uid=1000(system) FinalizerDaemon expire 42 lines
11-06 17:02:23.358  1082  1539 D NuPlayerDriver: reset(0xed445a10) at state 4
11-06 17:02:23.358 19207 19355 D Avrcp_ext: AudioManager Player: AudioPlaybackConfiguration piid:15 type:android.media.SoundPool u/pid:1000/1498 state:idle attr:AudioAttributes: usage=USAGE_ASSISTANCE_SONIFICATION content=CONTENT_TYPE_SONIFICATION flags=0x800 tags= bundle=null
11-06 17:02:23.358 19207 19355 D Avrcp_ext: AudioManager Player: AudioPlaybackConfiguration piid:23 type:android.media.SoundPool u/pid:10130/1931 state:idle attr:AudioAttributes: usage=USAGE_ASSISTANCE_SONIFICATION content=CONTENT_TYPE_SONIFICATION flags=0x800 tags= bundle=null
11-06 17:02:23.358 19207 19355 D Avrcp_ext: AudioManager Player: AudioPlaybackConfiguration piid:1239 type:android.media.MediaPlayer u/pid:10130/1931 state:stopped attr:AudioAttributes: usage=USAGE_VOICE_COMMUNICATION content=CONTENT_TYPE_SONIFICATION flags=0x800 tags= bundle=null
11-06 17:02:23.358 19207 19355 D Avrcp_ext: AudioManager Player: AudioPlaybackConfiguration piid:31 type:android.media.SoundPool u/pid:1000/2458 state:idle attr:AudioAttributes: usage=USAGE_MEDIA content=CONTENT_TYPE_MUSIC flags=0x800 tags= bundle=null
11-06 17:02:23.358 19207 19355 D Avrcp_ext: AudioManager isPlaying: false
11-06 17:02:23.361  1082  2701 D NuPlayerDriver: notifyResetComplete(0xed445a10)
11-06 17:02:24.275  1092  2777 I OMX-VENC: venc_dev: stats: avg. fps 10.90, bitrate 147289
11-06 17:02:25.283  1092  2777 I OMX-VENC: venc_dev: stats: avg. fps 10.91, bitrate 142473
11-06 17:02:26.284  1092  2777 I OMX-VENC: venc_dev: stats: avg. fps 11.99, bitrate 159231
11-06 17:02:26.320  1498  2123 I ActivityTaskManager: START u0 {flg=0x20000000 cmp=com.sim.launcher/.MyProgramsActivity} from uid 1000
11-06 17:02:26.327   747  1692 I chatty  : uid=1041(audioserver) HwBinder:747_6 expire 45 lines
11-06 17:02:26.332   747  4356 I chatty  : uid=1041(audioserver) writer expire 284 lines
11-06 17:02:26.333 19207 19231 D bt_btif : btif_dispatch_sm_event: event: 50, len: 4
11-06 17:02:26.333 19207 19231 D bt_btif : btif_dispatch_sm_event: event 50 sent
11-06 17:02:26.334 19207 19248 W bt_btif : BTHF: btif_hf_check_if_sco_connected(): No SCO connection up
11-06 17:02:26.334 19207 19248 I bt_btif_vendor: btif_ba_is_active: 0
11-06 17:02:26.334 19207 19248 D bt_btif : btif_dispatch_sm_event: event: 32, len: 0
11-06 17:02:26.334 19207 19248 D bt_btif : btif_dispatch_sm_event: event 32 sent
11-06 17:02:26.334 19207 19248 I bt_stack: [INFO:a2dp_encoding.cc(1309)] ack_stream_started: result=PENDING
11-06 17:02:26.334 19207 19248 D bt_btif : btif_av_state_opened_handler: event: UNKNOWN_EVENT, flags: 0, peer_sep: 1, index: 0 reconfig_event: 0, codec_cfg_change: 0, reconfig_pending: 0, reconfig_a2dp: 0, is_retry_reconfig: 0
11-06 17:02:26.334 19207 19248 W bt_btif : btif_av_state_opened_handler : unhandled event:UNKNOWN_EVENT
11-06 17:02:26.334 19207 19248 I btif_av : isBATEnabled: 0
11-06 17:02:26.334 19207 19248 D bt_btif : btif_av_state_opened_handler: event: BTIF_AV_START_STREAM_REQ_EVT, flags: 0, peer_sep: 1, index: 0 reconfig_event: 0, codec_cfg_change: 0, reconfig_pending: 0, reconfig_a2dp: 0, is_retry_reconfig: 0
11-06 17:02:26.335 19207 19338 D bt_btif : bta_av_ssm_execute(): AV Sevent(0x41)=0x120b(AP_START) state=3(OPEN)
11-06 17:02:26.335 19207 19338 W bt_btm  : BTM: Local device role : 0x00
11-06 17:02:26.335 19207 19338 W bt_btm  : BTM: RemBdAddr: cc:14:bc:18:c0:ee
11-06 17:02:26.335 19207 19338 W bt_btif : bta_dm_rm_cback:2, status:7
11-06 17:02:26.335   750   750 D vendor.qti.bluetooth@1.0-ibs_handler: SerialClockVote: vote for UART CLK ON
11-06 17:02:26.337   750   750 D vendor.qti.bluetooth@1.0-wake_lock: Acquire wakelock is acquired 
11-06 17:02:26.337   750   750 I vendor.qti.bluetooth@1.0-ibs_handler: DeviceWakeUp: Writing IBS_WAKE_IND
11-06 17:02:26.341   750 19336 I vendor.qti.bluetooth@1.0-ibs_handler: ProcessIbsCmd: Received IBS_WAKE_ACK: 0xFC
11-06 17:02:26.341   750 19336 I vendor.qti.bluetooth@1.0-ibs_handler: ProcessIbsCmd: Signal wack_cond_
11-06 17:02:26.341   750   750 D vendor.qti.bluetooth@1.0-ibs_handler: DeviceWakeUp: Unblocked from waiting for FC
11-06 17:02:26.342   750 19336 I vendor.qti.bluetooth@1.0-ibs_handler: ProcessIbsCmd: Received IBS_WAKE_IND: 0xFD
11-06 17:02:26.342   750 19336 I vendor.qti.bluetooth@1.0-ibs_handler: ProcessIbsCmd: Writing IBS_WAKE_ACK
11-06 17:02:26.360  1498 28751 I ActivityTaskManager: The Process com.sim.launcher Already Exists in BG. So sending its PID: 3431
11-06 17:02:26.362  1498 28751 W ActivityTaskManager: Tried to set launchTime (0) < mLastActivityLaunchTime (17479054)
11-06 17:02:26.365  1498 28751 D WindowManager: setVoiceControlEnable :1
11-06 17:02:26.383   750 19336 I vendor.qti.bluetooth@1.0-ibs_handler: ProcessIbsCmd: Received IBS_SLEEP_IND: 0xFE
11-06 17:02:26.395  3431  3431 W ContextImpl: Calling a method in the system process without a qualified user: android.app.ContextImpl.bindService:1748 android.content.ContextWrapper.bindService:756 com.sim.launcher.MyProgramsActivity.bindVoiceService:356 com.sim.launcher.MyProgramsActivity.onResume:300 android.app.Instrumentation.callActivityOnResume:1457 
11-06 17:02:26.396  1498  2051 D CompatibilityChangeReporter: Compat change id reported: 136274596; UID 1000; state: ENABLED
11-06 17:02:26.410  2458  2787 I chatty  : uid=1000(system) com.sim.simvoicecontrol expire 2 lines
11-06 17:02:26.411  2458  7854 I chatty  : uid=1000(system) Binder:2458_A expire 1 line
11-06 17:02:26.496  1498  1568 I chatty  : uid=1000(system) android.bg expire 4 lines
11-06 17:02:26.530   750 19336 I vendor.qti.bluetooth@1.0-ibs_handler: ProcessIbsCmd: Received IBS_WAKE_IND: 0xFD
11-06 17:02:26.531   750 19336 I vendor.qti.bluetooth@1.0-ibs_handler: ProcessIbsCmd: Writing IBS_WAKE_ACK
11-06 17:02:26.547 19207 19338 E bt_avp  : avdt_ad_tc_data_ind: type: x0, tcid: 0, ccb_idx: 0
11-06 17:02:26.547 19207 19338 D bt_btif : bta_av_ssm_execute(): AV Sevent(0x41)=0x1229(AVDT_DELAY_RPT) state=3(OPEN)
11-06 17:02:26.547 19207 19338 E bt_btif : bta_av_co_audio_delay: handle: x41, delay:0x5dc
11-06 17:02:26.547 19207 19338 E bt_btif : bta_av_co_get_active_peer: active peer index: 0
11-06 17:02:26.548 19207 19338 I bt_stack: [INFO:a2dp_encoding.cc(1376)] set_remote_delay: DELAY 150 ms
11-06 17:02:26.560 19207 19338 E bt_avp  : avdt_ad_tc_data_ind: type: x0, tcid: 0, ccb_idx: 0
11-06 17:02:26.560 19207 19338 D bt_btif : bta_av_ssm_execute(): AV Sevent(0x41)=0x121c(STR_START_OK) state=3(OPEN)
11-06 17:02:26.560 19207 19338 D a2dp_codec: A2DP_GetCodecType: 
11-06 17:02:26.560 19207 19338 E bt_btif : bta_av_co_get_active_peer: active peer index: 0
11-06 17:02:26.560 19207 19338 W bt_btm  : BTM: Local device role : 0x00
11-06 17:02:26.560 19207 19338 W bt_btm  : BTM: RemBdAddr: cc:14:bc:18:c0:ee
11-06 17:02:26.560 19207 19338 I bt_bta_av: bta_av_link_role_ok hndl:x41 role:0 conn_audio:x1 bits:1 features:x8e5b
11-06 17:02:26.560 19207 19338 W bt_btif : bta_dm_rm_cback:2, status:0
11-06 17:02:26.560 19207 19338 W bt_l2cap: L2CA_SetDesireRole() new:x0, disallow_switch:0
11-06 17:02:26.560 19207 19338 V bt_stack: [VERBOSE1:btm_acl.cc(650)] BTM_SwitchRole BDA: cc:14:bc:18:c0:ee
11-06 17:02:26.560 19207 19338 W bt_btif : bta_dm_rm_cback:2, status:7
11-06 17:02:26.560 19207 19338 I btif_av : isBATEnabled: 0
11-06 17:02:26.560 19207 19338 E bt_btif : bta_av_co_get_active_peer: active peer index: 0
11-06 17:02:26.560 19207 19338 E bt_btif : bta_av_co_get_active_peer: active peer index: 0
11-06 17:02:26.560 19207 19338 W bt_btm  : BTM: Local device role : 0x00
11-06 17:02:26.560 19207 19338 W bt_btm  : BTM: RemBdAddr: cc:14:bc:18:c0:ee
11-06 17:02:26.561 19207 19248 D bt_btif : btif_av_state_opened_handler: event: BTA_AV_START_EVT, flags: 4, peer_sep: 1, index: 0 reconfig_event: 0, codec_cfg_change: 0, reconfig_pending: 0, reconfig_a2dp: 0, is_retry_reconfig: 0
11-06 17:02:26.561 19207 19248 D bt_btif : btif_av_state_opened_handler: event: BTIF_SM_EXIT_EVT, flags: 4, peer_sep: 1, index: 0 reconfig_event: 0, codec_cfg_change: 0, reconfig_pending: 0, reconfig_a2dp: 0, is_retry_reconfig: 0
11-06 17:02:26.561 19207 19248 D bt_btif : btif_av_state_started_handler: event: BTIF_SM_ENTER_EVT flags: 0  index = 0, reconfig_event: 0, codec_cfg_change: 0
11-06 17:02:26.561 19207 19248 D bt_btif : btif_av_state_started_handler update media task on DUT initiated start for index =0
11-06 17:02:26.561 19207 19248 W bt_btif : ## ON A2DP STARTED ##
11-06 17:02:26.561 19207 19248 I btif_av : isBATEnabled: 0
11-06 17:02:26.561 19207 19248 E bt_btif : bta_av_co_get_active_peer: active peer index: 0
11-06 17:02:26.561 19207 19248 E bt_btif : bta_av_co_get_active_peer: active peer index: 0
11-06 17:02:26.561 19207 19248 W bt_btif : BTHF: btif_hf_check_if_sco_connected(): No SCO connection up
11-06 17:02:26.561 19207 19248 D bt_btif : btif_dispatch_sm_event: event: 38, len: 1
11-06 17:02:26.561 19207 19248 D bt_btif : btif_dispatch_sm_event: event 38 sent
11-06 17:02:26.561 19207 19248 I BluetoothA2dpServiceJni: bta2dp_audio_state_callback
11-06 17:02:26.562 19207 19248 D A2dpNativeInterface: onAudioStateChanged: A2dpStackEvent {type:EVENT_TYPE_AUDIO_STATE_CHANGED, device:CC:14:BC:18:C0:EE, value1:STARTED}
11-06 17:02:26.562 19207 19248 D A2dpService: messageFromNative: Going to acquire mVariableLock.
11-06 17:02:26.562 19207 19248 D A2dpService: messageFromNative: Acquired mVariableLock
11-06 17:02:26.562 19207 19248 D A2dpService: messageFromNative: Released mVariableLock
11-06 17:02:26.562 19207 19248 D A2dpService: messageFromNative: Sending STACK_EVENT: A2dpStackEvent {type:EVENT_TYPE_AUDIO_STATE_CHANGED, device:CC:14:BC:18:C0:EE, value1:STARTED} to sm.
11-06 17:02:26.562 19207 19248 I btif_av : isBATEnabled: 0
11-06 17:02:26.562 19207 19248 E bt_btif : bta_av_co_get_active_peer: active peer index: 0
11-06 17:02:26.562 19207 19361 D A2dpStateMachine: handleMessage: E msg.what=101
11-06 17:02:26.562 19207 19248 E bt_btif : bta_av_co_get_active_peer: active peer index: 0
11-06 17:02:26.562 19207 19361 D A2dpStateMachine: processMsg: Connected
11-06 17:02:26.562 19207 19248 D bt_btif : btif_av_state_started_handler Remote Start, Not updating current playing for index = 0
11-06 17:02:26.563 19207 19248 I btif_av : isBATEnabled: 0
11-06 17:02:26.563 19207 19248 E bt_btif : bta_av_co_get_active_peer: active peer index: 0
11-06 17:02:26.563 19207 19361 D A2dpStateMachine: Connected process message(CC:14:BC:18:C0:EE): STACK_EVENT
11-06 17:02:26.563 19207 19248 E bt_btif : bta_av_co_get_active_peer: active peer index: 0
11-06 17:02:26.563 19207 19361 D A2dpStateMachine: Connected: stack event: A2dpStackEvent {type:EVENT_TYPE_AUDIO_STATE_CHANGED, device:CC:14:BC:18:C0:EE, value1:STARTED}
11-06 17:02:26.563 19207 19248 D bt_btif : btif_av_state_started_handler: event: BTIF_AV_OFFLOAD_START_REQ_EVT flags: 0  index = 0, reconfig_event: 0, codec_cfg_change: 0
11-06 17:02:26.563 19207 19248 E bt_btif : bta_av_co_get_active_peer: active peer index: 0
11-06 17:02:26.563 19207 19248 D a2dp_codec: getCodecConfigAndCapabilities: current_codec_config_ not null, getCodecConfig()
11-06 17:02:26.563 19207 19361 I A2dpStateMachine: Connected: processAudioStateEvent: state: 2mIsPlaying: false
11-06 17:02:26.563 19207 19248 W bt_btif : btif_av_state_started_handler:is_scrambling_enabled 1
11-06 17:02:26.563 19207 19361 I A2dpStateMachine: Connected: started playing: CC:14:BC:18:C0:EE
11-06 17:02:26.563 19207 19248 W bt_btif : btif_av_state_started_handler:is_44p1kFreq_supported 1
11-06 17:02:26.563 19207 19338 D bt_btif : bta_av_ssm_execute(): AV Sevent(0x41)=0x122b(unknown) state=3(OPEN)
11-06 17:02:26.563 19207 19338 D a2dp_codec: A2DP_GetCodecType: 
11-06 17:02:26.563 19207 19355 V Avrcp_ext: AvrcpMessageHandler: received message=18
11-06 17:02:26.563 19207 19338 W bt_btif : bta_av_offload_req Restricting AVDTP MTU size to 663
11-06 17:02:26.563 19207 19355 V Avrcp_ext: MSG_SET_A2DP_AUDIO_STATE:10
11-06 17:02:26.563 19207 19338 D a2dp_codec: A2DP_GetCodecType: 
11-06 17:02:26.563 19207 19361 D A2dpStateMachine: A2DP Playing state : device: CC:14:BC:18:C0:EE State:NOT_PLAYING->PLAYING
11-06 17:02:26.563 19207 19338 D a2dp_codec: A2DP_GetCodecType: 
11-06 17:02:26.563 19207 19338 D bt_btif : bta_av_vendor_offload_start: vsc flags:-vs_configs_exchanged:0 tx_started:1 tx_start_initiated:0tx_enc_update_initiated:1 tx_stop_initiated: 1
11-06 17:02:26.563 19207 19355 V Avrcp_ext: event for device address CC:14:BC:18:C0:EE
11-06 17:02:26.563 19207 19355 I Avrcp_ext: device found at index 0
11-06 17:02:26.563 19207 19355 D BATService: getBATService(): service is NULL
11-06 17:02:26.564 19207 19355 V Avrcp_ext: updateCurrentMediaState: mMediaController: null
11-06 17:02:26.564 19207 19355 V Avrcp_ext: isMusicActive: false getBluetoothPlayState: 1
11-06 17:02:26.564 19207 19355 V Avrcp_ext: updateCurrentMediaState: isPlaying = true
11-06 17:02:26.564 19207 19355 I Avrcp_ext: device found at index 0
11-06 17:02:26.564 19207 19355 V Avrcp_ext: Media update: id -1?-1? [MediaAttributes: none] : [MediaAttributes: none]
11-06 17:02:26.564 19207 19355 D Avrcp_ext: isPackageNameValid: browsedPackage = isValid = false
11-06 17:02:26.564 19207 19355 V Avrcp_ext: newPlayStatus:1mReportedPlayStatus:-1
11-06 17:02:26.565 19207 19355 V Avrcp_ext: updatePlaybackState, state: PlaybackState {state=3, position=-1, buffered position=0, speed=1.0, updated=19726229, actions=0, custom actions=[], active item id=-1, error=null} device: CC:14:BC:18:C0:EE
11-06 17:02:26.567 19207 19248 D bt_btif : btif_av_state_started_handler: event: BTA_AV_OFFLOAD_START_RSP_EVT flags: 0  index = 0, reconfig_event: 0, codec_cfg_change: 0
11-06 17:02:26.567 19207 19248 I btif_av : isBATEnabled: 0
11-06 17:02:26.567 19207 19361 I A2dpStateMachine: state:AUDIO_STATE_STARTED
11-06 17:02:26.567 19207 19355 V Avrcp_ext: Device: EDIFIER W280NB : old state: PlaybackState {state=2, position=-1, buffered position=0, speed=0.0, updated=18894986, actions=0, custom actions=[], active item id=-1, error=null}
11-06 17:02:26.567 19207 19361 D BluetoothAdapterService: getAdapterService() - returning com.android.bluetooth.btservice.AdapterService@d7b2685
11-06 17:02:26.567 19207 19355 V Avrcp_ext: Device: no name: 
11-06 17:02:26.567 19207 19355 I chatty  : uid=1002(bluetooth) BluetoothAvrcpH identical 146 lines
11-06 17:02:26.568 19207 19248 I chatty  : uid=1002(bluetooth) BT Service Call expire 52 lines
11-06 17:02:26.568 19207 19338 I chatty  : uid=1002(bluetooth) btu message loo expire 33 lines
11-06 17:02:26.569 19207 19361 I chatty  : uid=1002(bluetooth) e.StateMachines expire 11 lines
11-06 17:02:26.569 19207 19207 I chatty  : uid=1002(bluetooth) com.android.bluetooth expire 21 lines
11-06 17:02:26.667   750 19336 I chatty  : uid=1002 bluetooth@1.0-s expire 18 lines
11-06 17:02:26.874   866  1570 I chatty  : uid=1041(audioserver) AudioOut_D expire 2 lines
11-06 17:02:26.951  2458  2788 I chatty  : uid=1000(system) com.sim.simvoicecontrol expire 1 line
11-06 17:02:26.952  2458  2789 I chatty  : uid=1000(system) com.sim.simvoicecontrol expire 2 lines
11-06 17:02:27.199  1498  2625 I chatty  : uid=1000(system) Binder:1498_C expire 27 lines
11-06 17:02:27.200   866  1097 I chatty  : uid=1041(audioserver) ApmOutput expire 10 lines
11-06 17:02:27.226   747  1885 I chatty  : uid=1041(audioserver) HwBinder:747_E expire 16 lines
11-06 17:02:27.346  1092  2777 I OMX-VENC: venc_dev: stats: avg. fps 24.48, bitrate 4615617
11-06 17:02:27.655  1498  2051 I ActivityTaskManager: START u0 {flg=0x10000000 cmp=org.jitsi.meet/.LauncherActivity} from uid 1000
11-06 17:02:27.682   795  3282 E ANDR-IOP: io prefetch is disabled
11-06 17:02:27.687  2458  2796 I chatty  : uid=1000(system) com.sim.simvoicecontrol expire 3 lines
