11-06 15:25:33.308  1498  2625 V WindowManager: Orientation start waiting for draw, mDrawState=DRAW_PENDING in Window{4a18700 u0 ScreenDecorOverlayBottom}, surfaceController Surface(name=ScreenDecorOverlayBottom)/@0xe5ad3d7
11-06 15:25:33.386  1498  1531 V WindowManager: Orientation start waiting for draw, mDrawState=DRAW_PENDING in Window{6d85050 u0 ScreenDecorOverlay}, surfaceController Surface(name=ScreenDecorOverlay)/@0xd4c7f88
11-06 15:25:33.441  1498  1546 I WindowManager: Screen frozen for +281ms due to Window{6d85050 u0 ScreenDecorOverlay}
11-06 15:25:36.083  1498  1586 E KernelCpuSpeedReader: Failed to read cpu-freq: /sys/devices/system/cpu/cpu0/cpufreq/stats/time_in_state: open failed: ENOENT (No such file or directory)
11-06 15:25:36.083  1498  1586 E KernelCpuSpeedReader: Failed to read cpu-freq: /sys/devices/system/cpu/cpu4/cpufreq/stats/time_in_state: open failed: ENOENT (No such file or directory)
11-06 15:25:38.457  1498  1545 I ActivityTaskManager: Config changes=20000000 {1.0 ?mcc?mnc [zh_CN] ldltr sw360dp w640dp h336dp 320dpi nrml long land -touch -keyb/v/h -nav/h winConfig={ mBounds=Rect(0, 0 - 1280, 720) mAppBounds=Rect(0, 0 - 1280, 720) mWindowingMode=fullscreen mDisplayWindowingMode=fullscreen mActivityType=undefined mAlwaysOnTop=undefined mRotation=ROTATION_0} s.177}
11-06 15:25:38.470  1498  1545 I WindowManager: Override config changes=20000000 {1.0 ?mcc?mnc [zh_CN] ldltr sw360dp w640dp h336dp 320dpi nrml long land -touch -keyb/v/h -nav/h winConfig={ mBounds=Rect(0, 0 - 1280, 720) mAppBounds=Rect(0, 0 - 1280, 720) mWindowingMode=fullscreen mDisplayWindowingMode=fullscreen mActivityType=undefined mAlwaysOnTop=undefined mRotation=ROTATION_0} s.177} for displayId=0
11-06 15:25:38.480  1498  1545 V WindowManager: Orientation start waiting for draw, mDrawState=DRAW_PENDING in Window{7d2e896 u0 com.sim.mousemode}, surfaceController Surface(name=)/@0x2b7ea55
11-06 15:25:38.480  1498  1545 V WindowManager: Orientation start waiting for draw, mDrawState=DRAW_PENDING in Window{2809c4b u0 com.sim.simvoicecontrol}, surfaceController Surface(name=)/@0xe45a579
11-06 15:25:38.480  1498  1545 V WindowManager: Orientation start waiting for draw, mDrawState=DRAW_PENDING in Window{4a18700 u0 ScreenDecorOverlayBottom}, surfaceController Surface(name=ScreenDecorOverlayBottom)/@0xe5ad3d7
11-06 15:25:38.480  1498  1545 V WindowManager: Orientation start waiting for draw, mDrawState=DRAW_PENDING in Window{6d85050 u0 ScreenDecorOverlay}, surfaceController Surface(name=ScreenDecorOverlay)/@0xd4c7f88
11-06 15:25:38.480  1498  1545 V WindowManager: Orientation start waiting for draw, mDrawState=DRAW_PENDING in Window{8ae073c u0 StatusBar}, surfaceController Surface(name=StatusBar)/@0x28bd9d5
11-06 15:25:38.480  1498  1545 V WindowManager: Orientation start waiting for draw, mDrawState=DRAW_PENDING in Window{689b473 u0 org.jitsi.meet/org.jitsi.meet.sdk.JitsiMeetActivity}, surfaceController Surface(name=org.jitsi.meet/org.jitsi.meet.sdk.JitsiMeetActivity)/@0x296ee5f
11-06 15:25:38.541  1498  2123 V WindowManager: Orientation start waiting for draw, mDrawState=DRAW_PENDING in Window{6d85050 u0 ScreenDecorOverlay}, surfaceController Surface(name=ScreenDecorOverlay)/@0xd4c7f88
11-06 15:25:38.602  1498  2123 V WindowManager: Orientation start waiting for draw, mDrawState=DRAW_PENDING in Window{4a18700 u0 ScreenDecorOverlayBottom}, surfaceController Surface(name=ScreenDecorOverlayBottom)/@0xe5ad3d7
11-06 15:25:38.681  1498  1546 I WindowManager: Screen frozen for +293ms due to Window{2809c4b u0 com.sim.simvoicecontrol}
11-06 15:25:40.188  1498  1545 I ActivityTaskManager: Config changes=20000000 {1.0 ?mcc?mnc [zh_CN] ldltr sw360dp w640dp h336dp 320dpi nrml long land -touch -keyb/v/h -nav/h winConfig={ mBounds=Rect(0, 0 - 1280, 720) mAppBounds=Rect(0, 0 - 1280, 720) mWindowingMode=fullscreen mDisplayWindowingMode=fullscreen mActivityType=undefined mAlwaysOnTop=undefined mRotation=ROTATION_180} s.200}
11-06 15:25:40.199  1498  1545 I WindowManager: Override config changes=20000000 {1.0 ?mcc?mnc [zh_CN] ldltr sw360dp w640dp h336dp 320dpi nrml long land -touch -keyb/v/h -nav/h winConfig={ mBounds=Rect(0, 0 - 1280, 720) mAppBounds=Rect(0, 0 - 1280, 720) mWindowingMode=fullscreen mDisplayWindowingMode=fullscreen mActivityType=undefined mAlwaysOnTop=undefined mRotation=ROTATION_180} s.200} for displayId=0
11-06 15:25:40.206  1498  1545 V WindowManager: Orientation start waiting for draw, mDrawState=DRAW_PENDING in Window{7d2e896 u0 com.sim.mousemode}, surfaceController Surface(name=)/@0x2b7ea55
11-06 15:25:40.206  1498  1545 V WindowManager: Orientation start waiting for draw, mDrawState=DRAW_PENDING in Window{2809c4b u0 com.sim.simvoicecontrol}, surfaceController Surface(name=)/@0xe45a579
11-06 15:25:40.206  1498  1545 V WindowManager: Orientation start waiting for draw, mDrawState=DRAW_PENDING in Window{4a18700 u0 ScreenDecorOverlayBottom}, surfaceController Surface(name=ScreenDecorOverlayBottom)/@0xe5ad3d7
11-06 15:25:40.206  1498  1545 V WindowManager: Orientation start waiting for draw, mDrawState=DRAW_PENDING in Window{6d85050 u0 ScreenDecorOverlay}, surfaceController Surface(name=ScreenDecorOverlay)/@0xd4c7f88
11-06 15:25:40.206  1498  1545 V WindowManager: Orientation start waiting for draw, mDrawState=DRAW_PENDING in Window{8ae073c u0 StatusBar}, surfaceController Surface(name=StatusBar)/@0x28bd9d5
11-06 15:25:40.207  1498  1545 V WindowManager: Orientation start waiting for draw, mDrawState=DRAW_PENDING in Window{689b473 u0 org.jitsi.meet/org.jitsi.meet.sdk.JitsiMeetActivity}, surfaceController Surface(name=org.jitsi.meet/org.jitsi.meet.sdk.JitsiMeetActivity)/@0x296ee5f
11-06 15:25:40.273  1498  6135 V WindowManager: Orientation start waiting for draw, mDrawState=DRAW_PENDING in Window{6d85050 u0 ScreenDecorOverlay}, surfaceController Surface(name=ScreenDecorOverlay)/@0xd4c7f88
11-06 15:25:40.312  1498  6135 V WindowManager: Orientation start waiting for draw, mDrawState=DRAW_PENDING in Window{4a18700 u0 ScreenDecorOverlayBottom}, surfaceController Surface(name=ScreenDecorOverlayBottom)/@0xe5ad3d7
11-06 15:25:40.355  1498  1546 I WindowManager: Screen frozen for +224ms due to Window{6d85050 u0 ScreenDecorOverlay}
11-06 15:25:44.486  1498  1545 I ActivityTaskManager: Config changes=20000000 {1.0 ?mcc?mnc [zh_CN] ldltr sw360dp w640dp h336dp 320dpi nrml long land -touch -keyb/v/h -nav/h winConfig={ mBounds=Rect(0, 0 - 1280, 720) mAppBounds=Rect(0, 0 - 1280, 720) mWindowingMode=fullscreen mDisplayWindowingMode=fullscreen mActivityType=undefined mAlwaysOnTop=undefined mRotation=ROTATION_0} s.223}
11-06 15:25:44.504  1498  1545 I WindowManager: Override config changes=20000000 {1.0 ?mcc?mnc [zh_CN] ldltr sw360dp w640dp h336dp 320dpi nrml long land -touch -keyb/v/h -nav/h winConfig={ mBounds=Rect(0, 0 - 1280, 720) mAppBounds=Rect(0, 0 - 1280, 720) mWindowingMode=fullscreen mDisplayWindowingMode=fullscreen mActivityType=undefined mAlwaysOnTop=undefined mRotation=ROTATION_0} s.223} for displayId=0
11-06 15:25:44.514  1498  1545 V WindowManager: Orientation start waiting for draw, mDrawState=DRAW_PENDING in Window{7d2e896 u0 com.sim.mousemode}, surfaceController Surface(name=)/@0x2b7ea55
11-06 15:25:44.514  1498  1545 V WindowManager: Orientation start waiting for draw, mDrawState=DRAW_PENDING in Window{2a72282 u0 com.sim.simvoicecontrol}, surfaceController Surface(name=)/@0xe0105c9
11-06 15:25:44.514  1498  1545 V WindowManager: Orientation start waiting for draw, mDrawState=DRAW_PENDING in Window{4a18700 u0 ScreenDecorOverlayBottom}, surfaceController Surface(name=ScreenDecorOverlayBottom)/@0xe5ad3d7
11-06 15:25:44.514  1498  1545 V WindowManager: Orientation start waiting for draw, mDrawState=DRAW_PENDING in Window{6d85050 u0 ScreenDecorOverlay}, surfaceController Surface(name=ScreenDecorOverlay)/@0xd4c7f88
11-06 15:25:44.514  1498  1545 V WindowManager: Orientation start waiting for draw, mDrawState=DRAW_PENDING in Window{8ae073c u0 StatusBar}, surfaceController Surface(name=StatusBar)/@0x28bd9d5
11-06 15:25:44.514  1498  1545 V WindowManager: Orientation start waiting for draw, mDrawState=DRAW_PENDING in Window{689b473 u0 org.jitsi.meet/org.jitsi.meet.sdk.JitsiMeetActivity}, surfaceController Surface(name=org.jitsi.meet/org.jitsi.meet.sdk.JitsiMeetActivity)/@0x296ee5f
11-06 15:25:44.591  1498  8187 V WindowManager: Orientation start waiting for draw, mDrawState=DRAW_PENDING in Window{6d85050 u0 ScreenDecorOverlay}, surfaceController Surface(name=ScreenDecorOverlay)/@0xd4c7f88
11-06 15:25:44.639  1498  8187 V WindowManager: Orientation start waiting for draw, mDrawState=DRAW_PENDING in Window{4a18700 u0 ScreenDecorOverlayBottom}, surfaceController Surface(name=ScreenDecorOverlayBottom)/@0xe5ad3d7
11-06 15:25:44.679  1498  1546 I WindowManager: Screen frozen for +262ms due to Window{6d85050 u0 ScreenDecorOverlay}
11-06 15:25:53.188  1498  1563 I UsbPortManager: ClientCallback V1_2: port0
11-06 15:25:53.188  1498  1542 I UsbPortManager: USB port changed: port=UsbPort{id=port0, supportedModes=dual, audio_accsupportedContaminantProtectionModes=5supportsEnableContaminantPresenceProtection=falsesupportsEnableContaminantPresenceDetection=false, status=UsbPortStatus{connected=true, currentMode=ufp, currentPowerRole=sink, currentDataRole=device, supportedRoleCombinations=[source:host, sink:device], contaminantDetectionStatus=2, contaminantProtectionStatus=1}, canChangeMode=true, canChangePowerRole=false, canChangeDataRole=false, connectedAtMillis=13932853, lastConnectDurationMillis=0
11-06 15:25:53.424  1498  1544 I EntropyMixer: Writing entropy...
11-06 15:25:53.531  1498  1586 E KernelCpuSpeedReader: Failed to read cpu-freq: /sys/devices/system/cpu/cpu0/cpufreq/stats/time_in_state: open failed: ENOENT (No such file or directory)
11-06 15:25:53.532  1498  1586 E KernelCpuSpeedReader: Failed to read cpu-freq: /sys/devices/system/cpu/cpu4/cpufreq/stats/time_in_state: open failed: ENOENT (No such file or directory)
11-06 15:25:53.569  1498  1498 W Looper  : Slow dispatch took 139ms main h=com.android.server.power.Notifier$NotifierHandler c=null m=6
11-06 15:25:53.586  1498  1586 W BatteryExternalStatsWorker: modem info is invalid: ModemActivityInfo{ mTimestamp=0 mSleepTimeMs=0 mIdleTimeMs=0 mTransmitPowerInfo[]=[TransmitPower{ mTimeInMillis=0 mPowerRangeInDbm={-2147483648,0}}, TransmitPower{ mTimeInMillis=0 mPowerRangeInDbm={0,5}}, TransmitPower{ mTimeInMillis=0 mPowerRangeInDbm={5,15}}, TransmitPower{ mTimeInMillis=0 mPowerRangeInDbm={15,20}}, TransmitPower{ mTimeInMillis=0 mPowerRangeInDbm={20,2147483647}}] mRxTimeMs=0}
11-06 15:25:53.711  1498  1542 D UsbDeviceManager: push notification:       USB       
11-06 15:25:53.917  1498  1498 W NotificationHistory: Attempted to add notif for locked/gone/disabled user 0
11-06 15:25:53.925  1498  1498 W NotificationHistory: Attempted to add notif for locked/gone/disabled user 0
11-06 15:26:02.201  1498  4920 D WindowManager: setVoiceControlEnable :1
11-06 15:26:02.267  1498  1531 D WindowManager: setVoiceControlEnable :1
11-06 15:26:02.270  1498  1531 D WindowManager: setVoiceControlEnable :1
11-06 15:26:02.299  1498  1545 D CompatibilityChangeReporter: Compat change id reported: 136219221; UID 10215; state: ENABLED
11-06 15:26:02.308  3431  3431 W ContextImpl: Calling a method in the system process without a qualified user: android.app.ContextImpl.bindService:1748 android.content.ContextWrapper.bindService:756 com.sim.launcher.MyProgramsActivity.bindVoiceService:356 com.sim.launcher.MyProgramsActivity.onResume:300 android.app.Instrumentation.callActivityOnResume:1457 
11-06 15:26:02.999  1498  1813 D ConnectivityService: releasing NetworkRequest [ REQUEST id=66, [ Transports: CELLULAR Capabilities: INTERNET&NOT_RESTRICTED&TRUSTED&NOT_VPN Uid: 10215 AdministratorUids: [] RequestorUid: 10215 RequestorPackageName: org.jitsi.meet] ] (release request)
11-06 15:26:03.197  1498  1498 E NotificationService: ledNotification: null
11-06 15:26:03.197  1498  1498 E NotificationService:  isInCall(): false
11-06 15:26:03.197  1498  1498 E NotificationService:  mScreenOn: true
11-06 15:26:03.197  1498  1498 E NotificationService:  mNotificationPulseEnabled: true
11-06 15:26:03.281  1498  2516 I Telecom : CallAudioRouteStateMachine: Message received: SPEAKER_OFF=1007, arg1=0: CARSM.mSPCR->CARSM.pM_SPEAKER_OFF@AgI
11-06 15:26:03.281  1498  2516 I Telecom : QuiescentEarpieceRoute: Processing message SPEAKER_OFF: CARSM.mSPCR->CARSM.pM_SPEAKER_OFF@AgI
11-06 15:26:05.270  1498  3293 E TaskPersister: File error accessing recents directory (directory doesn't exist?).
11-06 15:26:05.347  1498  4839 I ActivityTaskManager: START u0 {flg=0x10000000 cmp=com.android.settings/.Settings} from uid 1000
11-06 15:26:05.388  1498  2625 I ActivityTaskManager: The Process com.android.settings Already Exists in BG. So sending its PID: 28736
11-06 15:26:05.389  1498  2625 W ActivityTaskManager: Tried to set launchTime (0) < mLastActivityLaunchTime (12216678)
11-06 15:26:05.394  1498  2625 D WindowManager: setVoiceControlEnable :1
11-06 15:26:05.395  1498  2625 D WindowManager: setVoiceControlEnable :1
11-06 15:26:05.402  1498  1545 D OomAdjuster: App adj change from cached state to fg state : 28736 com.android.settings
11-06 15:26:05.433 28736 28736 W ContextImpl: Calling a method in the system process without a qualified user: android.app.ContextImpl.bindService:1748 android.content.ContextWrapper.bindService:756 com.android.settings.homepage.SettingsHomepageActivity.bindVoiceService:225 com.android.settings.homepage.SettingsHomepageActivity.onCreate:109 android.app.Activity.performCreate:7994 
11-06 15:26:05.471  1498  8187 D WifiDisplayAdapter: getWifiDisplayStatusLocked: result=WifiDisplayStatus{featureState=2, scanState=0, activeDisplayState=0, activeDisplay=null, displays=[], sessionInfo=WifiDisplaySessionInfo:
11-06 15:26:05.471  1498  8187 D WifiDisplayAdapter:     Client/Owner: Client
11-06 15:26:05.471  1498  8187 D WifiDisplayAdapter:     GroupId: 
11-06 15:26:05.471  1498  8187 D WifiDisplayAdapter:     Passphrase: 
11-06 15:26:05.471  1498  8187 D WifiDisplayAdapter:     SessionId: 0
11-06 15:26:05.471  1498  8187 D WifiDisplayAdapter:     IP Address: }
11-06 15:26:05.474  1498  8187 D WifiDisplayAdapter: getWifiDisplayStatusLocked: result=WifiDisplayStatus{featureState=2, scanState=0, activeDisplayState=0, activeDisplay=null, displays=[], sessionInfo=WifiDisplaySessionInfo:
11-06 15:26:05.474  1498  8187 D WifiDisplayAdapter:     Client/Owner: Client
11-06 15:26:05.474  1498  8187 D WifiDisplayAdapter:     GroupId: 
11-06 15:26:05.474  1498  8187 D WifiDisplayAdapter:     Passphrase: 
11-06 15:26:05.474  1498  8187 D WifiDisplayAdapter:     SessionId: 0
11-06 15:26:05.474  1498  8187 D WifiDisplayAdapter:     IP Address: }
11-06 15:26:06.812  1498  2625 I ActivityTaskManager: START u0 {act=android.intent.action.MAIN cmp=com.android.settings/.SubSettings (has extras)} from uid 1000
11-06 15:26:06.829  1498  4920 I ActivityTaskManager: The Process com.android.settings Already Exists in BG. So sending its PID: 28736
11-06 15:26:06.830  1498  4920 W ActivityTaskManager: Tried to set launchTime (0) < mLastActivityLaunchTime (12705417)
11-06 15:26:06.832  1498  4920 D WindowManager: setVoiceControlEnable :1
11-06 15:26:06.832  1498  4920 D WindowManager: setVoiceControlEnable :1
11-06 15:26:06.903 28736 28736 W ContextImpl: Calling a method in the system process without a qualified user: android.app.ContextImpl.bindService:1748 android.content.ContextWrapper.bindService:756 com.android.settings.SettingsActivity.bindVoiceService:1092 com.android.settings.SettingsActivity.onCreate:460 android.app.Activity.performCreate:7994 
11-06 15:26:08.534  1498  6135 I ActivityTaskManager: START u0 {act=android.intent.action.MAIN cmp=com.android.settings/.SubSettings (has extras)} from uid 1000
11-06 15:26:08.553  1498  8187 I ActivityTaskManager: The Process com.android.settings Already Exists in BG. So sending its PID: 28736
11-06 15:26:08.553  1498  8187 W ActivityTaskManager: Tried to set launchTime (0) < mLastActivityLaunchTime (12706857)
11-06 15:26:08.557  1498  8187 D WindowManager: setVoiceControlEnable :1
11-06 15:26:08.557  1498  8187 D WindowManager: setVoiceControlEnable :1
11-06 15:26:08.608  1498  2625 E UserRestrictionsUtils: Unknown restriction queried by uid 1000 (com.android.location.fused et al): null
11-06 15:26:08.609  1498  2625 E UserRestrictionsUtils: Unknown restriction queried by uid 1000 (com.android.location.fused et al): null
11-06 15:26:08.611 28736 28736 W ContextImpl: Calling a method in the system process without a qualified user: android.app.ContextImpl.bindService:1748 android.content.ContextWrapper.bindService:756 com.android.settings.SettingsActivity.bindVoiceService:1092 com.android.settings.SettingsActivity.onCreate:460 android.app.Activity.performCreate:7994 
11-06 15:26:09.511  1498  3293 E TaskPersister: File error accessing recents directory (directory doesn't exist?).
11-06 15:26:10.530  1498  8187 D WindowManager: setVoiceControlEnable :1
11-06 15:26:10.801  1498  8187 I chatty  : uid=1000(system) Binder:1498_14 identical 4 lines
11-06 15:26:10.805  1498  8187 D WindowManager: setVoiceControlEnable :1
11-06 15:26:14.887  1498  3293 E TaskPersister: File error accessing recents directory (directory doesn't exist?).
11-06 15:26:15.513  1498  4920 D WindowManager: setVoiceControlEnable :1
11-06 15:26:15.551  1498  2625 D WindowManager: setVoiceControlEnable :1
11-06 15:26:15.554  1498  2625 D WindowManager: setVoiceControlEnable :1
11-06 15:26:15.576  3431  3431 W ContextImpl: Calling a method in the system process without a qualified user: android.app.ContextImpl.bindService:1748 android.content.ContextWrapper.bindService:756 com.sim.launcher.MyProgramsActivity.bindVoiceService:356 com.sim.launcher.MyProgramsActivity.onResume:300 android.app.Instrumentation.callActivityOnResume:1457 
11-06 15:26:16.810  1498  2123 I ActivityTaskManager: START u0 {flg=0x10000000 cmp=org.jitsi.meet/.LauncherActivity} from uid 1000
11-06 15:26:16.864  1498  4920 I ActivityTaskManager: The Process org.jitsi.meet Already Exists in BG. So sending its PID: 29440
11-06 15:26:16.864  1498  4920 W ActivityTaskManager: Tried to set launchTime (0) < mLastActivityLaunchTime (12225587)
11-06 15:26:16.867  1498  4920 D WindowManager: setVoiceControlEnable :1
11-06 15:26:16.867  1498  4920 D WindowManager: setVoiceControlEnable :1
11-06 15:26:16.871  1498  1545 D OomAdjuster: App adj change from cached state to fg state : 29440 org.jitsi.meet
11-06 15:26:18.981  1498  4920 W NotificationService: Toast already killed. pkg=org.jitsi.meet token=android.os.BinderProxy@a580a2f
11-06 15:26:19.230  1498  8187 I ActivityTaskManager: START u0 {cmp=org.jitsi.meet/.UpdateLoadingActivity (has extras)} from uid 10215
11-06 15:26:19.241  1498  2625 I ActivityTaskManager: The Process org.jitsi.meet Already Exists in BG. So sending its PID: 29440
11-06 15:26:19.242  1498  2625 W ActivityTaskManager: Tried to set launchTime (0) < mLastActivityLaunchTime (12716892)
11-06 15:26:19.244  1498  2625 D WindowManager: setVoiceControlEnable :1
11-06 15:26:19.244  1498  2625 D WindowManager: setVoiceControlEnable :1
11-06 15:26:19.412  1498  8187 I ActivityTaskManager: START u0 {cmp=org.jitsi.meet/.MainActivity (has extras)} from uid 10215
11-06 15:26:19.436  1498  4920 I ActivityTaskManager: The Process org.jitsi.meet Already Exists in BG. So sending its PID: 29440
11-06 15:26:19.437  1498  4920 W ActivityTaskManager: Tried to set launchTime (0) < mLastActivityLaunchTime (12719269)
11-06 15:26:19.439  1498  4920 D WindowManager: setVoiceControlEnable :1
11-06 15:26:19.439  1498  4920 D WindowManager: setVoiceControlEnable :1
11-06 15:26:19.507  1498  4920 I ActivityTaskManager: START u0 {act=org.jitsi.meet.CONFERENCE cmp=org.jitsi.meet/.sdk.JitsiMeetActivity (has extras)} from uid 10215
11-06 15:26:19.542  1498  4920 I ActivityTaskManager: The Process org.jitsi.meet Already Exists in BG. So sending its PID: 29440
11-06 15:26:19.542  1498  4920 W ActivityTaskManager: Tried to set launchTime (0) < mLastActivityLaunchTime (12719464)
11-06 15:26:19.545  1498  4920 D WindowManager: setVoiceControlEnable :1
11-06 15:26:19.545  1498  4920 D WindowManager: setVoiceControlEnable :1
11-06 15:26:20.515  1498  1545 W WindowManager: Unable to start animation, surface is null or no children.
11-06 15:26:21.291  1498  3293 E TaskPersister: File error accessing recents directory (directory doesn't exist?).
11-06 15:26:22.956  1498  4839 W NotificationService: Toast already killed. pkg=org.jitsi.meet token=android.os.BinderProxy@985ba24
11-06 15:26:24.951  1498  1498 D NotificationService: 0|org.jitsi.meet|88297|null|10215: granting content://settings/system/notification_sound
11-06 15:26:24.952  1498  1498 I chatty  : uid=1000(system) Binder:1498_3 identical 1 line
11-06 15:26:24.953  1498  1498 D NotificationService: 0|org.jitsi.meet|88297|null|10215: granting content://settings/system/notification_sound
11-06 15:26:24.957  1498  1498 W NotificationHistory: Attempted to add notif for locked/gone/disabled user 0
11-06 15:26:24.958  1498  1498 W Looper  : Slow dispatch took 219ms main h=com.android.server.notification.NotificationManagerService$WorkerHandler c=com.android.server.notification.NotificationManagerService$PostNotificationRunnable@a3df9ab m=0
11-06 15:26:24.958  1498  1498 W Looper  : Slow delivery took 218ms main h=com.android.server.accessibility.AccessibilityManagerService$MainHandler c=<recycled PooledLambda@3b79808> m=0
11-06 15:26:25.049  1498  2516 I Telecom : CallAudioRouteStateMachine: Message received: SPEAKER_OFF=1007, arg1=0: CARSM.mSPCR->CARSM.pM_SPEAKER_OFF@AhA
11-06 15:26:25.049  1498  2516 I Telecom : QuiescentEarpieceRoute: Processing message SPEAKER_OFF: CARSM.mSPCR->CARSM.pM_SPEAKER_OFF@AhA
11-06 15:26:25.055  1498  1498 W Looper  : Drained
11-06 15:26:29.970  1498  1498 W WindowManager: removeWindowToken: Attempted to remove non-existing token: android.os.Binder@bf5a003
11-06 15:26:30.080  1498  2123 D ConnectivityService: requestNetwork for uid/pid:10215/29440 NetworkRequest [ REQUEST id=68, [ Transports: CELLULAR Capabilities: INTERNET&NOT_RESTRICTED&TRUSTED&NOT_VPN Uid: 10215 AdministratorUids: [] RequestorUid: 10215 RequestorPackageName: org.jitsi.meet] ]
11-06 15:26:30.084  1498  1813 D ConnectivityService: NetReassign [no changes]
11-06 15:26:30.089  1498  1813 D ConnectivityService: NetReassign [no changes]
11-06 15:26:33.928  1498  1498 W WindowManager: removeWindowToken: Attempted to remove non-existing token: android.os.Binder@b7cb8b1
11-06 15:26:35.650  1150  1150 E TLOC    : [TLOCChannel]"Can't receive message due to timeout"
11-06 15:26:35.654  1150  1150 I TLOC    : [ModemComm  ]"Request succeeded for gps engine lock"
11-06 15:26:35.654  1150  1150 D TLOC    : [TLOCChannel] "Going to receive message for TLOCD"
11-06 15:26:35.654  1150  1150 D TLOC    : [TLOCChannel] "wait for message for user TLOCD"
11-06 15:26:36.651  1150  1150 E TLOC    : [TLOCChannel]"Can't receive message due to timeout"
11-06 15:26:36.651  1150  1150 E TLOC    : [TLOCDaemon ]"Couldn't receive command response"
11-06 15:26:36.651  1150  1150 I TLOC    : [TLOCDaemon ]"timeout passed - start periodic warm-up"
11-06 15:26:36.651  1150  1150 I TLOC    : [ModemComm  ]"Start a session successfully"
11-06 15:26:36.651  1150  1150 D TLOC    : [TLOCDaemon ]"The command finished successfully"
11-06 15:26:36.651  1150  1150 D TLOC    : [TLOCDaemon ]"waiting for command"
11-06 15:26:36.651  1150  1150 D TLOC    : [TLOCChannel] "Going to receive message for TLOCD"
11-06 15:26:36.651  1150  1150 D TLOC    : [TLOCChannel] "wait for message for user TLOCD"
11-06 15:26:56.652  1150  1150 E TLOC    : [TLOCChannel]"Can't receive message due to timeout"
11-06 15:26:56.652  1150  1150 I TLOC    : [TLOCDaemon ]"timeout passed with no location fix - close the session"
11-06 15:26:56.653  1150  1442 I TLOC    : [Modem      ]"Received event indication of position report with status USER_END"
11-06 15:26:56.655  1150  1150 I TLOC    : [ModemComm  ]"Stopped the session successfully"
11-06 15:26:56.655  1150  1150 D TLOC    : [TLOCDaemon ]"The command finished successfully"
11-06 15:26:56.655  1150  1150 D TLOC    : [TLOCDaemon ]"waiting for command"
11-06 15:26:56.655  1150  1150 D TLOC    : [TLOCChannel] "Going to receive message for TLOCD"
11-06 15:26:56.655  1150  1150 D TLOC    : [TLOCChannel] "wait for message for user TLOCD"
11-06 15:26:59.879  1498  6135 D WindowManager: setVoiceControlEnable :1
11-06 15:26:59.950  1498  4839 D WindowManager: setVoiceControlEnable :1
11-06 15:26:59.954  1498  4839 D WindowManager: setVoiceControlEnable :1
11-06 15:26:59.992  3431  3431 W ContextImpl: Calling a method in the system process without a qualified user: android.app.ContextImpl.bindService:1748 android.content.ContextWrapper.bindService:756 com.sim.launcher.MyProgramsActivity.bindVoiceService:356 com.sim.launcher.MyProgramsActivity.onResume:300 android.app.Instrumentation.callActivityOnResume:1457 
11-06 15:27:00.953  1498  1498 E NotificationService: ledNotification: null
11-06 15:27:00.953  1498  1498 E NotificationService:  isInCall(): true
11-06 15:27:00.953  1498  1498 E NotificationService:  mScreenOn: true
11-06 15:27:00.953  1498  1498 E NotificationService:  mNotificationPulseEnabled: true
11-06 15:27:00.961  1498  1813 D ConnectivityService: releasing NetworkRequest [ REQUEST id=68, [ Transports: CELLULAR Capabilities: INTERNET&NOT_RESTRICTED&TRUSTED&NOT_VPN Uid: 10215 AdministratorUids: [] RequestorUid: 10215 RequestorPackageName: org.jitsi.meet] ] (release request)
11-06 15:27:01.134  1498  2516 I Telecom : CallAudioRouteStateMachine: Message received: SPEAKER_OFF=1007, arg1=0: CARSM.mSPCR->CARSM.pM_SPEAKER_OFF@AiQ
11-06 15:27:01.134  1498  2516 I Telecom : QuiescentEarpieceRoute: Processing message SPEAKER_OFF: CARSM.mSPCR->CARSM.pM_SPEAKER_OFF@AiQ
11-06 15:27:03.017  1498  3293 E TaskPersister: File error accessing recents directory (directory doesn't exist?).
11-06 15:27:03.575  1498  3293 E TaskPersister: File error accessing recents directory (directory doesn't exist?).
11-06 15:30:55.644  1498  1586 E KernelCpuSpeedReader: Failed to read cpu-freq: /sys/devices/system/cpu/cpu4/cpufreq/stats/time_in_state: open failed: ENOENT (No such file or directory)
11-06 15:30:55.645  1498  1586 E KernelCpuSpeedReader: Failed to read cpu-freq: /sys/devices/system/cpu/cpu0/cpufreq/stats/time_in_state: open failed: ENOENT (No such file or directory)
11-06 15:34:32.655  1498  1568 I UsageStatsService: User[0] Flushing usage stats to disk
11-06 15:36:52.408  1498  1604 V DisplayPowerController: Brightness [0.05] reason changing to: 'manual [ dim ]', previous reason: 'manual'.
11-06 15:36:52.431  1498  1586 E KernelCpuSpeedReader: Failed to read cpu-freq: /sys/devices/system/cpu/cpu4/cpufreq/stats/time_in_state: open failed: ENOENT (No such file or directory)
11-06 15:36:52.432  1498  1586 E KernelCpuSpeedReader: Failed to read cpu-freq: /sys/devices/system/cpu/cpu0/cpufreq/stats/time_in_state: open failed: ENOENT (No such file or directory)
11-06 15:36:59.605  1498  1604 I PowerManagerService: Going to sleep due to timeout (uid 1000)...
11-06 15:36:59.676  1498  1604 V DisplayPowerController: Brightness [0.76] reason changing to: 'manual', previous reason: 'manual [ dim ]'.
11-06 15:37:00.105  1498  1604 I DisplayPowerController: Blocking screen off
11-06 15:37:00.106  1498  1604 I DisplayPowerController: Unblocked screen off after 1 ms
11-06 15:37:00.110  1498  1604 D ActivityTaskManager: Top Process State changed to PROCESS_STATE_TOP_SLEEPING
11-06 15:37:00.124  1498  1545 W ProcessStats: Tracking association SourceState{a7baa60 com.sim.launcher/1000 Top #4169} whose proc state 1 is better than process ProcessState{ad0fb19 com.sim.simvoicecontrol/1000 pkg=com.sim.simvoicecontrol} proc state 2 (0 skipped)
11-06 15:37:00.126  1498  1604 V DisplayPowerController: Brightness [-1.0] reason changing to: 'screen_off', previous reason: 'manual'.
11-06 15:37:00.132  1498  1586 E KernelCpuSpeedReader: Failed to read cpu-freq: /sys/devices/system/cpu/cpu4/cpufreq/stats/time_in_state: open failed: ENOENT (No such file or directory)
11-06 15:37:00.133  1498  1586 E KernelCpuSpeedReader: Failed to read cpu-freq: /sys/devices/system/cpu/cpu0/cpufreq/stats/time_in_state: open failed: ENOENT (No such file or directory)
11-06 15:37:00.163  1498  1545 I DisplayManagerService: Display device changed state: "      ", OFF
11-06 15:37:00.200  1498  1604 I DreamManagerService: Entering dreamland.
11-06 15:37:00.201  1498  1604 I PowerManagerService: Dozing...
11-06 15:37:00.202  1498  1542 I DreamController: Starting dream: name=ComponentInfo{com.android.systemui/com.android.systemui.doze.DozeService}, isTest=false, canDoze=true, userId=0
11-06 15:37:00.271  1498  1498 E NIT     : getNetworkInfo = 1
11-06 15:37:00.273  1498  1498 E NotificationService: ledNotification: null
11-06 15:37:00.273  1498  1498 E NotificationService:  isInCall(): false
11-06 15:37:00.273  1498  1498 E NotificationService:  mScreenOn: false
11-06 15:37:00.273  1498  1498 E NotificationService:  mNotificationPulseEnabled: true
11-06 15:37:00.300  1498  1546 V WindowManager: Orientation start waiting for draw, mDrawState=DRAW_PENDING in Window{4fa03f8 u0 NotificationShade}, surfaceController Surface(name=NotificationShade)/@0x9c83d29
11-06 15:37:00.382  1498  4839 E AppOps  : Attribution not found: uid=1000 pkg=com.sim.simvoicecontrol(null) op=RECORD_AUDIO
11-06 15:37:05.118  1498  1545 W ActivityTaskManager: Sleep timeout!  Sleeping now.
11-06 15:41:00.034  1498  1586 E KernelCpuSpeedReader: Failed to read cpu-freq: /sys/devices/system/cpu/cpu4/cpufreq/stats/time_in_state: open failed: ENOENT (No such file or directory)
11-06 15:41:00.034  1498  1586 E KernelCpuSpeedReader: Failed to read cpu-freq: /sys/devices/system/cpu/cpu0/cpufreq/stats/time_in_state: open failed: ENOENT (No such file or directory)
11-06 15:42:06.668  1498  1498 V BackupManagerService: [UserID:0] Scheduling immediate backup pass
11-06 15:42:06.668  1498  1498 W BackupManagerService: [UserID:0] Backup pass but enabled=false setupComplete=true
11-06 15:45:21.905  1498  1586 E KernelCpuSpeedReader: Failed to read cpu-freq: /sys/devices/system/cpu/cpu4/cpufreq/stats/time_in_state: open failed: ENOENT (No such file or directory)
11-06 15:45:21.906  1498  1586 E KernelCpuSpeedReader: Failed to read cpu-freq: /sys/devices/system/cpu/cpu0/cpufreq/stats/time_in_state: open failed: ENOENT (No such file or directory)
11-06 15:45:21.938  1498  1586 E KernelCpuSpeedReader: Failed to read cpu-freq: /sys/devices/system/cpu/cpu4/cpufreq/stats/time_in_state: open failed: ENOENT (No such file or directory)
11-06 15:45:21.938  1498  1586 E KernelCpuSpeedReader: Failed to read cpu-freq: /sys/devices/system/cpu/cpu0/cpufreq/stats/time_in_state: open failed: ENOENT (No such file or directory)
11-06 15:49:06.217  1498  1498 W Looper  : Slow dispatch took 103ms main h=android.os.Handler c=com.android.server.-$$Lambda$BatteryService$D1kwd7L7yyqN5niz3KWkTepVmUk@ea01e3c m=0
11-06 15:51:34.331  1498  6135 I ActivityTaskManager: START u0 {flg=0x10800000 cmp=com.android.systemui/.recents.RecentsActivity} from uid 10130
11-06 15:51:34.366  1498  6135 I ActivityTaskManager: The Process com.android.systemui Already Exists in BG. So sending its PID: 1931
11-06 15:51:34.367  1498  6135 W ActivityTaskManager: Tried to set launchTime (0) < mLastActivityLaunchTime (12186473)
11-06 15:51:34.376  1498  6135 D WindowManager: setVoiceControlEnable :1
11-06 15:51:34.376  1498  6135 D WindowManager: setVoiceControlEnable :1
11-06 15:51:34.439  1498  3298 V BackupManagerConstants: getKeyValueBackupIntervalMilliseconds(...) returns 14400000
11-06 15:51:34.440  1498  3298 V BackupManagerConstants: getKeyValueBackupFuzzMilliseconds(...) returns 600000
11-06 15:51:34.440  1498  3298 V BackupManagerConstants: getKeyValueBackupRequiredNetworkType(...) returns 1
11-06 15:51:34.440  1498  3298 V BackupManagerConstants: getKeyValueBackupRequireCharging(...) returns true
11-06 15:51:34.440  1498  3298 V KeyValueBackupJob: Scheduling k/v pass in 246 minutes
11-06 15:51:37.000  1498  1748 I PowerManagerService: Waking up from Dozing (uid=1000, reason=WAKE_REASON_POWER_BUTTON, details=android.policy:POWER)...
11-06 15:51:37.006  1498  1604 I DisplayPowerController: Blocking screen on until initial contents have been drawn.
11-06 15:51:37.008  1498  1604 V DisplayPowerController: Brightness [0.76] reason changing to: 'manual', previous reason: 'screen_off'.
11-06 15:51:37.020  1498  1545 I DisplayManagerService: Display device changed state: "      ", ON
11-06 15:51:37.046  1498  1586 E KernelCpuSpeedReader: Failed to read cpu-freq: /sys/devices/system/cpu/cpu4/cpufreq/stats/time_in_state: open failed: ENOENT (No such file or directory)
11-06 15:51:37.046  1498  1586 E KernelCpuSpeedReader: Failed to read cpu-freq: /sys/devices/system/cpu/cpu0/cpufreq/stats/time_in_state: open failed: ENOENT (No such file or directory)
11-06 15:51:37.076  1498  2625 D ActivityTaskManager: Top Process State changed to PROCESS_STATE_TOP
11-06 15:51:37.078  1498  2625 D WindowManager: setVoiceControlEnable :1
11-06 15:51:37.078  1498  2625 I chatty  : uid=1000(system) Binder:1498_C identical 1 line
11-06 15:51:37.083  1498  2625 D WindowManager: setVoiceControlEnable :1
11-06 15:51:37.105  1498  1498 E NIT     : getNetworkInfo = 1
11-06 15:51:37.116  1498  1604 I DisplayPowerController: Unblocked screen on after 110 ms
11-06 15:51:37.124  1498  1498 E NotificationService: ledNotification: null
11-06 15:51:37.124  1498  1498 E NotificationService:  isInCall(): false
11-06 15:51:37.124  1498  1498 E NotificationService:  mScreenOn: true
11-06 15:51:37.124  1498  1498 E NotificationService:  mNotificationPulseEnabled: true
11-06 15:51:37.758  1498  1604 W PowerManagerService: Screen on took 764 ms
11-06 15:51:37.758  1498  1604 I DreamManagerService: Gently waking up from dream.
11-06 15:51:37.758  1498  1542 I DreamManagerService: Performing gentle wake from dream.
11-06 15:51:37.760  1498  1531 I DreamManagerService: Leaving dreamland.
11-06 15:51:37.761  1498  1542 I DreamManagerService: Performing gentle wake from dream.
11-06 15:51:37.761  1498  1542 I DreamController: Stopping dream: name=ComponentInfo{com.android.systemui/com.android.systemui.doze.DozeService}, isTest=false, canDoze=true, userId=0, reason='finished self'(from 'requested stopDream')
11-06 15:51:38.955  1498  1545 I ActivityManager: Killing 29440:org.jitsi.meet/u0a215 (adj 900): remove task
11-06 15:51:38.958  1498  2625 D WindowManager: setVoiceControlEnable :1
11-06 15:51:38.985  1498  8187 W ActivityTaskManager: Request to remove task ignored for non-existent task 101
11-06 15:51:38.985  1498  2123 W ActivityTaskManager: Request to remove task ignored for non-existent task 100
11-06 15:51:38.988  1498  1531 I ActivityManager: Killing 28736:com.android.settings/1000 (adj 1001): remove task
11-06 15:51:38.999  1498  3293 E TaskPersister: File error accessing recents directory (directory doesn't exist?).
11-06 15:51:39.013  1498  2123 D WindowManager: setVoiceControlEnable :1
11-06 15:51:39.015  1498  2123 D WindowManager: setVoiceControlEnable :1
11-06 15:51:39.024  1498  1545 E ActivityManager: ProcessRecord{13d2422 28736:com.android.settings/1000} is attached to a previous process
11-06 15:51:39.029  1498  1545 E ActivityManager: Already have existing proc ProcessRecord{13d2422 28736:com.android.settings/1000} when adding ProcessRecord{128ff8a 0:com.android.settings/1000}
11-06 15:51:39.030  1498  1545 D CompatibilityChangeReporter: Compat change id reported: 135634846; UID 1000; state: DISABLED
11-06 15:51:39.030  3431  3431 W ContextImpl: Calling a method in the system process without a qualified user: android.app.ContextImpl.bindService:1748 android.content.ContextWrapper.bindService:756 com.sim.launcher.MyProgramsActivity.bindVoiceService:356 com.sim.launcher.MyProgramsActivity.onResume:300 android.app.Instrumentation.callActivityOnResume:1457 
11-06 15:51:39.031  1498  1573 I DropBoxManagerService: add tag=system_server_wtf isTagEnabled=true flags=0x2
11-06 15:51:39.031  1498  1575 E ActivityManager: ProcessRecord{13d2422 28736:com.android.settings/1000} refused to die, but we need to launch ProcessRecord{128ff8a 0:com.android.settings/1000}
11-06 15:51:39.045  1498  1573 I DropBoxManagerService: add tag=system_server_wtf isTagEnabled=true flags=0x2
11-06 15:51:39.053  1498  2124 W ActivityManager: Scheduling restart of crashed service com.android.settings/.ArgoozAudioService in 1000ms for start-requested
11-06 15:51:39.054  1498  2124 W ActivityManager: Scheduling restart of crashed service com.android.settings/.BackupVoltageService in 10989ms for start-requested
11-06 15:51:39.055  1498  1545 W ActivityManager: setHasOverlayUi called on unknown pid: 28736
11-06 15:51:39.056  1498  1575 I ActivityManager: Start proc 30654:com.android.settings/1000 for null
11-06 15:51:39.062  1498  1573 I DropBoxManagerService: add tag=system_server_wtf isTagEnabled=true flags=0x2
11-06 15:51:39.067  1498  1573 W BroadcastQueue: Skipping deliver [background] BroadcastRecord{bef135c u-1 android.intent.action.BATTERY_CHANGED} to ReceiverList{b0eca45 29440 org.jitsi.meet/10215/u0 remote:ed7cabc}: process gone or crashing
11-06 15:51:39.105  1498  1573 W ActivityManager: Scheduling restart of crashed service com.android.settings/.ArgoozAudioService in 20938ms for start-requested
11-06 15:51:39.105  1498  1545 D CompatibilityChangeReporter: Compat change id reported: 136274596; UID 1000; state: ENABLED
11-06 15:51:39.107  1498  1573 W ActivityManager: Scheduling restart of crashed service com.android.settings/.BackupVoltageService in 1000ms for start-requested
11-06 15:51:39.359  1498 30655 D ConnectivityService: ConnectivityService NetworkRequestInfo binderDied(NetworkRequest [ TRACK_DEFAULT id=65, [ Capabilities: INTERNET&NOT_RESTRICTED&TRUSTED Uid: 10215 AdministratorUids: [] RequestorUid: 10215 RequestorPackageName: org.jitsi.meet] ], android.os.BinderProxy@252ebb6)
11-06 15:51:39.360  1498  1813 D ConnectivityService: releasing NetworkRequest [ TRACK_DEFAULT id=65, [ Capabilities: INTERNET&NOT_RESTRICTED&TRUSTED Uid: 10215 AdministratorUids: [] RequestorUid: 10215 RequestorPackageName: org.jitsi.meet] ] (release request)
11-06 15:51:39.369  1498  1545 W ActivityManager: setHasOverlayUi called on unknown pid: 29440
11-06 15:51:43.500  1498  1573 I DropBoxManagerService: add tag=system_server_wtf isTagEnabled=true flags=0x2
11-06 15:51:51.376  1498  2625 I ActivityTaskManager: START u0 {flg=0x10800000 cmp=com.android.systemui/.recents.RecentsActivity} from uid 10130
11-06 15:51:51.390  1498  2625 I ActivityTaskManager: The Process com.android.systemui Already Exists in BG. So sending its PID: 1931
11-06 15:51:51.390  1498  2625 W ActivityTaskManager: Tried to set launchTime (0) < mLastActivityLaunchTime (14234398)
11-06 15:51:51.393  1498  2625 D WindowManager: setVoiceControlEnable :1
11-06 15:51:51.393  1498  2625 D WindowManager: setVoiceControlEnable :1
11-06 15:51:53.519  1498 10703 I ActivityTaskManager: START u0 {act=android.intent.action.MAIN cat=[android.intent.category.HOME] flg=0x10200000 cmp=com.sim.launcher/.mvp.view.LauncherActivity} from uid 10130
11-06 15:51:53.538  1498 10703 D WindowManager: setVoiceControlEnable :1
11-06 15:51:53.551  1498 10703 I chatty  : uid=1000(system) Binder:1498_16 identical 1 line
11-06 15:51:53.554  1498 10703 D WindowManager: setVoiceControlEnable :1
11-06 15:51:54.133  1498  1543 I ActivityTaskManager: START u0 {act=android.intent.action.MAIN cat=[android.intent.category.HOME] flg=0x10000100 cmp=com.sim.launcher/.mvp.view.LauncherActivity (has extras)} from uid 0
11-06 15:51:55.050  1498  8151 I ActivityTaskManager: START u0 {flg=0x20000000 cmp=com.sim.launcher/.MyProgramsActivity} from uid 1000
11-06 15:51:55.085  1498  2625 I ActivityTaskManager: The Process com.sim.launcher Already Exists in BG. So sending its PID: 3431
11-06 15:51:55.086  1498  2625 W ActivityTaskManager: Tried to set launchTime (0) < mLastActivityLaunchTime (12189540)
11-06 15:51:55.091  1498  2625 D WindowManager: setVoiceControlEnable :1
11-06 15:51:55.117  3431  3431 W ContextImpl: Calling a method in the system process without a qualified user: android.app.ContextImpl.bindService:1748 android.content.ContextWrapper.bindService:756 com.sim.launcher.MyProgramsActivity.bindVoiceService:356 com.sim.launcher.MyProgramsActivity.onResume:300 android.app.Instrumentation.callActivityOnResume:1457 
11-06 15:51:56.168  1498  7930 I ActivityTaskManager: START u0 {flg=0x10000000 cmp=org.jitsi.meet/.LauncherActivity} from uid 1000
11-06 15:51:56.196  1498  1545 D CompatibilityChangeReporter: Compat change id reported: 135634846; UID 10215; state: DISABLED
11-06 15:51:56.196  1498  1545 D CompatibilityChangeReporter: Compat change id reported: 135754954; UID 10215; state: ENABLED
11-06 15:51:56.197  1498  1575 D CompatibilityChangeReporter: Compat change id reported: 143937733; UID 10215; state: ENABLED
11-06 15:51:56.226  1498  1575 I ActivityManager: Start proc 30751:org.jitsi.meet/u0a215 for pre-top-activity {org.jitsi.meet/org.jitsi.meet.LauncherActivity}
11-06 15:51:56.253  1498 22557 D WindowManager: setVoiceControlEnable :1
11-06 15:51:56.253  1498 22557 D WindowManager: setVoiceControlEnable :1
11-06 15:51:58.425  1498 22557 W NotificationService: Toast already killed. pkg=org.jitsi.meet token=android.os.BinderProxy@155e067
11-06 15:51:59.246  1498  3293 E TaskPersister: File error accessing recents directory (directory doesn't exist?).
11-06 15:51:59.978  1498  1545 W WindowManager: Unable to start animation, surface is null or no children.
11-06 15:52:03.958  1498 22557 I ActivityTaskManager: START u0 {cmp=org.jitsi.meet/.UpdateLoadingActivity (has extras)} from uid 10215
11-06 15:52:03.976  1498 22557 I ActivityTaskManager: The Process org.jitsi.meet Already Exists in BG. So sending its PID: 30751
11-06 15:52:03.977  1498 22557 W ActivityTaskManager: Tried to set launchTime (0) < mLastActivityLaunchTime (14256278)
11-06 15:52:03.980  1498 22557 D WindowManager: setVoiceControlEnable :1
11-06 15:52:03.980  1498 22557 D WindowManager: setVoiceControlEnable :1
11-06 15:52:04.297  1498  7930 I ActivityTaskManager: START u0 {cmp=org.jitsi.meet/.MainActivity (has extras)} from uid 10215
11-06 15:52:04.310  1498 22557 I ActivityTaskManager: The Process org.jitsi.meet Already Exists in BG. So sending its PID: 30751
11-06 15:52:04.311  1498 22557 W ActivityTaskManager: Tried to set launchTime (0) < mLastActivityLaunchTime (14264005)
11-06 15:52:04.313  1498 22557 D WindowManager: setVoiceControlEnable :1
11-06 15:52:04.313  1498 22557 D WindowManager: setVoiceControlEnable :1
11-06 15:52:04.365  1498  8123 D CompatibilityChangeReporter: Compat change id reported: 136274596; UID 10215; state: ENABLED
11-06 15:52:04.369  1498  8123 I ActivityTaskManager: START u0 {act=org.jitsi.meet.CONFERENCE cmp=org.jitsi.meet/.sdk.JitsiMeetActivity (has extras)} from uid 10215
11-06 15:52:04.407  1498  8123 I ActivityTaskManager: The Process org.jitsi.meet Already Exists in BG. So sending its PID: 30751
11-06 15:52:04.409  1498  8123 W ActivityTaskManager: Tried to set launchTime (0) < mLastActivityLaunchTime (14264338)
11-06 15:52:04.413  1498  8123 D WindowManager: setVoiceControlEnable :1
11-06 15:52:04.413  1498  8123 D WindowManager: setVoiceControlEnable :1
11-06 15:52:05.069  1498  8123 D ConnectivityService: requestNetwork for uid/pid:10215/30751 NetworkRequest [ TRACK_DEFAULT id=70, [ Capabilities: INTERNET&NOT_RESTRICTED&TRUSTED Uid: 10215 AdministratorUids: [] RequestorUid: 10215 RequestorPackageName: org.jitsi.meet] ]
11-06 15:52:05.071  1498  1813 D ConnectivityService: NetReassign [70 : null    100]
11-06 15:52:07.537  1498  3293 E TaskPersister: File error accessing recents directory (directory doesn't exist?).
11-06 15:52:07.817  1498 22557 W NotificationService: Toast already killed. pkg=org.jitsi.meet token=android.os.BinderProxy@15878cc
11-06 15:52:09.421  1498  1498 W WindowManager: removeWindowToken: Attempted to remove non-existing token: android.os.Binder@86aa2ec
11-06 15:52:18.805  1498  1498 W WindowManager: removeWindowToken: Attempted to remove non-existing token: android.os.Binder@7b4b79d
11-06 15:52:22.395  1498  1498 D NotificationService: 0|org.jitsi.meet|107701|null|10215: granting content://settings/system/notification_sound
11-06 15:52:22.396  1498  1498 I chatty  : uid=1000(system) Binder:1498_3 identical 1 line
11-06 15:52:22.397  1498  1498 D NotificationService: 0|org.jitsi.meet|107701|null|10215: granting content://settings/system/notification_sound
11-06 15:52:22.402  1498  1498 W NotificationHistory: Attempted to add notif for locked/gone/disabled user 0
11-06 15:52:22.405  1498  1498 W Looper  : Slow dispatch took 121ms main h=com.android.server.notification.NotificationManagerService$WorkerHandler c=com.android.server.notification.NotificationManagerService$PostNotificationRunnable@720c1e1 m=0
11-06 15:52:22.428  1498  2516 I Telecom : CallAudioRouteStateMachine: Message received: SPEAKER_OFF=1007, arg1=0: CARSM.mSPCR->CARSM.pM_SPEAKER_OFF@Aiw
11-06 15:52:22.428  1498  2516 I Telecom : QuiescentEarpieceRoute: Processing message SPEAKER_OFF: CARSM.mSPCR->CARSM.pM_SPEAKER_OFF@Aiw
11-06 15:52:23.344  1498  7930 D ConnectivityService: requestNetwork for uid/pid:10215/30751 NetworkRequest [ REQUEST id=71, [ Transports: CELLULAR Capabilities: INTERNET&NOT_RESTRICTED&TRUSTED&NOT_VPN Uid: 10215 AdministratorUids: [] RequestorUid: 10215 RequestorPackageName: org.jitsi.meet] ]
11-06 15:52:23.348  1498  1813 D ConnectivityService: NetReassign [no changes]
11-06 15:52:23.350  1498  1813 D ConnectivityService: NetReassign [no changes]
11-06 15:52:45.537  1498  1748 E NotificationService: ledNotification: null
11-06 15:52:45.537  1498  1748 E NotificationService:  isInCall(): true
11-06 15:52:45.537  1498  1748 E NotificationService:  mScreenOn: true
11-06 15:52:45.537  1498  1748 E NotificationService:  mNotificationPulseEnabled: true
11-06 15:52:53.452  1498  1748 I chatty  : uid=1000(system) InputReader identical 23 lines
11-06 15:52:53.800  1498  1748 E NotificationService: ledNotification: null
11-06 15:52:53.800  1498  1748 E NotificationService:  isInCall(): true
11-06 15:52:53.800  1498  1748 E NotificationService:  mScreenOn: true
11-06 15:52:53.800  1498  1748 E NotificationService:  mNotificationPulseEnabled: true
11-06 15:53:54.982  1498  1498 W Looper  : Slow dispatch took 109ms main h=android.os.Handler c=com.android.server.-$$Lambda$BatteryService$D1kwd7L7yyqN5niz3KWkTepVmUk@2dc195 m=0
11-06 15:54:20.182  1498  1586 E KernelCpuSpeedReader: Failed to read cpu-freq: /sys/devices/system/cpu/cpu4/cpufreq/stats/time_in_state: open failed: ENOENT (No such file or directory)
11-06 15:54:20.183  1498  1586 E KernelCpuSpeedReader: Failed to read cpu-freq: /sys/devices/system/cpu/cpu0/cpufreq/stats/time_in_state: open failed: ENOENT (No such file or directory)
11-06 15:54:20.293  1498  1586 W BatteryExternalStatsWorker: modem info is invalid: ModemActivityInfo{ mTimestamp=0 mSleepTimeMs=0 mIdleTimeMs=0 mTransmitPowerInfo[]=[TransmitPower{ mTimeInMillis=0 mPowerRangeInDbm={-2147483648,0}}, TransmitPower{ mTimeInMillis=0 mPowerRangeInDbm={0,5}}, TransmitPower{ mTimeInMillis=0 mPowerRangeInDbm={5,15}}, TransmitPower{ mTimeInMillis=0 mPowerRangeInDbm={15,20}}, TransmitPower{ mTimeInMillis=0 mPowerRangeInDbm={20,2147483647}}] mRxTimeMs=0}
11-06 15:54:32.792  1498  1568 I UsageStatsService: User[0] Flushing usage stats to disk
11-06 15:56:27.717  1498  1498 W Looper  : Slow dispatch took 155ms main h=android.app.ActivityThread$H c=android.app.-$$Lambda$LoadedApk$ReceiverDispatcher$Args$_BumDX2UKsnxLVrE6UJsJZkotuA@e89de41 m=0
11-06 15:56:27.765  1498  1586 E KernelCpuSpeedReader: Failed to read cpu-freq: /sys/devices/system/cpu/cpu4/cpufreq/stats/time_in_state: open failed: ENOENT (No such file or directory)
11-06 15:56:27.765  1498  1586 E KernelCpuSpeedReader: Failed to read cpu-freq: /sys/devices/system/cpu/cpu0/cpufreq/stats/time_in_state: open failed: ENOENT (No such file or directory)
11-06 15:56:27.838  1498  1586 W BatteryExternalStatsWorker: modem info is invalid: ModemActivityInfo{ mTimestamp=0 mSleepTimeMs=0 mIdleTimeMs=0 mTransmitPowerInfo[]=[TransmitPower{ mTimeInMillis=0 mPowerRangeInDbm={-2147483648,0}}, TransmitPower{ mTimeInMillis=0 mPowerRangeInDbm={0,5}}, TransmitPower{ mTimeInMillis=0 mPowerRangeInDbm={5,15}}, TransmitPower{ mTimeInMillis=0 mPowerRangeInDbm={15,20}}, TransmitPower{ mTimeInMillis=0 mPowerRangeInDbm={20,2147483647}}] mRxTimeMs=0}
11-06 15:56:27.842  1498  1586 I BatteryStatsImpl: Resetting battery stats: level=97 status=2 dischargeLevel=97 lowAmount=4 highAmount=5
11-06 15:56:27.852  1498  1586 E KernelCpuSpeedReader: Failed to read cpu-freq: /sys/devices/system/cpu/cpu0/cpufreq/stats/time_in_state: open failed: ENOENT (No such file or directory)
11-06 15:56:27.853  1498  1586 E KernelCpuSpeedReader: Failed to read cpu-freq: /sys/devices/system/cpu/cpu4/cpufreq/stats/time_in_state: open failed: ENOENT (No such file or directory)
11-06 15:56:29.544  1498  1563 I UsbPortManager: ClientCallback V1_2: port0
