11-06 17:02:41.323   752  1257 I chatty  : uid=1047(cameraserver) provider@2.4-se expire 2 lines
11-06 17:02:41.329  1498  1748 I chatty  : uid=1000(system) InputReader expire 2 lines
11-06 17:02:41.365  1498  4839 V WindowManager: Orientation start waiting for draw, mDrawState=DRAW_PENDING in Window{4a18700 u0 ScreenDecorOverlayBottom}, surfaceController Surface(name=ScreenDecorOverlayBottom)/@0xe5ad3d7
11-06 17:02:41.388  1092  1092 E BufferQueueProducer: [GraphicBufferSource](id:44400000037,api:1,p:873,c:1092) dequeueBuffer: BufferQueue has been abandoned
11-06 17:02:41.389   873   873 I chatty  : uid=1000(system) /system/bin/surfaceflinger expire 89 lines
11-06 17:02:41.390  1092  2777 E OMX-VENC: venc_dev: async_venc_message_thread interrupted to be exited
11-06 17:02:41.396  1092  6898 I OMX-VENC: Component Deinit
11-06 17:02:41.408  1498  2625 V WindowManager: Orientation start waiting for draw, mDrawState=DRAW_PENDING in Window{6d85050 u0 ScreenDecorOverlay}, surfaceController Surface(name=ScreenDecorOverlay)/@0xd4c7f88
11-06 17:02:41.409  1931  1944 I ndroid.systemu: Background young concurrent copying GC freed 153190(5840KB) AllocSpace objects, 0(0B) LOS objects, 44% free, 6999KB/12MB, paused 260us total 147.681ms
11-06 17:02:41.417  2709  3101 I OMXClient: IOmx service obtained
11-06 17:02:41.418  1092  6898 I OMXMaster: makeComponentInstance(OMX.qcom.video.encoder.avc) in android.hardwar process
11-06 17:02:41.419  1092  6898 D PlatformConfig: getInstance: Enter
11-06 17:02:41.419  1092  6898 D PlatformConfig: getInt32: Returning default
11-06 17:02:41.419  1092  6898 D PlatformConfig: getInstance: Enter
11-06 17:02:41.419  1092  6898 D PlatformConfig: getInt32 Config name: vidc_no_vpss value: 1
11-06 17:02:41.419  1092  6898 D PlatformConfig: getInstance: Enter
11-06 17:02:41.419  1092  6898 D PlatformConfig: getInt32 Config name: vidc_enc_log_in value: 0
11-06 17:02:41.419  1092  6898 D PlatformConfig: getInstance: Enter
11-06 17:02:41.419  1092  6898 D PlatformConfig: getInt32 Config name: vidc_enc_log_out value: 0
11-06 17:02:41.419  1092  6898 D PlatformConfig: getInstance: Enter
11-06 17:02:41.419  1092  6898 D PlatformConfig: getInt32 Config name: vidc_enc_csc_custom_matrix value: 0
11-06 17:02:41.419  1092  6898 D PlatformConfig: getInstance: Enter
11-06 17:02:41.419  1092  6898 D PlatformConfig: getInt32: Returning default
11-06 17:02:41.419  1092  6898 D PlatformConfig: getInstance: Enter
11-06 17:02:41.419  1092  6898 D PlatformConfig: getInt32 Config name: vidc_disable_hdr value: 3
11-06 17:02:41.419  1092  6898 D PlatformConfig: getInstance: Enter
11-06 17:02:41.419  1092  6898 D PlatformConfig: getInt32: Returning default
11-06 17:02:41.419  1092  6898 D PlatformConfig: getInstance: Enter
11-06 17:02:41.419  1092  6898 D PlatformConfig: getInt32: Returning default
11-06 17:02:41.419  1092  6898 D PlatformConfig: getInstance: Enter
11-06 17:02:41.419  1092  6898 D PlatformConfig: getInt32 Config name: vidc_enc_quality_boost_enable value: 1
11-06 17:02:41.420  1092  6898 I OMX-VENC: Component_init : OMX.qcom.video.encoder.avc : return = 0x0
11-06 17:02:41.427  2709  2709 E liusd   : ------------start format monitor---------------
11-06 17:02:41.427  2709  2709 E liusd   : entry.getKey():max-fps-to-encoder
11-06 17:02:41.427  2709  2709 E liusd   : entry.getValue():30.0
11-06 17:02:41.427  2709  2709 E liusd   : i:0
11-06 17:02:41.427  2709  2709 E liusd   : entry.getKey():color-format
11-06 17:02:41.427  2709  2709 E liusd   : entry.getValue():2130708361
11-06 17:02:41.427  2709  2709 E liusd   : i:1
11-06 17:02:41.428  2709  2709 E liusd   : entry.getKey():i-frame-interval
11-06 17:02:41.428  2709  2709 E liusd   : entry.getValue():10
11-06 17:02:41.428  2709  2709 E liusd   : i:2
11-06 17:02:41.428  2709  2709 E liusd   : entry.getKey():mime
11-06 17:02:41.428  2709  2709 E liusd   : entry.getValue():video/avc
11-06 17:02:41.428  2709  2709 E liusd   : i:3
11-06 17:02:41.428  2709  2709 E liusd   : entry.getKey():width
11-06 17:02:41.428  2709  2709 E liusd   : entry.getValue():1280
11-06 17:02:41.428  2709  2709 E liusd   : i:4
11-06 17:02:41.428  2709  2709 E liusd   : entry.getKey():bitrate
11-06 17:02:41.428  2709  2709 E liusd   : entry.getValue():8000000
11-06 17:02:41.428  2709  2709 E liusd   : i:5
11-06 17:02:41.428  2709  2709 E liusd   : entry.getKey():frame-rate
11-06 17:02:41.428  2709  2709 E liusd   : entry.getValue():60
11-06 17:02:41.428  2709  2709 E liusd   : i:6
11-06 17:02:41.428  2709  2709 E liusd   : entry.getKey():repeat-previous-frame-after
11-06 17:02:41.428  2709  2709 E liusd   : entry.getValue():100000
11-06 17:02:41.428  2709  2709 E liusd   : i:7
11-06 17:02:41.428  2709  2709 E liusd   : entry.getKey():height
11-06 17:02:41.428  2709  2709 E liusd   : entry.getValue():720
11-06 17:02:41.428  2709  2709 E liusd   : i:8
11-06 17:02:41.428  2709  2709 E liusd   : ------------end format monitor---------------
11-06 17:02:41.430  1092  6898 I OMX-VENC: WARN: Enable/Disable allocate-native-handle allowed only in secure session
11-06 17:02:41.430  1092  6898 E OMXNodeInstance: setParameter(0xf3708134:qcom.encoder.avc, OMX.google.android.index.allocateNativeHandle(0x7f00005d): Input:0 en=0) ERROR: UnsupportedSetting(0x80001019)
11-06 17:02:41.431  1092  6898 I OMX-VENC: WARN: Enable/Disable allocate-native-handle allowed only in secure session
11-06 17:02:41.431  1092  6898 E OMXNodeInstance: setParameter(0xf3708134:qcom.encoder.avc, OMX.google.android.index.allocateNativeHandle(0x7f00005d): Output:1 en=0) ERROR: UnsupportedSetting(0x80001019)
11-06 17:02:41.431  1092  6898 I OMX-VENC: WARN: set_parameter: metamode is valid for input port only
11-06 17:02:41.431  1092  6898 W OMXNodeInstance: [0xf3708134:qcom.encoder.avc] component does not support metadata mode; using fallback
11-06 17:02:41.431  2709  3101 I ExtendedACodec: setupVideoEncoder()
11-06 17:02:41.432  2709  3101 W OMXUtils: do not know color format 0x7fa30c04 = 2141391876
11-06 17:02:41.432  2798  3105 I chatty  : uid=10215(org.jitsi.meet) EglThread expire 4 lines
11-06 17:02:41.432  2709  3101 W OMXUtils: do not know color format 0x7fa30c00 = 2141391872
11-06 17:02:41.432  2709  3101 W OMXUtils: do not know color format 0x7f000789 = 2130708361
11-06 17:02:41.433  1092  6898 I OMX-VENC: venc_dev: WARN: Unsupported eColorFormat 0x7f000789
11-06 17:02:41.434  1092  6898 I OMX-VENC: venc_dev: v4l2 profile : 1 flags : 131095 
11-06 17:02:41.435  1092  6898 I OMX-VENC: venc_dev: v4l2 profile : 0 flags : 131095 
11-06 17:02:41.435  1092  6898 I OMX-VENC: venc_dev: v4l2 profile : 2 flags : 131095 
11-06 17:02:41.435  1092  6898 I OMX-VENC: venc_dev: v4l2 profile : 17 flags : 131095 
11-06 17:02:41.435  1092  6898 I OMX-VENC: venc_dev: v4l2 profile : 4 flags : 131095 
11-06 17:02:41.435  2709  3101 I ACodec  : setupAVCEncoderParameters with [profile: High] [level: Level1]
11-06 17:02:41.437  2709  3101 I ACodec  : [OMX.qcom.video.encoder.avc] cannot encode HDR static metadata. Ignoring.
11-06 17:02:41.437  2709  3101 I ACodec  : setupVideoEncoder succeeded
11-06 17:02:41.437  2709  3101 I ExtendedACodec: [OMX.qcom.video.encoder.avc] configure, AMessage : AMessage(what = 'conf', target = 7) = {
11-06 17:02:41.437  2709  3101 I ExtendedACodec:   float max-fps-to-encoder = 30.000000
11-06 17:02:41.437  2709  3101 I ExtendedACodec:   int32_t color-format = 2130708361
11-06 17:02:41.437  2709  3101 I ExtendedACodec:   int32_t i-frame-interval = 10
11-06 17:02:41.437  2709  3101 I ExtendedACodec:   string mime = "video/avc"
11-06 17:02:41.437  2709  3101 I ExtendedACodec:   int32_t width = 1280
11-06 17:02:41.437  2709  3101 I ExtendedACodec:   int32_t bitrate = 8000000
11-06 17:02:41.437  2709  3101 I ExtendedACodec:   int32_t frame-rate = 60
11-06 17:02:41.437  2709  3101 I ExtendedACodec:   int64_t repeat-previous-frame-after = 100000
11-06 17:02:41.437  2709  3101 I ExtendedACodec:   int32_t height = 720
11-06 17:02:41.437  2709  3101 I ExtendedACodec:   int32_t flags = 1
11-06 17:02:41.437  2709  3101 I ExtendedACodec:   int32_t encoder = 1
11-06 17:02:41.437  2709  3101 I ExtendedACodec: }
11-06 17:02:41.437  2709  3101 W OMXUtils: do not know color format 0x7f000789 = 2130708361
11-06 17:02:41.438  1092  1092 E OMX-VENC: ERROR: unsupported index 1870659589
11-06 17:02:41.438  1092  1092 E OMXNodeInstance: getConfig(0xf3708134:qcom.encoder.avc, ConfigLatency(0x6f800005)) ERROR: UnsupportedIndex(0x8000101a)
11-06 17:02:41.450  1092  1092 E OMXNodeInstance: getConfig(0xf3708134:qcom.encoder.avc, ??(0x7f000062)) ERROR: UnsupportedSetting(0x80001019)
11-06 17:02:41.450  1092  1092 I OMX-VENC: venc_dev: venc_get_consumer_usage 0x0
11-06 17:02:41.450  1092  1092 D GraphicBufferSource: setting dataspace: 0x104, acquired=0
11-06 17:02:41.450  1092  1092 I OMX-VENC: venc_dev: venc_get_consumer_usage 0x0
11-06 17:02:41.451  1092  1092 D GraphicBufferSource: requesting color aspects (R:2(Limited), P:1(BT709_5), M:1(BT709_5), T:3(SMPTE170M))
11-06 17:02:41.473   752  1245 I chatty  : uid=1047(cameraserver) provider@2.4-se expire 3 lines
11-06 17:02:41.475   791   984 I libdisplayconfigqti: Register client name: scrcpy873 device client: 0xb4000072ecf28120
11-06 17:02:41.495  1082  2984 W ResourceManagerService: Ignoring request to add new resource entry with value <= 0
11-06 17:02:41.498  1092  3106 D GraphicBufferSource: got buffer with new dataSpace #104
11-06 17:02:41.498  1092  3111 I OMX-VENC: get_config (dataspace changed): ColorSpace: Recommend 601 for RGBA8888
11-06 17:02:41.498  1092  3111 D OMXNodeInstance: Codec resolved it to (R:2(??), P:3(??), M:3(??), T:3(??)) err=0(NO_ERROR)
11-06 17:02:41.498  1092  3111 E OMXNodeInstance: setConfig(0xf3708134:qcom.encoder.avc, ??(0x7f000062)) ERROR: UnsupportedSetting(0x80001019)
11-06 17:02:41.499  1092  3106 W C2DColorConvert: calcYSize: Format not supported , 6
11-06 17:02:41.499  2709  3101 D ACodec  : dataspace changed to 0x10c10000 (R:2(Limited), P:3(BT601_6_625), M:3(BT601_6), T:3(SMPTE170M)) (R:2(Limited), S:2(BT601_625), T:3(SMPTE_170M))
11-06 17:02:41.698  1082  2871 I GenericSource: start
11-06 17:02:41.701  1082  2871 W Utils   : track of type 'audio/mpeg' does not publish channel mask, channel count 1
11-06 17:02:41.704  1082  2871 W Utils   : track of type 'audio/mpeg' does not publish channel mask, channel count 1
11-06 17:02:41.735  1115  1122 I adsprpcd: vendor/qcom/proprietary/adsprpc/src/apps_std_imp.c:848: Successfully opened file /vendor/dsp/adsp/fluence_ef_module_fv9.so.1
11-06 17:02:41.781   747  1885 I chatty  : uid=1041(audioserver) HwBinder:747_E expire 118 lines
11-06 17:02:41.782   866 22848 I chatty  : uid=1041(audioserver) Binder:866_B expire 6 lines
11-06 17:02:41.785  1082  3126 D CCodec  : allocate(c2.android.mp3.decoder)
11-06 17:02:41.786  1119  1535 V C2Store : in init
11-06 17:02:41.786  1119  1535 V C2Store : loading dll
11-06 17:02:41.788  1082  3126 I CCodec  : Created component [c2.android.mp3.decoder]
11-06 17:02:41.789  1082  3126 D CCodecConfig: read media type: audio/mpeg
11-06 17:02:41.799  1082  3126 D ReflectedParamUpdater: extent() != 1 for single value type: algo.buffers.max-count.values
11-06 17:02:41.800  1082  3126 D ReflectedParamUpdater: extent() != 1 for single value type: output.subscribed-indices.values
11-06 17:02:41.800  1082  3126 D ReflectedParamUpdater: extent() != 1 for single value type: input.buffers.allocator-ids.values
11-06 17:02:41.800  1082  3126 D ReflectedParamUpdater: extent() != 1 for single value type: output.buffers.allocator-ids.values
11-06 17:02:41.800  1082  3126 D ReflectedParamUpdater: extent() != 1 for single value type: algo.buffers.allocator-ids.values
11-06 17:02:41.800  1082  3126 D ReflectedParamUpdater: extent() != 1 for single value type: output.buffers.pool-ids.values
11-06 17:02:41.800  1082  3126 D ReflectedParamUpdater: extent() != 1 for single value type: algo.buffers.pool-ids.values
11-06 17:02:41.808  1082  3126 I CCodecConfig: query failed after returning 7 values (BAD_INDEX)
11-06 17:02:41.809  1082  3126 D CCodecConfig: c2 config diff is Dict {
11-06 17:02:41.809  1082  3126 D CCodecConfig:   c2::u32 coded.bitrate.value = 64000
11-06 17:02:41.809  1082  3126 D CCodecConfig:   c2::u32 input.buffers.max-size.value = 8192
11-06 17:02:41.809  1082  3126 D CCodecConfig:   c2::u32 input.delay.value = 0
11-06 17:02:41.809  1082  3126 D CCodecConfig:   string input.media-type.value = "audio/mpeg"
11-06 17:02:41.809  1082  3126 D CCodecConfig:   string output.media-type.value = "audio/raw"
11-06 17:02:41.809  1082  3126 D CCodecConfig:   c2::u32 raw.channel-count.value = 2
11-06 17:02:41.809  1082  3126 D CCodecConfig:   c2::u32 raw.sample-rate.value = 44100
11-06 17:02:41.809  1082  3126 D CCodecConfig: }
11-06 17:02:41.811  1082  3126 D CCodec  : [c2.android.mp3.decoder] buffers are bound to CCodec for this session
11-06 17:02:41.811  1082  3126 D CCodecConfig: no c2 equivalents for durationUs
11-06 17:02:41.811  1082  3126 D CCodecConfig: no c2 equivalents for language
11-06 17:02:41.811  1082  3126 D CCodecConfig: no c2 equivalents for encoder-delay
11-06 17:02:41.811  1082  3126 D CCodecConfig: no c2 equivalents for encoder-padding
11-06 17:02:41.811  1082  3126 D CCodecConfig: no c2 equivalents for file-format
11-06 17:02:41.811  1082  3126 D CCodecConfig: no c2 equivalents for flags
11-06 17:02:41.812  1082  3126 D CCodecConfig: config failed => CORRUPTED
11-06 17:02:41.812  1082  3126 D CCodecConfig: c2 config diff is   c2::u32 raw.channel-count.value = 1
11-06 17:02:41.813  1082  3126 W Codec2Client: query -- param skipped: index = 1107298332.
11-06 17:02:41.813  1082  3126 D CCodec  : client requested max input size 3000, which is smaller than what component recommended (8192); overriding with component recommendation.
11-06 17:02:41.813  1082  3126 W CCodec  : This behavior is subject to change. It is recommended that app developers double check whether the requested max input size is in reasonable range.
11-06 17:02:41.813  1082  3126 D CCodec  : setup formats input: AMessage(what = 0x00000000) = {
11-06 17:02:41.813  1082  3126 D CCodec  :   int32_t channel-count = 1
11-06 17:02:41.813  1082  3126 D CCodec  :   int32_t max-input-size = 8192
11-06 17:02:41.813  1082  3126 D CCodec  :   string mime = "audio/mpeg"
11-06 17:02:41.813  1082  3126 D CCodec  :   int32_t sample-rate = 44100
11-06 17:02:41.813  1082  3126 D CCodec  : } and output: AMessage(what = 0x00000000) = {
11-06 17:02:41.813  1082  3126 D CCodec  :   int32_t channel-count = 1
11-06 17:02:41.813  1082  3126 D CCodec  :   string mime = "audio/raw"
11-06 17:02:41.813  1082  3126 D CCodec  :   int32_t sample-rate = 44100
11-06 17:02:41.813  1082  3126 D CCodec  :   int32_t encoder-delay = 576
11-06 17:02:41.813  1082  3126 D CCodec  :   int32_t encoder-padding = 1408
11-06 17:02:41.813  1082  3126 D CCodec  : }
11-06 17:02:41.818  2458  3218 I chatty  : uid=1000(system) RenderThread expire 1 line
11-06 17:02:41.819  1082  3126 I MediaCodec: MediaCodec will operate in async mode
11-06 17:02:41.820  1082  3126 W Codec2Client: query -- param skipped: index = 1342179345.
11-06 17:02:41.820  1082  3126 W Codec2Client: query -- param skipped: index = 2415921170.
11-06 17:02:41.821  1082  3126 E FMQ     : grantorIdx must be less than 3
11-06 17:02:41.821  1082  3126 E FMQ     : grantorIdx must be less than 3
11-06 17:02:41.821  1082  3126 D BufferPoolAccessor2.0: bufferpool2 0xea4c2668 : 4(261228 size) total buffers - 4(261228 size) used buffers - 12/20 (recycle/alloc) - 8/34 (fetch/transfer)
11-06 17:02:41.821  1082  3126 D CCodecBufferChannel: [c2.android.mp3.decoder#410] Created input block pool with allocatorID 16 => poolID 35 - OK (0)
11-06 17:02:41.822  1119  2377 D BufferPoolAccessor2.0: bufferpool2 0xb40000736dc3f688 : 0(0 size) total buffers - 0(0 size) used buffers - 85/91 (recycle/alloc) - 8/91 (fetch/transfer)
11-06 17:02:41.822  1119  2377 D BufferPoolAccessor2.0: Destruction - bufferpool2 0xb40000736dc3f688 cached: 0/0M, 0/0% in use; allocs: 91, 93% recycled; transfers: 91, 91% unfetched
11-06 17:02:41.823  1119  1361 E FMQ     : grantorIdx must be less than 3
11-06 17:02:41.823  1119  1361 E FMQ     : grantorIdx must be less than 3
11-06 17:02:41.823  1119  1361 D BufferPoolAccessor2.0: bufferpool2 0xb40000736dc44e68 : 0(0 size) total buffers - 0(0 size) used buffers - 12/15 (recycle/alloc) - 3/14 (fetch/transfer)
11-06 17:02:41.823  1082 26528 D BufferPoolAccessor2.0: bufferpool2 0xea4c2e48 : 0(0 size) total buffers - 0(0 size) used buffers - 87/95 (recycle/alloc) - 27/95 (fetch/transfer)
11-06 17:02:41.824  1082 26528 D BufferPoolAccessor2.0: Destruction - bufferpool2 0xea4c2e48 cached: 0/0M, 0/0% in use; allocs: 95, 92% recycled; transfers: 95, 72% unfetched
11-06 17:02:41.824  1082  3126 I CCodecBufferChannel: [c2.android.mp3.decoder#410] Created output block pool with allocatorID 16 => poolID 65 - OK
11-06 17:02:41.825  1082  3126 D CCodecBufferChannel: [c2.android.mp3.decoder#410] Configured output block pool ids 65 => OK
11-06 17:02:41.825  1082  3126 D CCodecBufferChannel: [c2.android.mp3.decoder#410] start: updating output delay 0
11-06 17:02:41.832  1498  1546 V WindowManager: Orientation start waiting for draw, mDrawState=DRAW_PENDING in Window{5a00bda u0 com.sim.simvoicecontrol}, surfaceController Surface(name=)/@0xc29b994
11-06 17:02:41.856  1119  3128 D SimpleC2Component: Using output block pool with poolID 65 => got 65 - 0
11-06 17:02:41.860  1082  3126 E FMQ     : grantorIdx must be less than 3
11-06 17:02:41.862  1119  2377 E FMQ     : grantorIdx must be less than 3
11-06 17:02:41.866  1119  3128 I C2SoftMp3Dec: Reconfiguring decoder: 0->44100 Hz, 0->1 channels
11-06 17:02:41.867  1119  3128 E FMQ     : grantorIdx must be less than 3
11-06 17:02:41.868  1082  1364 E FMQ     : grantorIdx must be less than 3
11-06 17:02:41.869  1082  3126 D CCodecBuffers: [c2.android.mp3.decoder#410:Output[N]] popFromStashAndRegister: output format changed to AMessage(what = 0x00000000) = {
11-06 17:02:41.869  1082  3126 D CCodecBuffers:   int32_t channel-count = 1
11-06 17:02:41.869  1082  3126 D CCodecBuffers:   string mime = "audio/raw"
11-06 17:02:41.869  1082  3126 D CCodecBuffers:   int32_t sample-rate = 44100
11-06 17:02:41.869  1082  3126 D CCodecBuffers:   int32_t encoder-delay = 576
11-06 17:02:41.869  1082  3126 D CCodecBuffers:   int32_t encoder-padding = 1408
11-06 17:02:41.869  1082  3126 D CCodecBuffers: }
11-06 17:02:41.871  1082  3125 I ExtendedNuUtils: Both src and dst missing for bit-width
11-06 17:02:41.871  1082  3125 I ExtendedNuUtils: Overriding durationUs: with 64 bit src value 522448
11-06 17:02:41.871  1082  3125 I ExtendedNuUtils: Both src and dst missing for channel-mask
11-06 17:02:41.883   747 19522 I chatty  : uid=1041(audioserver) HwBinder:747_9 expire 139 lines
11-06 17:02:41.927  1498  4839 I chatty  : uid=1000(system) Binder:1498_D expire 8 lines
11-06 17:02:41.927  1498 22507 I chatty  : uid=1000(system) Binder:1498_19 expire 30 lines
11-06 17:02:41.936   747  4356 I chatty  : uid=1041(audioserver) writer expire 299 lines
11-06 17:02:41.938 19207 19248 I chatty  : uid=1002(bluetooth) BT Service Call expire 96 lines
11-06 17:02:41.979  1082  3124 D AudioTrack: stop(270): called with 21056 frames delivered
11-06 17:02:41.992   750 19336 I chatty  : uid=1002 bluetooth@1.0-s expire 21 lines
11-06 17:02:41.996   752  1248 I chatty  : uid=1047(cameraserver) provider@2.4-se expire 1 line
11-06 17:02:42.059 19207 19338 I chatty  : uid=1002(bluetooth) btu message loo expire 85 lines
11-06 17:02:42.062 19207 19361 I chatty  : uid=1002(bluetooth) e.StateMachines expire 20 lines
11-06 17:02:42.063 19207 19355 I chatty  : uid=1002(bluetooth) BluetoothAvrcpH expire 361 lines
11-06 17:02:42.067 19207 19207 I chatty  : uid=1002(bluetooth) com.android.bluetooth expire 20 lines
11-06 17:02:42.097   752  1258 I chatty  : uid=1047(cameraserver) provider@2.4-se expire 1 line
11-06 17:02:42.173  2798  2810 I chatty  : uid=10215(org.jitsi.meet) HeapTaskDaemon expire 1 line
11-06 17:02:42.263  1498  1546 V WindowManager: Orientation start waiting for draw, mDrawState=DRAW_PENDING in Window{2443c32 u0 com.sim.simvoicecontrol}, surfaceController Surface(name=)/@0xbf5e97e
11-06 17:02:42.523  2458  3131 I chatty  : uid=1000(system) com.sim.simvoicecontrol expire 1 line
11-06 17:02:42.527  2458  3133 I chatty  : uid=1000(system) com.sim.simvoicecontrol expire 2 lines
11-06 17:02:42.608  1092  3108 I OMX-VENC: venc_dev: stats: avg. fps 31.80, bitrate 1063433
11-06 17:02:42.697  2458  3134 I chatty  : uid=1000(system) com.sim.simvoicecontrol expire 1 line
11-06 17:02:42.700  2458  3135 I chatty  : uid=1000(system) com.sim.simvoicecontrol expire 2 lines
11-06 17:02:42.719  1498  1546 I WindowManager: Screen frozen for +1s511ms due to Window{2443c32 u0 com.sim.simvoicecontrol}
11-06 17:02:42.872  2458  2669 I chatty  : uid=1000(system) Thread-1965 expire 2 lines
11-06 17:02:42.887   873   873 W HwcComposer: command 0x4080000 generated error 4
11-06 17:02:42.887   873   873 W HwcComposer: command 0x4080000 generated error 4
11-06 17:02:42.887   873   873 W HwcComposer: command 0x4080000 generated error 411-06 17:02:42.910   873   873 W HwcComposer: command 0x4080000 generated error 4
11-06 17:02:42.911   873   873 W HwcComposer: command 0x4080000 generated error 4
11-06 17:02:42.926   873   873 W HwcComposer: command 0x4080000 generated error 4
11-06 17:02:42.926   873   873 W HwcComposer: command 0x4080000 generated error 4
11-06 17:02:42.944   873   873 W HwcComposer: command 0x4080000 generated error 4
11-06 17:02:42.944   873   873 W HwcComposer: command 0x4080000 generated error 4
11-06 17:02:42.957   873   873 W HwcComposer: command 0x4080000 generated error 4
11-06 17:02:42.957   873   873 W HwcComposer: command 0x4080000 generated error 4
11-06 17:02:42.971   873   873 W HwcComposer: command 0x4080000 generated error 4
11-06 17:02:42.971   873   873 W HwcComposer: command 0x4080000 generated error 4
11-06 17:02:42.984   873   873 W HwcComposer: command 0x4080000 generated error 4
11-06 17:02:42.984   873   873 W HwcComposer: command 0x4080000 generated error 4
11-06 17:02:43.002   873   873 W HwcComposer: command 0x4080000 generated error 4
11-06 17:02:43.002   873   873 W HwcComposer: command 0x4080000 generated error 4
11-06 17:02:43.016   873   873 W HwcComposer: command 0x4080000 generated error 4
11-06 17:02:43.016   873   873 W HwcComposer: command 0x4080000 generated error 4
11-06 17:02:43.035   873   873 W HwcComposer: command 0x4080000 generated error 4
11-06 17:02:43.035   873   873 W HwcComposer: command 0x4080000 generated error 4
11-06 17:02:43.050   873   873 W HwcComposer: command 0x4080000 generated error 4
11-06 17:02:43.050   873   873 W HwcComposer: command 0x4080000 generated error 4
11-06 17:02:43.069   873   873 W HwcComposer: command 0x4080000 generated error 4
11-06 17:02:43.069   873   873 W HwcComposer: command 0x4080000 generated error 4
11-06 17:02:43.085   873   873 W HwcComposer: command 0x4080000 generated error 4
11-06 17:02:43.085   873   873 W HwcComposer: command 0x4080000 generated error 4
11-06 17:02:43.102   873   873 W HwcComposer: command 0x4080000 generated error 4
11-06 17:02:43.103   873   873 W HwcComposer: command 0x4080000 generated error 4
11-06 17:02:43.117   873   873 W HwcComposer: command 0x4080000 generated error 4
11-06 17:02:43.117   873   873 W HwcComposer: command 0x4080000 generated error 4
11-06 17:02:43.137   873   873 W HwcComposer: command 0x4080000 generated error 4
11-06 17:02:43.137   873   873 W HwcComposer: command 0x4080000 generated error 4
11-06 17:02:43.152   873   873 W HwcComposer: command 0x4080000 generated error 4
11-06 17:02:43.152   873   873 W HwcComposer: command 0x4080000 generated error 4
11-06 17:02:43.169   873   873 W HwcComposer: command 0x4080000 generated error 4
11-06 17:02:43.204   873   873 W HwcComposer: command 0x4080000 generated error 4
11-06 17:02:43.246  1498  1545 I ActivityTaskManager: Config changes=20000000 {1.0 ?mcc?mnc [zh_CN] ldltr sw360dp w640dp h336dp 320dpi nrml long land -touch -keyb/v/h -nav/h winConfig={ mBounds=Rect(0, 0 - 1280, 720) mAppBounds=Rect(0, 0 - 1280, 720) mWindowingMode=fullscreen mDisplayWindowingMode=fullscreen mActivityType=undefined mAlwaysOnTop=undefined mRotation=ROTATION_0} s.1355}
11-06 17:02:43.257  1498  1545 I WindowManager: Override config changes=20000000 {1.0 ?mcc?mnc [zh_CN] ldltr sw360dp w640dp h336dp 320dpi nrml long land -touch -keyb/v/h -nav/h winConfig={ mBounds=Rect(0, 0 - 1280, 720) mAppBounds=Rect(0, 0 - 1280, 720) mWindowingMode=fullscreen mDisplayWindowingMode=fullscreen mActivityType=undefined mAlwaysOnTop=undefined mRotation=ROTATION_0} s.1355} for displayId=0
11-06 17:02:43.267  1498  1545 V WindowManager: Orientation start waiting for draw, mDrawState=DRAW_PENDING in Window{7d2e896 u0 com.sim.mousemode}, surfaceController Surface(name=)/@0x2b7ea55
11-06 17:02:43.267  1498  1545 V WindowManager: Orientation start waiting for draw, mDrawState=DRAW_PENDING in Window{1a45dd0 u0 com.sim.simvoicecontrol}, surfaceController Surface(name=)/@0x352a101
11-06 17:02:43.267  1498  1545 V WindowManager: Orientation start waiting for draw, mDrawState=DRAW_PENDING in Window{4a18700 u0 ScreenDecorOverlayBottom}, surfaceController Surface(name=ScreenDecorOverlayBottom)/@0xe5ad3d7
11-06 17:02:43.267  1498  1545 V WindowManager: Orientation start waiting for draw, mDrawState=DRAW_PENDING in Window{6d85050 u0 ScreenDecorOverlay}, surfaceController Surface(name=ScreenDecorOverlay)/@0xd4c7f88
11-06 17:02:43.268  1498  1545 V WindowManager: Orientation start waiting for draw, mDrawState=DRAW_PENDING in Window{8ae073c u0 StatusBar}, surfaceController Surface(name=StatusBar)/@0x28bd9d5
11-06 17:02:43.268  1498  1545 V WindowManager: Orientation start waiting for draw, mDrawState=DRAW_PENDING in Window{ec4cbd1 u0 org.jitsi.meet/org.jitsi.meet.sdk.JitsiMeetActivity}, surfaceController Surface(name=org.jitsi.meet/org.jitsi.meet.sdk.JitsiMeetActivity)/@0xf030ba6
11-06 17:02:43.309  1498 22510 V WindowManager: Orientation start waiting for draw, mDrawState=DRAW_PENDING in Window{6d85050 u0 ScreenDecorOverlay}, surfaceController Surface(name=ScreenDecorOverlay)/@0xd4c7f88
11-06 17:02:43.336  1498  2051 V WindowManager: Orientation start waiting for draw, mDrawState=DRAW_PENDING in Window{4a18700 u0 ScreenDecorOverlayBottom}, surfaceController Surface(name=ScreenDecorOverlayBottom)/@0xe5ad3d7
11-06 17:02:43.339  1092  3108 E OMX-VENC: venc_dev: async_venc_message_thread interrupted to be exited
11-06 17:02:43.342  1092  6898 E BufferQueueProducer: [GraphicBufferSource](id:44400000038,api:1,p:873,c:1092) dequeueBuffer: BufferQueue has been abandoned
11-06 17:02:43.343   873   873 E CompositionEngine: ANativeWindow::dequeueBuffer failed for display [scrcpy] with error: -19
11-06 17:02:43.343   873   873 W CompositionEngine: Dequeuing buffer for display [scrcpy] failed, bailing out of client composition for this frame
11-06 17:02:43.347  1092 23228 I OMX-VENC: Component Deinit
11-06 17:02:43.363  2709  3143 I OMXClient: IOmx service obtained
11-06 17:02:43.364  1092  6898 I OMXMaster: makeComponentInstance(OMX.qcom.video.encoder.avc) in android.hardwar process
11-06 17:02:43.365  1092  6898 D PlatformConfig: getInstance: Enter
11-06 17:02:43.365  1092  6898 D PlatformConfig: getInt32: Returning default
11-06 17:02:43.365  1092  6898 D PlatformConfig: getInstance: Enter
11-06 17:02:43.365  1092  6898 D PlatformConfig: getInt32 Config name: vidc_no_vpss value: 1
11-06 17:02:43.365  1092  6898 D PlatformConfig: getInstance: Enter
11-06 17:02:43.365  1092  6898 D PlatformConfig: getInt32 Config name: vidc_enc_log_in value: 0
11-06 17:02:43.365  1092  6898 D PlatformConfig: getInstance: Enter
11-06 17:02:43.365  1092  6898 D PlatformConfig: getInt32 Config name: vidc_enc_log_out value: 0
11-06 17:02:43.365  1092  6898 D PlatformConfig: getInstance: Enter
11-06 17:02:43.365  1092  6898 D PlatformConfig: getInt32 Config name: vidc_enc_csc_custom_matrix value: 0
11-06 17:02:43.365  1092  6898 D PlatformConfig: getInstance: Enter
11-06 17:02:43.365  1092  6898 D PlatformConfig: getInt32: Returning default
11-06 17:02:43.365  1092  6898 D PlatformConfig: getInstance: Enter
11-06 17:02:43.365  1092  6898 D PlatformConfig: getInt32 Config name: vidc_disable_hdr value: 3
11-06 17:02:43.365  1092  6898 D PlatformConfig: getInstance: Enter
11-06 17:02:43.365  1092  6898 D PlatformConfig: getInt32: Returning default
11-06 17:02:43.365  1092  6898 D PlatformConfig: getInstance: Enter
11-06 17:02:43.365  1092  6898 D PlatformConfig: getInt32: Returning default
11-06 17:02:43.365  1092  6898 D PlatformConfig: getInstance: Enter
11-06 17:02:43.365  1092  6898 D PlatformConfig: getInt32 Config name: vidc_enc_quality_boost_enable value: 1
11-06 17:02:43.367  1092  6898 I OMX-VENC: Component_init : OMX.qcom.video.encoder.avc : return = 0x0
11-06 17:02:43.376  2709  2709 E liusd   : ------------start format monitor---------------
11-06 17:02:43.376  2709  2709 E liusd   : entry.getKey():max-fps-to-encoder
11-06 17:02:43.376  2709  2709 E liusd   : entry.getValue():30.0
11-06 17:02:43.376  2709  2709 E liusd   : i:0
11-06 17:02:43.376  2709  2709 E liusd   : entry.getKey():color-format
11-06 17:02:43.376  2709  2709 E liusd   : entry.getValue():2130708361
11-06 17:02:43.376  2709  2709 E liusd   : i:1
11-06 17:02:43.376  2709  2709 E liusd   : entry.getKey():i-frame-interval
11-06 17:02:43.376  2709  2709 E liusd   : entry.getValue():10
11-06 17:02:43.376  2709  2709 E liusd   : i:2
11-06 17:02:43.376  2709  2709 E liusd   : entry.getKey():mime
11-06 17:02:43.376  2709  2709 E liusd   : entry.getValue():video/avc
11-06 17:02:43.376  2709  2709 E liusd   : i:3
11-06 17:02:43.376  2709  2709 E liusd   : entry.getKey():width
11-06 17:02:43.376  2709  2709 E liusd   : entry.getValue():1280
11-06 17:02:43.376  2709  2709 E liusd   : i:4
11-06 17:02:43.376  2709  2709 E liusd   : entry.getKey():bitrate
11-06 17:02:43.377  2709  2709 E liusd   : entry.getValue():8000000
11-06 17:02:43.377  2709  2709 E liusd   : i:5
11-06 17:02:43.377  2709  2709 E liusd   : entry.getKey():frame-rate
11-06 17:02:43.377  2709  2709 E liusd   : entry.getValue():60
11-06 17:02:43.377  2709  2709 E liusd   : i:6
11-06 17:02:43.377  2709  2709 E liusd   : entry.getKey():repeat-previous-frame-after
11-06 17:02:43.377  2709  2709 E liusd   : entry.getValue():100000
11-06 17:02:43.377  2709  2709 E liusd   : i:7
11-06 17:02:43.377  2709  2709 E liusd   : entry.getKey():height
11-06 17:02:43.377  2709  2709 E liusd   : entry.getValue():720
11-06 17:02:43.377  2709  2709 E liusd   : i:8
11-06 17:02:43.377  2709  2709 E liusd   : ------------end format monitor---------------
11-06 17:02:43.379  1092  6898 I OMX-VENC: WARN: Enable/Disable allocate-native-handle allowed only in secure session
11-06 17:02:43.379  1092  6898 E OMXNodeInstance: setParameter(0xf370c1c4:qcom.encoder.avc, OMX.google.android.index.allocateNativeHandle(0x7f00005d): Input:0 en=0) ERROR: UnsupportedSetting(0x80001019)
11-06 17:02:43.379  1092  6898 I OMX-VENC: WARN: Enable/Disable allocate-native-handle allowed only in secure session
11-06 17:02:43.379  1092  6898 E OMXNodeInstance: setParameter(0xf370c1c4:qcom.encoder.avc, OMX.google.android.index.allocateNativeHandle(0x7f00005d): Output:1 en=0) ERROR: UnsupportedSetting(0x80001019)
11-06 17:02:43.379  1092  6898 I OMX-VENC: WARN: set_parameter: metamode is valid for input port only
11-06 17:02:43.379  1092  6898 W OMXNodeInstance: [0xf370c1c4:qcom.encoder.avc] component does not support metadata mode; using fallback
11-06 17:02:43.379  2709  3143 I ExtendedACodec: setupVideoEncoder()
11-06 17:02:43.380  2709  3143 W OMXUtils: do not know color format 0x7fa30c04 = 2141391876
11-06 17:02:43.380  2709  3143 W OMXUtils: do not know color format 0x7fa30c00 = 2141391872
11-06 17:02:43.381  2709  3143 W OMXUtils: do not know color format 0x7f000789 = 2130708361
11-06 17:02:43.384  1092  6898 I OMX-VENC: venc_dev: WARN: Unsupported eColorFormat 0x7f000789
11-06 17:02:43.385  1092  6898 I OMX-VENC: venc_dev: v4l2 profile : 1 flags : 131095 
11-06 17:02:43.386  1092  6898 I OMX-VENC: venc_dev: v4l2 profile : 0 flags : 131095 
11-06 17:02:43.386  1092  6898 I OMX-VENC: venc_dev: v4l2 profile : 2 flags : 131095 
11-06 17:02:43.386  1092  6898 I OMX-VENC: venc_dev: v4l2 profile : 17 flags : 131095 
11-06 17:02:43.387  1092  6898 I OMX-VENC: venc_dev: v4l2 profile : 4 flags : 131095 
11-06 17:02:43.388  2709  3143 I ACodec  : setupAVCEncoderParameters with [profile: High] [level: Level1]
11-06 17:02:43.391  2709  3143 I ACodec  : [OMX.qcom.video.encoder.avc] cannot encode HDR static metadata. Ignoring.
11-06 17:02:43.391  2709  3143 I ACodec  : setupVideoEncoder succeeded
11-06 17:02:43.391  2709  3143 I ExtendedACodec: [OMX.qcom.video.encoder.avc] configure, AMessage : AMessage(what = 'conf', target = 10) = {
11-06 17:02:43.391  2709  3143 I ExtendedACodec:   float max-fps-to-encoder = 30.000000
11-06 17:02:43.391  2709  3143 I ExtendedACodec:   int32_t color-format = 2130708361
11-06 17:02:43.391  2709  3143 I ExtendedACodec:   int32_t i-frame-interval = 10
11-06 17:02:43.391  2709  3143 I ExtendedACodec:   string mime = "video/avc"
11-06 17:02:43.391  2709  3143 I ExtendedACodec:   int32_t width = 1280
11-06 17:02:43.391  2709  3143 I ExtendedACodec:   int32_t bitrate = 8000000
11-06 17:02:43.391  2709  3143 I ExtendedACodec:   int32_t frame-rate = 60
11-06 17:02:43.391  2709  3143 I ExtendedACodec:   int64_t repeat-previous-frame-after = 100000
11-06 17:02:43.391  2709  3143 I ExtendedACodec:   int32_t height = 720
11-06 17:02:43.391  2709  3143 I ExtendedACodec:   int32_t flags = 1
11-06 17:02:43.391  2709  3143 I ExtendedACodec:   int32_t encoder = 1
11-06 17:02:43.391  2709  3143 I ExtendedACodec: }
11-06 17:02:43.395  2709  3143 W OMXUtils: do not know color format 0x7f000789 = 2130708361
11-06 17:02:43.395  1092  6898 E OMX-VENC: ERROR: unsupported index 1870659589
11-06 17:02:43.395  1092  6898 E OMXNodeInstance: getConfig(0xf370c1c4:qcom.encoder.avc, ConfigLatency(0x6f800005)) ERROR: UnsupportedIndex(0x8000101a)
11-06 17:02:43.408  1092 23228 E OMXNodeInstance: getConfig(0xf370c1c4:qcom.encoder.avc, ??(0x7f000062)) ERROR: UnsupportedSetting(0x80001019)
11-06 17:02:43.408  1092 23228 I OMX-VENC: venc_dev: venc_get_consumer_usage 0x0
11-06 17:02:43.408  1092 23228 D GraphicBufferSource: setting dataspace: 0x104, acquired=0
11-06 17:02:43.408  1092 23228 I OMX-VENC: venc_dev: venc_get_consumer_usage 0x0
11-06 17:02:43.409  1092 23228 D GraphicBufferSource: requesting color aspects (R:2(Limited), P:1(BT709_5), M:1(BT709_5), T:3(SMPTE170M))
11-06 17:02:43.427   873   873 W H2BGraphicBufferProducer: getConsumerUsage is not fully supported
11-06 17:02:43.427   873   873 E CompositionEngine:  SetConfiguration mIsVirtual 1
11-06 17:02:43.428   791   984 I libdisplayconfigqti: Register client name: scrcpy873 device client: 0xb4000072ecf25690
11-06 17:02:43.447  1082  2984 W ResourceManagerService: Ignoring request to add new resource entry with value <= 0
11-06 17:02:43.449  1092  3144 D GraphicBufferSource: got buffer with new dataSpace #104
11-06 17:02:43.454  1092  3150 I OMX-VENC: get_config (dataspace changed): ColorSpace: Recommend 601 for RGBA8888
11-06 17:02:43.454  1092  3150 D OMXNodeInstance: Codec resolved it to (R:2(??), P:3(??), M:3(??), T:3(??)) err=0(NO_ERROR)
11-06 17:02:43.454  1092  3150 E OMXNodeInstance: setConfig(0xf370c1c4:qcom.encoder.avc, ??(0x7f000062)) ERROR: UnsupportedSetting(0x80001019)
11-06 17:02:43.454  1092  3144 W C2DColorConvert: calcYSize: Format not supported , 6
11-06 17:02:43.454  2709  3143 D ACodec  : dataspace changed to 0x10c10000 (R:2(Limited), P:3(BT601_6_625), M:3(BT601_6), T:3(SMPTE170M)) (R:2(Limited), S:2(BT601_625), T:3(SMPTE_170M))
11-06 17:02:43.588  1498  1546 V WindowManager: Orientation start waiting for draw, mDrawState=DRAW_PENDING in Window{a195dcf u0 com.sim.simvoicecontrol}, surfaceController Surface(name=)/@0xb715506
11-06 17:02:43.672  2798  2862 I chatty  : uid=10215(org.jitsi.meet) pool-3-thread-1 expire 6 lines
11-06 17:02:43.673  1498  2625 I chatty  : uid=1000(system) Binder:1498_C expire 9 lines
11-06 17:02:43.675  1498  4839 V WindowManager: Orientation start waiting for draw, mDrawState=DRAW_PENDING in Window{c4991f4 u0 com.sim.simvoicecontrol}, surfaceController Surface(name=)/@0x43dbb92
11-06 17:02:43.675   866   866 I chatty  : uid=1041(audioserver) /system/bin/audioserver expire 10 lines
11-06 17:02:43.690  1498  2051 I chatty  : uid=1000(system) Binder:1498_7 expire 3 lines
11-06 17:02:43.692   616   711 W Netd    : SIMT: subsystem found in netlink event: qlog, ACTION: 3
11-06 17:02:43.739  1498  1546 I WindowManager: Screen frozen for +544ms due to Window{c4991f4 u0 com.sim.simvoicecontrol}
11-06 17:02:43.812  1498  2123 I chatty  : uid=1000(system) Binder:1498_9 expire 35 lines
11-06 17:02:43.835   873   873 W HwcComposer: command 0x4080000 generated error 4
11-06 17:02:43.849   873   873 W HwcComposer: command 0x4080000 generated error 4
11-06 17:02:43.858   750   750 I chatty  : uid=1002 bluetooth@1.0-s expire 4 lines
11-06 17:02:43.871   873   873 W HwcComposer: command 0x4080000 generated error 4
11-06 17:02:43.887   873   873 W HwcComposer: command 0x4080000 generated error 4
11-06 17:02:43.902  1498 22510 I chatty  : uid=1000(system) Binder:1498_1A expire 19 lines
11-06 17:02:43.903   873   873 W HwcComposer: command 0x4080000 generated error 4
11-06 17:02:43.929   873   873 W HwcComposer: command 0x4080000 generated error 4
11-06 17:02:43.929   873   873 W HwcComposer: command 0x4080000 generated error 4
11-06 17:02:43.949   873   873 W HwcComposer: command 0x4080000 generated error 4
11-06 17:02:43.949   873   873 W HwcComposer: command 0x4080000 generated error 4
11-06 17:02:43.967   873   873 W HwcComposer: command 0x4080000 generated error 4
11-06 17:02:43.967   873   873 W HwcComposer: command 0x4080000 generated error 4
11-06 17:02:43.989   873   873 W HwcComposer: command 0x4080000 generated error 4
11-06 17:02:43.989   873   873 W HwcComposer: command 0x4080000 generated error 4
11-06 17:02:44.004   873   873 W HwcComposer: command 0x4080000 generated error 4
11-06 17:02:44.004   873   873 W HwcComposer: command 0x4080000 generated error 4
11-06 17:02:44.028   873   873 W HwcComposer: command 0x4080000 generated error 4
11-06 17:02:44.044   873   873 W HwcComposer: command 0x4080000 generated error 4
11-06 17:02:44.059   873   873 W HwcComposer: command 0x4080000 generated error 4
11-06 17:02:44.059   873   873 W HwcComposer: command 0x4080000 generated error 4
11-06 17:02:44.073   873   873 W HwcComposer: command 0x4080000 generated error 4
11-06 17:02:44.090   873   873 W HwcComposer: command 0x4080000 generated error 4
11-06 17:02:44.106   873   873 W HwcComposer: command 0x4080000 generated error 4
11-06 17:02:44.106   873   873 W HwcComposer: command 0x4080000 generated error 4
11-06 17:02:44.123   873   873 W HwcComposer: command 0x4080000 generated error 4
11-06 17:02:44.123   873   873 W HwcComposer: command 0x4080000 generated error 4
11-06 17:02:44.137  1498  1498 D NotificationService: 0|org.jitsi.meet|47959|null|10215: granting content://settings/system/notification_sound
11-06 17:02:44.138  1498  1498 I chatty  : uid=1000(system) Binder:1498_3 identical 1 line
11-06 17:02:44.139  1498  1498 D NotificationService: 0|org.jitsi.meet|47959|null|10215: granting content://settings/system/notification_sound
11-06 17:02:44.141   873   873 W HwcComposer: command 0x4080000 generated error 4
11-06 17:02:44.141   873   873 W HwcComposer: command 0x4080000 generated error 4
11-06 17:02:44.146  1498  1498 W NotificationHistory: Attempted to add notif for locked/gone/disabled user 0
11-06 17:02:44.154  1498  1498 W Looper  : Slow dispatch took 221ms main h=com.android.server.notification.NotificationManagerService$WorkerHandler c=com.android.server.notification.NotificationManagerService$PostNotificationRunnable@a7d1a54 m=0
11-06 17:02:44.154  1931  2420 I vol.Events: writeEvent level_changed STREAM_RING 5
11-06 17:02:44.154   866  7839 I chatty  : uid=1041(audioserver) Binder:866_8 expire 3 lines
11-06 17:02:44.160  1498  1832 I chatty  : uid=1000(system) AudioDeviceBrok expire 3 lines
11-06 17:02:44.161  1498  1498 W Looper  : Slow delivery took 216ms main h=com.android.server.notification.NotificationManagerService$WorkerHandler c=com.android.server.notification.NotificationManagerService$PostNotificationRunnable@42a6af2 m=0
11-06 17:02:44.163   873   873 W HwcComposer: command 0x4080000 generated error 4
11-06 17:02:44.163   873   873 W HwcComposer: command 0x4080000 generated error 4
11-06 17:02:44.165 19207 19376 I chatty  : uid=1002(bluetooth) Binder:19207_7 expire 22 lines
11-06 17:02:44.172  1498  2051 I Telecom : BluetoothPhoneService: isCsCallInProgress: false
11-06 17:02:44.179   873   873 W HwcComposer: command 0x4080000 generated error 4
11-06 17:02:44.179   873   873 W HwcComposer: command 0x4080000 generated error 4
11-06 17:02:44.182  1082  2984 D NuPlayerDriver: NuPlayerDriver(0xed4410f0) created, clientPid(1931)
11-06 17:02:44.185   866  1696 I chatty  : uid=1041(audioserver) Binder:866_6 expire 8 lines
11-06 17:02:44.188  1498  1498 W Looper  : Drained
11-06 17:02:44.191  1931  2420 I vol.Events: writeEvent level_changed STREAM_MUSIC 3
11-06 17:02:44.198   873   873 W HwcComposer: command 0x4080000 generated error 4
11-06 17:02:44.198   873   873 W HwcComposer: command 0x4080000 generated error 4
11-06 17:02:44.210  1498  2051 I Telecom : BluetoothPhoneService: isCsCallInProgress: false
11-06 17:02:44.211  1082  2984 I ExtendedNuUtils: printFileName fd(88) -> /data/system_de/0/ringtones/notification_sound_cache
11-06 17:02:44.211  1498 22510 I Telecom : BluetoothPhoneService: isCsCallInProgress: false
11-06 17:02:44.215   873   873 W HwcComposer: command 0x4080000 generated error 4
11-06 17:02:44.215   873   873 W HwcComposer: command 0x4080000 generated error 4
11-06 17:02:44.223  1498  1498 I Telecom : BluetoothStateReceiver: Device CC:14:BC:18:C0:EE transitioned to audio state 11: BSR.oR@AuQ
11-06 17:02:44.224  1931  2090 D CachedBluetoothDevice: onProfileStateChanged: profile HEADSET, device=CC:14:BC:18:C0:EE, newProfileState 2
11-06 17:02:44.226  1082  3161 D GenericSource: FileSource remote
11-06 17:02:44.228  1931  1931 D InterruptionStateProvider: No heads up: unimportant notification: 0|org.jitsi.meet|47959|null|10215
11-06 17:02:44.230  1074  1918 I MMParserExtractor: Created(0xb400006e14e0dc70)
11-06 17:02:44.231  1074  1918 E Utils   : did not find channel-count and/or sample-rate
11-06 17:02:44.233  1074  1918 E Utils   : did not find channel-count and/or sample-rate
11-06 17:02:44.241   873   873 W HwcComposer: command 0x4080000 generated error 4
11-06 17:02:44.242   873   873 W HwcComposer: command 0x4080000 generated error 4
11-06 17:02:44.250  1074 25379 D MediaBufferGroup: creating MemoryDealer
11-06 17:02:44.269 19207 31719 I chatty  : uid=1002(bluetooth) Binder:19207_9 expire 1 line
11-06 17:02:44.271  1931  1931 D InterruptionStateProvider: No heads up: unimportant notification: 0|org.jitsi.meet|47959|null|10215
11-06 17:02:44.274 19207 31722 I chatty  : uid=1002(bluetooth) Binder:19207_A expire 24 lines
11-06 17:02:44.282  1498  1498 I Telecom : BluetoothStateReceiver: Device CC:14:BC:18:C0:EE transitioned to audio state 12: BSR.oR@AuU
11-06 17:02:44.282  1498  1498 I Telecom : BluetoothStateReceiver: Ignoring BT audio on since we're not in a call: BSR.oR@AuU
11-06 17:02:44.307  1931  2090 D CachedBluetoothDevice: onProfileStateChanged: profile HEADSET, device=CC:14:BC:18:C0:EE, newProfileState 2
11-06 17:02:44.324  1931  2090 D CachedBluetoothDevice: onProfileStateChanged: profile HEADSET, device=CC:14:BC:18:C0:EE, newProfileState 2
11-06 17:02:44.332  1931  2090 D CachedBluetoothDevice: onProfileStateChanged: profile HEADSET, device=CC:14:BC:18:C0:EE, newProfileState 2
11-06 17:02:44.484   752  1245 I chatty  : uid=1047(cameraserver) provider@2.4-se expire 2 lines
11-06 17:02:44.508  1092  3147 I OMX-VENC: venc_dev: stats: avg. fps 28.25, bitrate 3998151
11-06 17:02:44.531  2458  3166 I chatty  : uid=1000(system) com.sim.simvoicecontrol expire 1 line
11-06 17:02:44.532  2458  3167 I chatty  : uid=1000(system) com.sim.simvoicecontrol expire 2 lines
11-06 17:02:44.564   752  1257 I chatty  : uid=1047(cameraserver) provider@2.4-se expire 1 line
11-06 17:02:44.603   752  1258 I chatty  : uid=1047(cameraserver) provider@2.4-se expire 1 line
11-06 17:02:44.645   752  1245 I chatty  : uid=1047(cameraserver) provider@2.4-se expire 1 line
11-06 17:02:44.684   752  1246 I chatty  : uid=1047(cameraserver) provider@2.4-se expire 1 line
11-06 17:02:44.725   752  1245 I chatty  : uid=1047(cameraserver) provider@2.4-se expire 1 line
11-06 17:02:44.767   752  1258 I chatty  : uid=1047(cameraserver) provider@2.4-se expire 1 line
11-06 17:02:44.794  1082  3158 I GenericSource: start
11-06 17:02:44.795  1931  1931 V MediaRouter: Selecting route: RouteInfo{ name=EDIFIER W280NB, description=      , status=null, category=RouteCategory{ name= types=ROUTE_TYPE_LIVE_AUDIO ROUTE_TYPE_LIVE_VIDEO  groupable=false }, supportedTypes=ROUTE_TYPE_LIVE_AUDIO , presentationDisplay=null }
11-06 17:02:44.797  1082  3158 W Utils   : track of type 'audio/vorbis' does not publish channel mask, channel count 2
11-06 17:02:44.803  1082  3158 W Utils   : track of type 'audio/vorbis' does not publish channel mask, channel count 2
11-06 17:02:44.810  1082  3170 D CCodec  : allocate(c2.android.vorbis.decoder)
11-06 17:02:44.814  1082  3170 I CCodec  : Created component [c2.android.vorbis.decoder]
11-06 17:02:44.814  1082  3170 D CCodecConfig: read media type: audio/vorbis
11-06 17:02:44.815   752  1248 I chatty  : uid=1047(cameraserver) provider@2.4-se expire 2 lines
11-06 17:02:44.816  1082  3170 D ReflectedParamUpdater: extent() != 1 for single value type: algo.buffers.max-count.values
11-06 17:02:44.816  1082  3170 D ReflectedParamUpdater: extent() != 1 for single value type: output.subscribed-indices.values
11-06 17:02:44.816  1082  3170 D ReflectedParamUpdater: extent() != 1 for single value type: input.buffers.allocator-ids.values
11-06 17:02:44.816  1082  3170 D ReflectedParamUpdater: extent() != 1 for single value type: output.buffers.allocator-ids.values
11-06 17:02:44.817  1082  3170 D ReflectedParamUpdater: extent() != 1 for single value type: algo.buffers.allocator-ids.values
11-06 17:02:44.817  1082  3170 D ReflectedParamUpdater: extent() != 1 for single value type: output.buffers.pool-ids.values
11-06 17:02:44.817  1082  3170 D ReflectedParamUpdater: extent() != 1 for single value type: algo.buffers.pool-ids.values
11-06 17:02:44.818  1082  3170 I CCodecConfig: query failed after returning 7 values (BAD_INDEX)
11-06 17:02:44.818  1082  3170 D CCodecConfig: c2 config diff is Dict {
11-06 17:02:44.818  1082  3170 D CCodecConfig:   c2::u32 coded.bitrate.value = 64000
11-06 17:02:44.818  1082  3170 D CCodecConfig:   c2::u32 input.buffers.max-size.value = 32768
11-06 17:02:44.818  1082  3170 D CCodecConfig:   c2::u32 input.delay.value = 0
11-06 17:02:44.818  1082  3170 D CCod